04-03 19:41:40.324  1806  5164 V WindowManager: Collecting in transition 1062: Task{b0f90d #121 type=standard A=10408:org.test.myapp}, caller=com.android.server.wm.Transition.collectExistenceChange:886 com.android.server.wm.TransitionController.collectExistenceChange:908 com.android.server.wm.ActivityStarter.setNewTask:4516 com.android.server.wm.ActivityStarter.startActivityInner:2783 com.android.server.wm.ActivityStarter.startActivityUnchecked:2252 
04-03 19:41:40.326  1298  1361 E BufferQueueDebug: [ActivityRecord{5aeacdf u0 org.test.myapp/org.kivy.android.PythonActivity t121}#16492](this:0xb4000071fe8caaa0,id:-1,api:0,p:-1,c:-1) id info cannot be read from 'ActivityRecord{5aeacdf u0 org.test.myapp/org.kivy.android.PythonActivity t121}#16492'
04-03 19:41:40.326  1298  1361 I BufferQueueDebug: [ActivityRecord{5aeacdf u0 org.test.myapp/org.kivy.android.PythonActivity t121}#16492](this:0xb4000071fe8caaa0,id:-1,api:0,p:-1,c:-1) BufferQueue core=(1298:/system/bin/surfaceflinger)
04-03 19:41:40.326  1298  1361 I SurfaceFlinger: id=16492 createSurf, flag=84004, ActivityRecord{5aeacdf u0 org.test.myapp/org.kivy.android.PythonActivity t121}#16492
04-03 19:41:40.332  1806  5164 D ActivityTaskManager: Add starting ActivityRecord{5aeacdf u0 org.test.myapp/org.kivy.android.PythonActivity t121}: typeParam=11 startingData=com.android.server.wm.SplashScreenStartingData@67e0ed3
04-03 19:41:40.333   711   711 I Finsky  : [2] VerifyInstallTask.akX(71): VerifyApps: Verification complete: id=45, package_name=org.test.myapp
04-03 19:41:40.333  1806  5164 V WindowManager: Added starting ActivityRecord{5aeacdf u0 org.test.myapp/org.kivy.android.PythonActivity t121}: startingWindow=null startingView=com.android.server.wm.StartingSurfaceController$StartingSurface@a011909
04-03 19:41:40.336  1806  5164 V WindowManager: Collecting in transition 1062: ActivityRecord{5aeacdf u0 org.test.myapp/org.kivy.android.PythonActivity t121}, caller=com.android.server.wm.Transition.collectExistenceChange:886 com.android.server.wm.TransitionController.collectExistenceChange:908 com.android.server.wm.ActivityStarter.handleStartResult:2423 com.android.server.wm.ActivityStarter.startActivityUnchecked:2257 com.android.server.wm.ActivityStarter.executeRequest:1839 
04-03 19:41:40.337  1806  5164 I ActivityTaskManager: START u0 {act=org.kivy.android.PythonActivity flg=0x10000000 cmp=org.test.myapp/org.kivy.android.PythonActivity} with LAUNCH_SINGLE_TASK from uid 2000 (BAL_ALLOW_PERMISSION) result code=0
04-03 19:41:40.337  2486  2558 V WindowManagerShell: Transition requested: android.os.BinderProxy@afd2868 TransitionRequestInfo { type = OPEN, triggerTask = TaskInfo{userId=0 taskId=121 displayId=0 isRunning=true baseIntent=Intent { act=org.kivy.android.PythonActivity flg=0x10000000 cmp=org.test.myapp/org.kivy.android.PythonActivity } baseActivity=ComponentInfo{org.test.myapp/org.kivy.android.PythonActivity} topActivity=ComponentInfo{org.test.myapp/org.kivy.android.PythonActivity} origActivity=null realActivity=ComponentInfo{org.test.myapp/org.kivy.android.PythonActivity} numActivities=1 lastActiveTime=438382545 supportsMultiWindow=true resizeMode=1 isResizeable=true minWidth=-1 minHeight=-1 maxWidth=-1 maxHeight=-1 defaultMinSize=220 token=WCT{android.window.IWindowContainerToken$Stub$Proxy@88a1481} topActivityType=1 pictureInPictureParams=null shouldDockBigOverlays=false launchIntoPipHostTaskId=-1 lastParentTaskIdBeforePip=-1 displayCutoutSafeInsets=Rect(0, 75 - 0, 0) topActivityInfo=ActivityInfo{1d03926 org.kivy.android.PythonActivity} launchCookies=[] positionInParent=Point(0, 0) parentTaskId=-1 isFocused=false isVisible=false isVisibleRequested=false isSleeping=false topActivityInSizeCompat=false topActivityEligibleForLetterboxEducation= false topActivityLetterboxed= false isFromDoubleTap= false topActivityLetterboxVerticalPosition= -1 topActivityLetterboxHorizontalPosition= -1 topActivityLetterboxWidth=-1 topActivityLetterboxHeight=-1 locusId=null displayAreaFeatureId=1 cameraCompatControlState=hidden originallySupportedMultiWindow=true hasWallpaper=false topActivityInFixedAspectRatio=false rootAffinity=10408:org.test.myapp topActivityInDisplayCompat=false topActivityInBoundsCompat=false topActivityBounds=null singleTapFromLetterbox=false isTopTaskInStage=false topActivityUiMode=33 CoverLauncherWidgetTask=false CoverScreenTask=false isAllowedSeamlessRotation=false}, remoteTransition = null, displayChange = null }
04-03 19:41:40.351  1806  5836 V WindowManager: Collecting in transition 1062: ActivityRecord{5aeacdf u0 org.test.myapp/org.kivy.android.PythonActivity t121}, caller=com.android.server.wm.TransitionController.collect:866 com.android.server.wm.ActivityRecord.setVisibility:6243 com.android.server.wm.ActivityRecord.setVisibility:6190 com.android.server.wm.EnsureActivitiesVisibleHelper.makeVisibleAndRestartIfNeeded:327 com.android.server.wm.EnsureActivitiesVisibleHelper.setActivityVisibilityState:251 
04-03 19:41:40.356  1806  3720 D WindowManager: prepareSync <SYNC_STATE_WAITING_FOR_DRAW>, mPrepareSyncSeqId=0, win=Window{5c0852b u0 Splash Screen org.test.myapp}
04-03 19:41:40.357  1298  1880 E BufferQueueDebug: [5c0852b Splash Screen org.test.myapp#16493](this:0xb4000071fe6beb20,id:-1,api:0,p:-1,c:-1) id info cannot be read from '5c0852b Splash Screen org.test.myapp#16493'
04-03 19:41:40.357  1298  1880 I BufferQueueDebug: [5c0852b Splash Screen org.test.myapp#16493](this:0xb4000071fe6beb20,id:-1,api:0,p:-1,c:-1) BufferQueue core=(1298:/system/bin/surfaceflinger)
04-03 19:41:40.358  3006 20258 I HoneySpace.TopTaskUseCase: topTasks 121 ComponentInfo{org.test.myapp/org.kivy.android.PythonActivity}
04-03 19:41:40.358  1298  1880 I SurfaceFlinger: id=16493 createSurf, flag=84004, 5c0852b Splash Screen org.test.myapp#16493
04-03 19:41:40.358  1806  3720 V WindowManager: addWindow: ActivityRecord{5aeacdf u0 org.test.myapp/org.kivy.android.PythonActivity t121} startingWindow=Window{5c0852b u0 Splash Screen org.test.myapp}
04-03 19:41:40.359  1806  3720 D WindowManager: rotationForOrientation, orientationSource=ActivityRecord{5aeacdf u0 org.test.myapp/org.kivy.android.PythonActivity t121}
04-03 19:41:40.363  2486  2572 D InsetsController: onStateChanged: host=Splash Screen org.test.myapp from=android.view.ViewRootImpl.setView:1717 state=InsetsState: {mDisplayFrame=Rect(0, 0 - 1080, 2340), mDisplayCutout=DisplayCutout{insets=Rect(0, 75 - 0, 0) waterfall=Insets{left=0, top=0, right=0, bottom=0} boundingRect={Bounds=[Rect(0, 0 - 0, 0), Rect(468, 0 - 612, 75), Rect(0, 0 - 0, 0), Rect(0, 0 - 0, 0)]} cutoutPathParserInfo={CutoutPathParserInfo{displayWidth=1080 displayHeight=2340 physicalDisplayWidth=1080 physicalDisplayHeight=2340 density={2.8125} cutoutSpec={M 0,0 H -25.6 V 26.66666666666667 H 25.6 V 0 H 0 Z @dp} rotation={0} scale={1.0} physicalPixelDisplaySizeRatio={1.0}}}}, mRoundedCorners=RoundedCorners{[RoundedCorner{position=TopLeft, radius=0, center=Point(0, 0)}, RoundedCorner{position=TopRight, radius=0, center=Point(0, 0)}, RoundedCorner{position=BottomRight, radius=0, center=Point(0, 0)}, RoundedCorner{position=BottomLeft, radius=0, center=Point(0, 0)}]}  mRoundedCornerFrame=Rect(0, 0 - 1080, 2340), mPrivacyIndicatorBounds=PrivacyIndicatorBounds {static bounds=Rect(956, 0 - 1080, 75) rotation=0}, mDisplayShape=DisplayShape{ spec=-1084927657 displayWidth=1080 displayHeight=2340 physicalPixelDisplaySizeRatio=1.0 rotation=0 offsetX=0 offsetY=0 scale=1.0}, mSources= { InsetsSource: {3 mType=ime mFrame=[0,0][0,0] mVisible=false mFlags=[]}, InsetsSource: {27 mType=displayCutout mFrame=[0,0][1080,75] mVisible=true mFlags=[]}, InsetsSource: {2ef60001 mType=navigationBars mFrame=[0,2205][1080,2340] mVisible=true mFlags=[]}, InsetsSource: {2ef60004 mType=systemGestures mFrame=[0,0][0,0] mVisible=true mFlags=[]}, InsetsSource: {2ef60005 mType=mandatorySystemGestures mFrame=[0,2205][1080,2340] mVisible=true mFlags=[]}, InsetsSource: {2ef60006 mType=tappableElement mFrame=[0,2205][1080,2340] mVisible=true mFlags=[]}, InsetsSource: {2ef60024 mType=systemGestures mFrame=[0,0][0,0] mVisible=true mFlags=[]}, InsetsSource: {40b30000 mType=statusBars mFrame=[0,0][1080,75] mVisible=true mFlags=[]}, InsetsSource: {40b30005 mType=mandatorySystemGestures mFrame=[0,0][1080,109] mVisible=true mFlags=[]}, InsetsSource: {40b30006 mType=tappableElement mFrame=[0,0][1080,75] mVisible=true mFlags=[]} }
04-03 19:41:40.364  2486  2572 I ViewRootImpl@761967[myapp]: synced displayState. AttachInfo displayState=2
04-03 19:41:40.364  2486  2572 I ViewRootImpl@761967[myapp]: setView = android.widget.FrameLayout@7ba9c80 TM=true
04-03 19:41:40.405  1806  1961 D CoreBackPreview: Window{5c0852b u0 Splash Screen org.test.myapp}: Setting back callback OnBackInvokedCallbackInfo{mCallback=android.window.IOnBackInvokedCallback$Stub$Proxy@3048a73, mPriority=0, mIsAnimationCallback=false}
04-03 19:41:40.406  1806  1961 V WindowManager: Relayout Window{5c0852b u0 Splash Screen org.test.myapp}: viewVisibility=0 req=1080x2340 d0
04-03 19:41:40.407  1298  1360 E BufferQueueDebug: [Splash Screen org.test.myapp$_2486#16494](this:0xb4000071fe87aee0,id:-1,api:0,p:-1,c:-1) id info cannot be read from 'Splash Screen org.test.myapp$_2486#16494'
04-03 19:41:40.407  1298  1360 I BufferQueueDebug: [Splash Screen org.test.myapp$_2486#16494](this:0xb4000071fe87aee0,id:-1,api:0,p:-1,c:-1) BufferQueue core=(1298:/system/bin/surfaceflinger)
04-03 19:41:40.407  1298  1360 I SurfaceFlinger: id=16494 createSurf, flag=44004, Splash Screen org.test.myapp$_2486#16494
04-03 19:41:40.408  1806  1961 D WindowManager: makeSurface duration=2 name=Splash Screen org.test.myapp$_2486
04-03 19:41:40.416  1806  1849 I ActivityManager: Start proc 20681:org.test.myapp/u0a408 for next-top-activity {org.test.myapp/org.kivy.android.PythonActivity}
04-03 19:41:40.416  1806  1849 D DynamicHiddenApp_BGProtectManager: [SecIpm] it's a ML_TYPE_EMPTYPROCESS protected process org.test.myapp
04-03 19:41:40.427 20681 20681 I org.test.myapp: Late-enabling -Xcheck:jni
04-03 19:41:40.429  2486  2572 I BLASTBufferQueue_Java: new BLASTBufferQueue, mName= ViewRootImpl@761967[myapp] mNativeObject= 0xb4000079c0fc4b10 sc.mNativeObject= 0xb400007940d1b450 caller= android.view.ViewRootImpl.updateBlastSurfaceIfNeeded:2979 android.view.ViewRootImpl.relayoutWindow:9998 android.view.ViewRootImpl.performTraversals:4056 android.view.ViewRootImpl.doTraversal:3239 android.view.ViewRootImpl$TraversalRunnable.run:11197 android.view.Choreographer$CallbackRecord.run:1650 android.view.Choreographer$CallbackRecord.run:1659 android.view.Choreographer.doCallbacks:1129 android.view.Choreographer.doFrame:1055 android.view.Choreographer$FrameDisplayEventReceiver.run:1622 
04-03 19:41:40.429  2486  2572 I BLASTBufferQueue_Java: update, w= 1080 h= 2340 mName = ViewRootImpl@761967[myapp] mNativeObject= 0xb4000079c0fc4b10 sc.mNativeObject= 0xb400007940d1b450 format= -3 caller= android.graphics.BLASTBufferQueue.<init>:89 android.view.ViewRootImpl.updateBlastSurfaceIfNeeded:2979 android.view.ViewRootImpl.relayoutWindow:9998 android.view.ViewRootImpl.performTraversals:4056 android.view.ViewRootImpl.doTraversal:3239 android.view.ViewRootImpl$TraversalRunnable.run:11197 
04-03 19:41:40.430  2486  2572 I ViewRootImpl@761967[myapp]: Relayout returned: old=(0,0,1080,2340) new=(0,0,1080,2340) req=(1080,2340)0 dur=23 res=0x403 s={true 0xb400007990e39270} ch=true seqId=0
04-03 19:41:40.430  2486  2572 I ViewRootImpl@761967[myapp]: performConfigurationChange setNightDimText nightDimLevel=0
04-03 19:41:40.431  2486  2572 D ViewRootImpl@761967[myapp]: mThreadedRenderer.initialize() mSurface={isValid=true 0xb400007990e39270} hwInitialized=true
04-03 19:41:40.433  2486  2572 D ViewRootImpl@761967[myapp]: reportNextDraw android.view.ViewRootImpl.performTraversals:4658 android.view.ViewRootImpl.doTraversal:3239 android.view.ViewRootImpl$TraversalRunnable.run:11197 android.view.Choreographer$CallbackRecord.run:1650 android.view.Choreographer$CallbackRecord.run:1659 
04-03 19:41:40.433  2486  2572 D ViewRootImpl@761967[myapp]: Setup new sync=wmsSync-ViewRootImpl@761967[myapp]#67
04-03 19:41:40.433  2486  2572 D ViewRootImpl@761967[myapp]: Creating new active sync group ViewRootImpl@761967[myapp]#68
04-03 19:41:40.433 19286 19286 I Routine@Core[4.5.00.54]: MetadataLoaderJobService: metadataLoadingFinished: collectPackageInBG - org.test.myapp
04-03 19:41:40.434  2486  2572 D ViewRootImpl@761967[myapp]: registerCallbacksForSync syncBuffer=false
04-03 19:41:40.437  2486  3546 D ViewRootImpl@761967[myapp]: Received frameDrawingCallback syncResult=0 frameNum=1.
04-03 19:41:40.437  2486  3546 I ViewRootImpl@761967[myapp]: mWNT: t=0xb4000079f0cb5d70 mBlastBufferQueue=0xb4000079c0fc4b10 fn= 1 caller= android.view.ViewRootImpl$8.onFrameDraw:13614 android.view.ThreadedRenderer$1.onFrameDraw:788 <bottom of call stack> 
04-03 19:41:40.437  2486  3546 D ViewRootImpl@761967[myapp]: Setting up sync and frameCommitCallback
04-03 19:41:40.445  2486  2589 D BLASTBufferQueue: [ViewRootImpl@761967[myapp]#607](f:0,a:0) onFrameAvailable the first frame is available
04-03 19:41:40.446  2486  2589 D BLASTBufferQueue: [ViewRootImpl@761967[myapp]#607](f:0,a:1) acquireNextBufferLocked size=1080x2340 mFrameNumber=1 applyTransaction=true mTimestamp=139921808205339(auto) mPendingTransactions.size=0 graphicBufferId=10677288709314 transform=0
04-03 19:41:40.446  2486  2589 D ViewRootImpl@761967[myapp]: Received frameCommittedCallback lastAttemptedDrawFrameNum=1 didProduceBuffer=true
04-03 19:41:40.447  2486  2572 D ViewRootImpl@761967[myapp]: reportDrawFinished
04-03 19:41:40.447  2486  2572 I ViewRootImpl@761967[myapp]: registerCallbackForPendingTransactions
04-03 19:41:40.449  1806  3871 D WindowManager: finishDrawingWindow: Window{5c0852b u0 Splash Screen org.test.myapp} mDrawState=DRAW_PENDING seqId=0
04-03 19:41:40.449 20681 20681 I org.test.myapp: Using CollectorTypeCC GC.
04-03 19:41:40.449  1806  3871 V WindowManager: Finishing drawing window Window{5c0852b u0 Splash Screen org.test.myapp}: mDrawState=DRAW_PENDING
04-03 19:41:40.449  1806  3871 V WindowManager: Draw state now committed in Window{5c0852b u0 Splash Screen org.test.myapp}
04-03 19:41:40.459  1806  1842 V WindowManager: performShowLocked: mDrawState=HAS_DRAWN in Window{5c0852b u0 Splash Screen org.test.myapp}
04-03 19:41:40.459  1806  1842 V WindowManager: Start calculating TransitionInfo based on participants: {Task{b0f90d #121 type=standard A=10408:org.test.myapp}, WallpaperWindowToken{170810c token=android.os.Binder@dfc943f}, ActivityRecord{5aeacdf u0 org.test.myapp/org.kivy.android.PythonActivity t121}, ActivityRecord{f604873 u0 com.sec.android.app.launcher/.activities.LauncherActivity t6}}
04-03 19:41:40.460  1806  1842 V WindowManager:   Final targets: [Task{b0f90d #121 type=standard A=10408:org.test.myapp}, Task{eda8a2d #1 type=home}, WallpaperWindowToken{170810c token=android.os.Binder@dfc943f}]
04-03 19:41:40.463  1806  1842 I SurfaceControl: show, t=StartTransaction_SyncId<1062>, sc=Surface(name=ActivityRecord{5aeacdf u0 org.test.myapp/org.kivy.android.PythonActivity t121})/@0x4548927, caller=com.android.server.wm.Transition.onTransactionReady:1832 com.android.server.wm.BLASTSyncEngine$SyncGroup.finishNow:305 com.android.server.wm.BLASTSyncEngine$SyncGroup.tryFinish:237 com.android.server.wm.BLASTSyncEngine$SyncGroup.-$$Nest$mtryFinish:0 com.android.server.wm.BLASTSyncEngine.onSurfacePlacement:646 com.android.server.wm.RootWindowContainer.performSurfacePlacementNoTrace:980 
04-03 19:41:40.464  1806  1842 V WindowManager: Calling onTransitionReady: {id=1062 t=OPEN f=0x0 trk=0 r=[0@Point(0, 0)] c=[{WCT{RemoteToken{ae93d40 Task{b0f90d #121 type=standard A=10408:org.test.myapp}}} m=OPEN f=NONE leash=Surface(name=Task=121)/@0xdb7cd7d sb=Rect(0, 0 - 1080, 2340) eb=Rect(0, 0 - 1080, 2340) d=0 dim=true inset=Rect(0, 75 - 0, 135)},{WCT{RemoteToken{8eed5f5 Task{eda8a2d #1 type=home}}} m=TO_BACK f=SHOW_WALLPAPER|EDGE_EXTENSION_RESTRICTION leash=Surface(name=Task=1)/@0x888edf sb=Rect(0, 0 - 1080, 2340) eb=Rect(0, 0 - 1080, 2340) d=0 inset=Rect(0, 75 - 0, 135)},{null m=TO_BACK f=IS_WALLPAPER leash=Surface(name=WallpaperWindowToken{170810c token=android.os.Binder@dfc943f})/@0x52e7f39 sb=Rect(0, 0 - 1080, 2340) eb=Rect(0, 0 - 1080, 2340) d=0 inset=Rect(0, 0 - 0, 0)}]}
04-03 19:41:40.465  1806  1838 V WindowManager: Sent Transition #1062 createdAt=04-03 19:41:40.316 via request=TransitionRequestInfo { type = OPEN, triggerTask = TaskInfo{userId=0 taskId=121 displayId=0 isRunning=true baseIntent=Intent { act=org.kivy.android.PythonActivity flg=0x10000000 cmp=org.test.myapp/org.kivy.android.PythonActivity } baseActivity=ComponentInfo{org.test.myapp/org.kivy.android.PythonActivity} topActivity=ComponentInfo{org.test.myapp/org.kivy.android.PythonActivity} origActivity=null realActivity=ComponentInfo{org.test.myapp/org.kivy.android.PythonActivity} numActivities=1 lastActiveTime=438382545 supportsMultiWindow=true resizeMode=1 isResizeable=true minWidth=-1 minHeight=-1 maxWidth=-1 maxHeight=-1 defaultMinSize=220 token=WCT{RemoteToken{ae93d40 Task{b0f90d #121 type=standard A=10408:org.test.myapp}}} topActivityType=1 pictureInPictureParams=null shouldDockBigOverlays=false launchIntoPipHostTaskId=-1 lastParentTaskIdBeforePip=-1 displayCutoutSafeInsets=Rect(0, 75 - 0, 0) topActivityInfo=ActivityInfo{edeb5be org.kivy.android.PythonActivity} launchCookies=[] positionInParent=Point(0, 0) parentTaskId=-1 isFocused=false isVisible=false isVisibleRequested=false isSleeping=false topActivityInSizeCompat=false topActivityEligibleForLetterboxEducation= false topActivityLetterboxed= false isFromDoubleTap= false topActivityLetterboxVerticalPosition= -1 topActivityLetterboxHorizontalPosition= -1 topActivityLetterboxWidth=-1 topActivityLetterboxHeight=-1 locusId=null displayAreaFeatureId=1 cameraCompatControlState=hidden originallySupportedMultiWindow=true hasWallpaper=false topActivityInFixedAspectRatio=false rootAffinity=10408:org.test.myapp topActivityInDisplayCompat=false topActivityInBoundsCompat=false topActivityBounds=null singleTapFromLetterbox=false isTopTaskInStage=false topActivityUiMode=33 CoverLauncherWidgetTask=false CoverScreenTask=false isAllowedSeamlessRotation=false}, remoteTransition = null, displayChange = null }
04-03 19:41:40.465  1806  1838 V WindowManager:     info={id=1062 t=OPEN f=0x0 trk=0 r=[0@Point(0, 0)] c=[{WCT{RemoteToken{ae93d40 Task{b0f90d #121 type=standard A=10408:org.test.myapp}}} m=OPEN f=NONE leash=Surface(name=Task=121)/@0xdb7cd7d sb=Rect(0, 0 - 1080, 2340) eb=Rect(0, 0 - 1080, 2340) d=0 dim=true inset=Rect(0, 75 - 0, 135)},{WCT{RemoteToken{8eed5f5 Task{eda8a2d #1 type=home}}} m=TO_BACK f=SHOW_WALLPAPER|EDGE_EXTENSION_RESTRICTION leash=Surface(name=Task=1)/@0x888edf sb=Rect(0, 0 - 1080, 2340) eb=Rect(0, 0 - 1080, 2340) d=0 inset=Rect(0, 75 - 0, 135)},{null m=TO_BACK f=IS_WALLPAPER leash=Surface(name=WallpaperWindowToken{170810c token=android.os.Binder@dfc943f})/@0x52e7f39 sb=Rect(0, 0 - 1080, 2340) eb=Rect(0, 0 - 1080, 2340) d=0 inset=Rect(0, 0 - 0, 0)}]}
04-03 19:41:40.469  1806  1842 D InsetsSourceProvider: updateControlForTarget: control=InsetsSourceControl: {40b30000 mType=statusBars initiallyVisible mSurfacePosition=Point(0, 0) mInsetsHint=Insets{left=0, top=75, right=0, bottom=0}}, target=Window{5c0852b u0 Splash Screen org.test.myapp}, from=com.android.server.wm.InsetsStateController.onControlTargetChanged:358 com.android.server.wm.InsetsStateController.onBarControlTargetChanged:324 com.android.server.wm.InsetsPolicy.updateBarControlTarget:172 com.android.server.wm.InsetsPolicy.updateSystemBars:788 com.android.server.wm.DisplayPolicy.updateSystemBarsLw:3358 
04-03 19:41:40.472  1806  1842 D InsetsSourceProvider: updateControlForTarget: control=InsetsSourceControl: {2ef60001 mType=navigationBars initiallyVisible mSurfacePosition=Point(0, 2205) mInsetsHint=Insets{left=0, top=0, right=0, bottom=135}}, target=Window{5c0852b u0 Splash Screen org.test.myapp}, from=com.android.server.wm.InsetsStateController.onControlTargetChanged:358 com.android.server.wm.InsetsStateController.onBarControlTargetChanged:327 com.android.server.wm.InsetsPolicy.updateBarControlTarget:172 com.android.server.wm.InsetsPolicy.updateSystemBars:788 com.android.server.wm.DisplayPolicy.updateSystemBarsLw:3358 
04-03 19:41:40.472  2486  2486 D SamsungLightBarControlHelper: onStatusBarAppearanceChanged() -  sbModeChanged:false, statusBarMode:0, barState:MODE_TRANSPARENT, isKeyguardShowing:false, navbarColorManagedByIme:false, stackAppearanceChanged:true, (AppearanceRegion{ bounds=[0,0][1080,2340]}, ), packageName:org.test.myapp
04-03 19:41:40.473  1806  1842 D WindowManager: updateSystemBarAttributes: displayId=0, win=Window{5c0852b u0 Splash Screen org.test.myapp}, navColorWin=Window{5c0852b u0 Splash Screen org.test.myapp}, focusedCanBeNavColorWin=false, behavior=1, appearance=0, statusBarAppearanceRegions=[AppearanceRegion{ bounds=[0,0][1080,2340]}], requestedVisibilities=-9, from=com.android.server.wm.DisplayPolicy.finishPostLayoutPolicyLw:2307 com.android.server.wm.DisplayContent.applySurfaceChangesTransaction:6035 com.android.server.wm.RootWindowContainer.applySurfaceChangesTransaction:1170 
04-03 19:41:40.474  1298  1361 E BufferQueueDebug: [a89100 ActivityRecordInputSink org.test.myapp/org.kivy.android.PythonActivity#16498](this:0xb4000071fe84a850,id:-1,api:0,p:-1,c:-1) id info cannot be read from 'a89100 ActivityRecordInputSink org.test.myapp/org.kivy.android.PythonActivity#16498'
04-03 19:41:40.474  1298  1361 I BufferQueueDebug: [a89100 ActivityRecordInputSink org.test.myapp/org.kivy.android.PythonActivity#16498](this:0xb4000071fe84a850,id:-1,api:0,p:-1,c:-1) BufferQueue core=(1298:/system/bin/surfaceflinger)
04-03 19:41:40.474  1298  1361 I SurfaceFlinger: id=16498 createSurf, flag=84000, a89100 ActivityRecordInputSink org.test.myapp/org.kivy.android.PythonActivity#16498
04-03 19:41:40.474  1298  1298 I Layer   : Layer [Splash Screen org.test.myapp$_2486#16494] hidden!! flag(0)
04-03 19:41:40.496  1806  2080 D WindowManager: rotationForOrientation, orientationSource=ActivityRecord{5aeacdf u0 org.test.myapp/org.kivy.android.PythonActivity t121}
04-03 19:41:40.497  1806  2080 D SGM:PkgDataHelper: notifyAppCreate(), pkgName: org.test.myapp, userId: 0, sendRet: true
04-03 19:41:40.498  1806  2032 D SGM:FgCheckThread: onLooperPrepared(), msg: MSG_APP_CREATE, pkgName: org.test.myapp, userId: 0
04-03 19:41:40.498  1806  2080 D SGM:FgCheckThread:   sendRunningComponentFocus(), pkgName: org.test.myapp, userId: 0
04-03 19:41:40.498  1806  2032 D SGM:FgCheckThread: onLooperPrepared(), msg: MSG_TASK_FOCUSED, pkgName: org.test.myapp, userId: 0
04-03 19:41:40.498  1806  2080 D InputDispatcher: Focused application(0): ActivityRecord{5aeacdf u0 org.test.myapp/org.kivy.android.PythonActivity t121}
04-03 19:41:40.499  1806  2080 D SGM:FgCheckThread:   sendRunningComponentFocus(), pkgName: org.test.myapp, userId: 0
04-03 19:41:40.499  1806  2032 D SGM:FgCheckThread:   handleTaskFocused(), pkgName: org.test.myapp, userID:0
04-03 19:41:40.499  1806  2032 D SGM:FgCheckThread:   handleResume(). pkgName: org.test.myapp, userId: 0, isTunableApp: null
04-03 19:41:40.499  1806  2032 D SGM:FgCheckThread: notifyFocusInOut(). of pkg: org.test.myapp, type: 4, isTunableApp: false, userId: 0
04-03 19:41:40.499  1806  2032 D SGM:FgCheckThread: onLooperPrepared(), msg: MSG_TASK_FOCUSED, pkgName: org.test.myapp, userId: 0
04-03 19:41:40.499  1806  2080 D ActivityTaskManager: scheduleTopResumedActivityChanged, onTop=true, r=ActivityRecord{5aeacdf u0 org.test.myapp/org.kivy.android.PythonActivity t121}, caller=com.android.server.wm.ActivityTaskSupervisor.scheduleTopResumedActivityStateIfNeeded:2816 com.android.server.wm.ActivityTaskSupervisor.updateTopResumedActivityIfNeeded:2808 com.android.server.wm.TaskFragment.setResumedActivity:573 com.android.server.wm.TaskFragment.onActivityStateChanged:897 com.android.server.wm.ActivityRecord.setState:6726 com.android.server.wm.Task.minimalResumeActivityLocked:6019 
04-03 19:41:40.500  1806  2032 D SGM:FgCheckThread:   handleTaskFocused(), pkgName: org.test.myapp, userID:0
04-03 19:41:40.500  1806  2080 D WindowManagerServiceExt: notifyOccludeChangeNotice: cn=ComponentInfo{org.test.myapp/org.kivy.android.PythonActivity} occludesParent=true inMultiWindow=false styleFloating=false caller=com.android.server.wm.ActivityRecord.completeResumeLocked:7334 com.android.server.wm.Task.minimalResumeActivityLocked:6020 com.android.server.wm.ActivityTaskSupervisor.realStartActivityLocked:1152 com.android.server.wm.RootWindowContainer$AttachApplicationHelper.test:4262 com.android.server.wm.RootWindowContainer$AttachApplicationHelper.test:4212 
04-03 19:41:40.503  1298  1298 D SurfaceFlinger:      CLIENT | 0xb40000722e5ea270 | 0100 | RGBA_8888    |    0.0    0.0 1080.0 2340.0 |   78  170 1002 2170 | Splash Screen org.test.myapp$_2486#16494
04-03 19:41:40.525 20681 20681 W ziparchive: Unable to open '/data/app/~~ZB9VdK7zQkG79lx49KyQBQ==/org.test.myapp-KGYwAEk53VFhfewI8JPqZA==/base.dm': No such file or directory
04-03 19:41:40.525 20681 20681 W ziparchive: Unable to open '/data/app/~~ZB9VdK7zQkG79lx49KyQBQ==/org.test.myapp-KGYwAEk53VFhfewI8JPqZA==/base.dm': No such file or directory
04-03 19:41:40.529 20681 20681 D nativeloader: Configuring clns-4 for other apk /data/app/~~ZB9VdK7zQkG79lx49KyQBQ==/org.test.myapp-KGYwAEk53VFhfewI8JPqZA==/base.apk. target_sdk_version=31, uses_libraries=, library_path=/data/app/~~ZB9VdK7zQkG79lx49KyQBQ==/org.test.myapp-KGYwAEk53VFhfewI8JPqZA==/lib/arm64:/data/app/~~ZB9VdK7zQkG79lx49KyQBQ==/org.test.myapp-KGYwAEk53VFhfewI8JPqZA==/base.apk!/lib/arm64-v8a, permitted_path=/data:/mnt/expand:/data/user/0/org.test.myapp
04-03 19:41:40.533  1806  1841 D SGM:FgCheckThread: noteResumeComponent(), received pkgName: org.test.myapp, userId: 0
04-03 19:41:40.533  1806  2032 D SGM:FgCheckThread: onLooperPrepared(), msg: MSG_APP_RESUME, pkgName: org.test.myapp, userid: 0
04-03 19:41:40.533  1806  1841 I GameSDK@LifeCycle: noteResumeComponent(): package name  : org.test.myapp
04-03 19:41:40.540  3006  3006 I Edge.ActivityUtils: HomePackage : com.sec.android.app.launcher, resumePackageName : org.test.myapp
04-03 19:41:40.547 20681 20681 V GraphicsEnvironment: ANGLE GameManagerService for org.test.myapp: false
04-03 19:41:40.547 20681 20681 V GraphicsEnvironment: org.test.myapp is not listed in per-application setting
04-03 19:41:40.552  1806  1841 D SGM:GameManager: identifyGamePackage. org.test.myapp, mCurrentUserId: 0, callerUserId: 0, callingMethodInfo: com.samsung.android.game.SemGameManager.isGamePackage(SemGameManager.java:104)
04-03 19:41:40.553  1806  1841 D SGM:PkgDataHelper: getGamePkgData(). org.test.myapp
04-03 19:41:40.553  1806  1841 D SGM:SemGameManager: isGamePackage(), pkgName=org.test.myapp, ret=false
04-03 19:41:40.585 20601 20601 I FILP/PackageIntentReceiver: pkgName : org.test.myapp
04-03 19:41:40.616 20681 20711 D libMEOW : applied 2 plugins for [org.test.myapp]:
04-03 19:41:40.625  1806  1847 I SGM:GameManager: PkgUpdateReceiver, onPackageAdded : org.test.myapp userHandle : UserHandle{0} userId : 0
04-03 19:41:40.628  1806  2033 D SGM:GosNotifyThread: notifyPackageChangedToGos(), before send intent to GOS. type:15, changeType: 0, pkgName:org.test.myapp, userHandleId:0
04-03 19:41:40.637 20601 20601 I FILP/PackageIntentReceiver: pkgName : org.test.myapp
04-03 19:41:40.644 20681 20681 E org.test.myapp: Invalid resource ID 0x00000000.
04-03 19:41:40.648 20601 20714 I FILP/c  : removeFromFS : org.test.myapp, cursor size : 0
04-03 19:41:40.660 20601 20714 I FILP/c  : Delete DB result : org.test.myapp, 0
04-03 19:41:40.662 20601 20714 I FILP/c  : uninstallFilters mPackageName: org.test.myapp
04-03 19:41:40.662  1806  1847 D LauncherApps: onPackageChanged 0,org.test.myapp
04-03 19:41:40.662  3006  3006 I HoneySpace.PackageOperationTracker: onPackageChanged - org.test.myapp UserHandle{0}
04-03 19:41:40.662 20460 20742 I GOS:GameIntentService: onHandleIntent. GameIntentService. type: 15, pkgName: org.test.myapp
04-03 19:41:40.663  2486  2748 D LauncherApps: onPackageChanged 0,org.test.myapp
04-03 19:41:40.670  3006 20258 I HoneySpace.PackageSourceImpl: addActivityToList [ADD] : org.test.myapp/org.kivy.android.PythonActivity#UserHandle{0}
04-03 19:41:40.670  3006 20258 I HoneySpace.IconCache: remove icon cache & DB : ComponentInfo{org.test.myapp/org.kivy.android.PythonActivity}
04-03 19:41:40.670  1806  2267 D MdnieScenarioControlService:  packageName : org.test.myapp    className : org.kivy.android.PythonActivity
04-03 19:41:40.692  1298  1360 D SurfaceFlinger: [SF client] NEW(0xb40000724e5f8a90) for (20681:org.test.myapp)
04-03 19:41:40.699  3006 20258 I AppIconSolution: getThemeIconWithBG called with public API, pkg = org.test.myapp, mode = 48
04-03 19:41:40.719  1298  1360 E BufferQueueDebug: [fac89c6 org.test.myapp/org.kivy.android.PythonActivity#16499](this:0xb4000071fe8a87e0,id:-1,api:0,p:-1,c:-1) id info cannot be read from 'fac89c6 org.test.myapp/org.kivy.android.PythonActivity#16499'
04-03 19:41:40.720  1298  1360 I BufferQueueDebug: [fac89c6 org.test.myapp/org.kivy.android.PythonActivity#16499](this:0xb4000071fe8a87e0,id:-1,api:0,p:-1,c:-1) BufferQueue core=(1298:/system/bin/surfaceflinger)
04-03 19:41:40.720  1298  1360 I SurfaceFlinger: id=16499 createSurf, flag=84004, fac89c6 org.test.myapp/org.kivy.android.PythonActivity#16499
04-03 19:41:40.723  3006 20258 I AppIconSolution: start to load, pkg=org.test.myapp, bg=192-192, dr=360-360, forDefault=true, density=480
04-03 19:41:40.724 20681 20681 D InsetsController: onStateChanged: host=org.test.myapp/org.kivy.android.PythonActivity from=android.view.ViewRootImpl.setView:1717 state=InsetsState: {mDisplayFrame=Rect(0, 0 - 1080, 2340), mDisplayCutout=DisplayCutout{insets=Rect(0, 75 - 0, 0) waterfall=Insets{left=0, top=0, right=0, bottom=0} boundingRect={Bounds=[Rect(0, 0 - 0, 0), Rect(468, 0 - 612, 75), Rect(0, 0 - 0, 0), Rect(0, 0 - 0, 0)]} cutoutPathParserInfo={CutoutPathParserInfo{displayWidth=1080 displayHeight=2340 physicalDisplayWidth=1080 physicalDisplayHeight=2340 density={2.8125} cutoutSpec={M 0,0 H -25.6 V 26.66666666666667 H 25.6 V 0 H 0 Z @dp} rotation={0} scale={1.0} physicalPixelDisplaySizeRatio={1.0}}}}, mRoundedCorners=RoundedCorners{[RoundedCorner{position=TopLeft, radius=0, center=Point(0, 0)}, RoundedCorner{position=TopRight, radius=0, center=Point(0, 0)}, RoundedCorner{position=BottomRight, radius=0, center=Point(0, 0)}, RoundedCorner{position=BottomLeft, radius=0, center=Point(0, 0)}]}  mRoundedCornerFrame=Rect(0, 0 - 1080, 2340), mPrivacyIndicatorBounds=PrivacyIndicatorBounds {static bounds=Rect(956, 0 - 1080, 75) rotation=0}, mDisplayShape=DisplayShape{ spec=-1084927657 displayWidth=1080 displayHeight=2340 physicalPixelDisplaySizeRatio=1.0 rotation=0 offsetX=0 offsetY=0 scale=1.0}, mSources= { InsetsSource: {3 mType=ime mFrame=[0,0][0,0] mVisible=false mFlags=[]}, InsetsSource: {27 mType=displayCutout mFrame=[0,0][1080,75] mVisible=true mFlags=[]}, InsetsSource: {2ef60001 mType=navigationBars mFrame=[0,2205][1080,2340] mVisible=true mFlags=[]}, InsetsSource: {2ef60004 mType=systemGestures mFrame=[0,0][0,0] mVisible=true mFlags=[]}, InsetsSource: {2ef60005 mType=mandatorySystemGestures mFrame=[0,2205][1080,2340] mVisible=true mFlags=[]}, InsetsSource: {2ef60006 mType=tappableElement mFrame=[0,2205][1080,2340] mVisible=true mFlags=[]}, InsetsSource: {2ef60024 mType=systemGestures mFrame=[0,0][0,0] mVisible=true mFlags=[]}, InsetsSource: {40b30000 mType=statusBars mFrame=[0,0][1080,75] mVisible=true mFlags=[]}, InsetsSource: {40b30005 mType=mandatorySystemGestures mFrame=[0,0][1080,109] mVisible=true mFlags=[]}, InsetsSource: {40b30006 mType=tappableElement mFrame=[0,0][1080,75] mVisible=true mFlags=[]} }
04-03 19:41:40.727  3006 20258 I AppIconSolution: getIconScale, pkg=org.test.myapp, size=128, iconScale=IconScale[alpha=5, scale=0.72, isCrop=false]
04-03 19:41:40.733  3006 20258 I AppIconSolution: default container[Contain], pkg=org.test.myapp, bg=164-164, dr=128-128, isNight = true
04-03 19:41:40.744  1806  5164 D CoreBackPreview: Window{fac89c6 u0 org.test.myapp/org.kivy.android.PythonActivity}: Setting back callback OnBackInvokedCallbackInfo{mCallback=android.window.IOnBackInvokedCallback$Stub$Proxy@fc97089, mPriority=0, mIsAnimationCallback=false}
04-03 19:41:40.744  3006 20258 I LauncherActivityInfo: packageName: org.test.myapp, useThemeIcon: false, height: 164, width: 164, density: 480
04-03 19:41:40.745  1806  4820 V WindowManager: Relayout Window{fac89c6 u0 org.test.myapp/org.kivy.android.PythonActivity}: viewVisibility=0 req=1080x2340 d0
04-03 19:41:40.748  1806  1847 D MetaDataCollector: onReceive: done pkgName=org.test.myapp
04-03 19:41:40.750  1298  1644 E BufferQueueDebug: [org.test.myapp/org.kivy.android.PythonActivity$_20681#16500](this:0xb4000071fe7e1280,id:-1,api:0,p:-1,c:-1) id info cannot be read from 'org.test.myapp/org.kivy.android.PythonActivity$_20681#16500'
04-03 19:41:40.750  1298  1644 I BufferQueueDebug: [org.test.myapp/org.kivy.android.PythonActivity$_20681#16500](this:0xb4000071fe7e1280,id:-1,api:0,p:-1,c:-1) BufferQueue core=(1298:/system/bin/surfaceflinger)
04-03 19:41:40.750  1298  1644 I SurfaceFlinger: id=16500 createSurf, flag=44004, org.test.myapp/org.kivy.android.PythonActivity$_20681#16500
04-03 19:41:40.751  1806  4820 D WindowManager: makeSurface duration=2 name=org.test.myapp/org.kivy.android.PythonActivity$_20681
04-03 19:41:40.753  1806  4820 V WindowManager: Changing focus from null to Window{fac89c6 u0 org.test.myapp/org.kivy.android.PythonActivity} displayId=0 Callers=com.android.server.wm.RootWindowContainer.updateFocusedWindowLocked:568 com.android.server.wm.WindowManagerService.updateFocusedWindowLocked:6751 com.android.server.wm.WindowManagerService.relayoutWindow:2723 com.android.server.wm.Session.relayout:270 
04-03 19:41:40.754  1806  1847 I SGM:GameManager: PkgUpdateReceiver, onPackageReplaced : org.test.myapp userID : UserHandle{0}
04-03 19:41:40.754  1806  4820 D InsetsSourceProvider: updateControlForTarget: control=InsetsSourceControl: {40b30000 mType=statusBars initiallyVisible mSurfacePosition=Point(0, 0) mInsetsHint=Insets{left=0, top=75, right=0, bottom=0}}, target=Window{fac89c6 u0 org.test.myapp/org.kivy.android.PythonActivity}, from=com.android.server.wm.InsetsStateController.onControlTargetChanged:358 com.android.server.wm.InsetsStateController.onBarControlTargetChanged:324 com.android.server.wm.InsetsPolicy.updateBarControlTarget:172 com.android.server.wm.InsetsPolicy.updateSystemBars:788 com.android.server.wm.DisplayPolicy.updateSystemBarsLw:3358 
04-03 19:41:40.757  1806  2033 D SGM:GosNotifyThread: notifyPackageChangedToGos(), before send intent to GOS. type:15, changeType: 8, pkgName:org.test.myapp, userHandleId:0
04-03 19:41:40.762  1806  1847 D MetaDataCollector: onReceive: done pkgName=org.test.myapp
04-03 19:41:40.768  1806  2340 W SemWifiTransportLayerUtils: getApplicationCategory - IOException org.test.myapp
04-03 19:41:40.768  1806  2340 W System.err: java.io.FileNotFoundException: https://play.google.com/store/apps/details?id=org.test.myapp&hl=en
04-03 19:41:40.768  3006 20260 I HoneySpace.IconCache: add icon DB: [org.test.myapp/org.kivy.android.PythonActivity#UserHandle{0}] - IconAndLabel(icon=android.graphics.Bitmap@e2f868f, label=My Application) | false | false
04-03 19:41:40.770  1806  4820 D InsetsSourceProvider: updateControlForTarget: control=InsetsSourceControl: {2ef60001 mType=navigationBars initiallyVisible mSurfacePosition=Point(0, 2205) mInsetsHint=Insets{left=0, top=0, right=0, bottom=135}}, target=Window{fac89c6 u0 org.test.myapp/org.kivy.android.PythonActivity}, from=com.android.server.wm.InsetsStateController.onControlTargetChanged:358 com.android.server.wm.InsetsStateController.onBarControlTargetChanged:327 com.android.server.wm.InsetsPolicy.updateBarControlTarget:172 com.android.server.wm.InsetsPolicy.updateSystemBars:788 com.android.server.wm.DisplayPolicy.updateSystemBarsLw:3358 
04-03 19:41:40.771  3006 15467 I HoneySpace.HoneySpacePackageSourceImpl: Package changed : org.test.myapp
04-03 19:41:40.772  3006 15467 I HoneySpace.HoneySpacePackageSourceImpl: addActiveItem [ADD] : org.test.myapp/org.kivy.android.PythonActivity#UserHandle{0}
04-03 19:41:40.772  3006 15467 I SearchableManager: invalidate: org.test.myapp
04-03 19:41:40.772  3006  3006 I HoneySpace.HoneySpaceManagerContainer: refreshHoneyPlugin, packageName: org.test.myapp
04-03 19:41:40.774  1806  1842 D SurfaceComposerClient: Transaction::apply InputWindowCommands.focusRequests timestamp=139922134575416, windowName=fac89c6 org.test.myapp/org.kivy.android.PythonActivity
04-03 19:41:40.779  1298  1298 I SurfaceFlinger: [fac89c6 org.test.myapp/org.kivy.android.PythonActivity#16499] FrameRatePriority: 1
04-03 19:41:40.779  1298  1298 D SurfaceFlinger: Focus addInputWindowCommands timestamp=139922134575416, windowName=fac89c6 org.test.myapp/org.kivy.android.PythonActivity
04-03 19:41:40.781  1298  1298 D SurfaceFlinger: Find Focus windowName=fac89c6 org.test.myapp/org.kivy.android.PythonActivity, notVisible=1
04-03 19:41:40.781  1298  1298 D Layer   : Focus: org.test.myapp/org.kivy.android.PythonActivity$_20681#16500 isHiddenByPolicy s.flags&layer_state_t::eLayerHidden=1
04-03 19:41:40.783  1298  1484 D SurfaceFlinger: updateWinowInfo=1, setFocusedWindow timestamp=139922134575416, windowName=fac89c6 org.test.myapp/org.kivy.android.PythonActivity
04-03 19:41:40.783  1806  2149 D InputDispatcher: Focus request (0): fac89c6 org.test.myapp/org.kivy.android.PythonActivity but waiting because NO_WINDOW
04-03 19:41:40.812  1806  2340 D SGM:GameManager: identifyGamePackage. org.test.myapp, mCurrentUserId: 0, callerUserId: 0, callingMethodInfo: com.samsung.android.game.SemGameManager.isGamePackage(SemGameManager.java:104)
04-03 19:41:40.812  1806  2340 D SGM:PkgDataHelper: getGamePkgData(). org.test.myapp
04-03 19:41:40.813  1806  2340 D SGM:SemGameManager: isGamePackage(), pkgName=org.test.myapp, ret=false
04-03 19:41:40.823 20460 20742 I GOS:GameIntentService: onPackageChanged(). extras: Bundle[{changeType=0, userId=0, pkgName=org.test.myapp, type=15, packageName=org.test.myapp}]
04-03 19:41:40.823 20460 20742 I GOS:GameIntentService: onPackageChanged(). changeType(INSTALLED), pkgName(org.test.myapp), UserHandle(0), userId(0), Installed(true)
04-03 19:41:40.823 20460 20742 I GOS:GameIntentService: onPkgInstalled(), appInfoCategory: null, packageName: org.test.myapp
04-03 19:41:40.852  1298  1298 I Layer   : id=16492 removeFromCurrentState ActivityRecord{5aeacdf u0 org.test.myapp/org.kivy.android.PythonActivity t121}#16492 (129)
04-03 19:41:40.852  1298  1298 I Layer   : id=16498 removeFromCurrentState a89100 ActivityRecordInputSink org.test.myapp/org.kivy.android.PythonActivity#16498 (129)
04-03 19:41:40.852  1298  1298 I Layer   : id=16499 removeFromCurrentState fac89c6 org.test.myapp/org.kivy.android.PythonActivity#16499 (129)
04-03 19:41:40.852  1298  1298 I Layer   : id=16500 removeFromCurrentState org.test.myapp/org.kivy.android.PythonActivity$_20681#16500 (129)
04-03 19:41:40.852  1298  1298 I Layer   : id=16493 removeFromCurrentState 5c0852b Splash Screen org.test.myapp#16493 (129)
04-03 19:41:40.852  1298  1298 I Layer   : id=16494 removeFromCurrentState Splash Screen org.test.myapp$_2486#16494 (129)
04-03 19:41:40.852  1298  1298 I Layer   : id=16492 addToCurrentState ActivityRecord{5aeacdf u0 org.test.myapp/org.kivy.android.PythonActivity t121}#16492 (129)
04-03 19:41:40.852  1298  1298 I Layer   : id=16498 addToCurrentState a89100 ActivityRecordInputSink org.test.myapp/org.kivy.android.PythonActivity#16498 (129)
04-03 19:41:40.852  1298  1298 I Layer   : id=16499 addToCurrentState fac89c6 org.test.myapp/org.kivy.android.PythonActivity#16499 (129)
04-03 19:41:40.852  1298  1298 I Layer   : id=16500 addToCurrentState org.test.myapp/org.kivy.android.PythonActivity$_20681#16500 (129)
04-03 19:41:40.852  1298  1298 I Layer   : id=16493 addToCurrentState 5c0852b Splash Screen org.test.myapp#16493 (129)
04-03 19:41:40.852  1298  1298 I Layer   : id=16494 addToCurrentState Splash Screen org.test.myapp$_2486#16494 (129)
04-03 19:41:40.859  1298  1298 D SurfaceFlinger:      DEVICE | 0xb40000722e5ea270 | 0100 | RGBA_8888    |    0.0    0.0 1080.0 2340.0 |    0    0 1080 2340 | Splash Screen org.test.myapp$_2486#16494
04-03 19:41:40.867  1298  1298 D SurfaceFlinger:      DEVICE | 0xb40000722e5ea270 | 0100 | RGBA_8888    |    0.0    0.0 1080.0 2340.0 |    0    0 1080 2340 | Splash Screen org.test.myapp$_2486#16494
04-03 19:41:40.881 20460 20742 I GOS:GameIntentService: onHandleIntent. GameIntentService. type: 15, pkgName: org.test.myapp
04-03 19:41:40.881 20460 20742 I GOS:GameIntentService: onPackageChanged(). extras: Bundle[{changeType=8, userId=0, pkgName=org.test.myapp, type=15, packageName=org.test.myapp}]
04-03 19:41:40.881 20460 20742 I GOS:GameIntentService: onPackageChanged(). changeType(REPLACED), pkgName(org.test.myapp), UserHandle(0), userId(0), Installed(true)
04-03 19:41:40.913  1806  2149 D WindowManager: finishDrawingWindow: Window{fac89c6 u0 org.test.myapp/org.kivy.android.PythonActivity} mDrawState=DRAW_PENDING seqId=0
04-03 19:41:40.915  1806  1842 V WindowManager: Finish starting ActivityRecord{5aeacdf u0 org.test.myapp/org.kivy.android.PythonActivity t121}: first real window is shown, no animation
04-03 19:41:40.916  1806  1842 V WindowManager: Schedule remove starting ActivityRecord{5aeacdf u0 org.test.myapp/org.kivy.android.PythonActivity t121} startingWindow=Window{5c0852b u0 Splash Screen org.test.myapp} animate=true Callers=com.android.server.wm.ActivityRecord.removeStartingWindow:3416 com.android.server.wm.ActivityRecord.onFirstWindowDrawn:7760 com.android.server.wm.WindowState.performShowLocked:5199 com.android.server.wm.WindowStateAnimator.commitFinishDrawingLocked:280 com.android.server.wm.DisplayContent.lambda$new$8:1287 
04-03 19:41:40.916  1806  1842 D TaskOrganizerController: applyStartingWindowAnimation, window=Window{fac89c6 u0 org.test.myapp/org.kivy.android.PythonActivity}, caller=com.android.server.wm.TaskOrganizerController.removeStartingWindow:743 com.android.server.wm.StartingSurfaceController$StartingSurface.remove:292 com.android.server.wm.ActivityRecord.removeStartingWindowAnimation:3496 
04-03 19:41:40.917  1806  1842 I WindowManager: Reparenting to leash, surface=Surface(name=fac89c6 org.test.myapp/org.kivy.android.PythonActivity)/@0xe1f65b0, leashParent=Surface(name=ActivityRecord{5aeacdf u0 org.test.myapp/org.kivy.android.PythonActivity t121})/@0x4548927
04-03 19:41:40.917  1298  1880 E BufferQueueDebug: [Surface(name=fac89c6 org.test.myapp/org.kivy.android.PythonActivity)/@0xe1f65b0 - animation-leash of starting_reveal#16503](this:0xb4000071fe869d80,id:-1,api:0,p:-1,c:-1) id info cannot be read from 'Surface(name=fac89c6 org.test.myapp/org.kivy.android.PythonActivity)/@0xe1f65b0 - animation-leash of starting_reveal#16503'
04-03 19:41:40.917  1298  1880 I BufferQueueDebug: [Surface(name=fac89c6 org.test.myapp/org.kivy.android.PythonActivity)/@0xe1f65b0 - animation-leash of starting_reveal#16503](this:0xb4000071fe869d80,id:-1,api:0,p:-1,c:-1) BufferQueue core=(1298:/system/bin/surfaceflinger)
04-03 19:41:40.917  1298  1880 I SurfaceFlinger: id=16503 createSurf, flag=24000, Surface(name=fac89c6 org.test.myapp/org.kivy.android.PythonActivity)/@0xe1f65b0 - animation-leash of starting_reveal#16503
04-03 19:41:40.918  1806  1842 D WindowManager: makeSurface duration=1 leash=Surface(name=Surface(name=fac89c6 org.test.myapp/org.kivy.android.PythonActivity)/@0xe1f65b0 - animation-leash of starting_reveal)/@0xa7a1c29
04-03 19:41:40.918  1806  1842 V WindowManager: performShowLocked: mDrawState=HAS_DRAWN in Window{fac89c6 u0 org.test.myapp/org.kivy.android.PythonActivity}
04-03 19:41:40.920  1806  1838 W ziparchive: Unable to open '/data/app/~~ZB9VdK7zQkG79lx49KyQBQ==/org.test.myapp-KGYwAEk53VFhfewI8JPqZA==/base.dm': No such file or directory
04-03 19:41:40.922  1806  1838 I PkgPredictorService-SecIpmManagerServiceImpl: reportToNAP uid:10408 org.test.myapp/org.kivy.android.PythonActivity thisTime:609
04-03 19:41:40.924  1298  1298 I Layer   : Layer [org.test.myapp/org.kivy.android.PythonActivity$_20681#16500] hidden!! flag(0)
04-03 19:41:40.926  1806  5164 D InputDispatcher: Focus entered window (0): fac89c6 org.test.myapp/org.kivy.android.PythonActivity
04-03 19:41:40.929  1806  5164 I ImeTracker: org.test.myapp:8bcea6ec: onRequestHide at ORIGIN_SERVER_HIDE_INPUT reason HIDE_UNSPECIFIED_WINDOW
04-03 19:41:40.929  1298  1298 D SurfaceFlinger:      DEVICE | 0xb40000722e6163d0 | 0102 | RGBA_8888    |    0.0    0.0 1080.0 2340.0 |    0    0 1080 2340 | org.test.myapp/org.kivy.android.PythonActivity$_20681#16500
04-03 19:41:40.929  1298  1298 D SurfaceFlinger:      DEVICE | 0xb40000722e5ea270 | 0100 | RGBA_8888    |    0.0    0.0 1080.0 2340.0 |    0    0 1080 2340 | Splash Screen org.test.myapp$_2486#16494
04-03 19:41:40.929  1806  5164 I ImeTracker: org.test.myapp:8bcea6ec: onCancelled at PHASE_SERVER_SHOULD_HIDE
04-03 19:41:40.930 27961 28054 D LauncherApps: onPackageChanged 0,org.test.myapp
04-03 19:41:40.931  1806  1838 I ActivityTaskManager: Displayed org.test.myapp/org.kivy.android.PythonActivity for user 0: +609ms
04-03 19:41:40.931  1806  1838 I Pageboost: Launch time gathered : pid 20681 org.test.myapp 609
04-03 19:41:40.936  2486  3546 I ViewRootImpl@761967[myapp]: mWNT: t=0xb4000079f0d242f0 mBlastBufferQueue=0xb4000079c0fc4b10 fn= 2 caller= android.view.ViewRootImpl$6.onFrameDraw:5539 android.view.ViewRootImpl$2.onFrameDraw:2103 android.view.ThreadedRenderer$1.onFrameDraw:788 
04-03 19:41:40.937  2486  3546 I ViewRootImpl@761967[myapp]: mWNT: t=0xb4000079f0d6d0f0 mBlastBufferQueue=0xb4000079c0fc4b10 fn= 2 caller= android.view.SyncRtSurfaceTransactionApplier.applyTransaction:96 android.view.SyncRtSurfaceTransactionApplier.lambda$scheduleApply$0:69 android.view.SyncRtSurfaceTransactionApplier.$r8$lambda$SgowXC58rj3PR958kHUfRgLZmvE:0 
04-03 19:41:40.937  2486  3546 I ViewRootImpl@761967[myapp]: mWNT: t=0xb4000079f0d337b0 mBlastBufferQueue=0xb4000079c0fc4b10 fn= 2 caller= android.view.SyncRtSurfaceTransactionApplier.applyTransaction:96 android.view.SyncRtSurfaceTransactionApplier.lambda$scheduleApply$0:69 android.view.SyncRtSurfaceTransactionApplier.$r8$lambda$SgowXC58rj3PR958kHUfRgLZmvE:0 
04-03 19:41:40.947  2486  3546 I ViewRootImpl@761967[myapp]: mWNT: t=0xb4000079f0d5cfd0 mBlastBufferQueue=0xb4000079c0fc4b10 fn= 3 caller= android.view.SyncRtSurfaceTransactionApplier.applyTransaction:96 android.view.SyncRtSurfaceTransactionApplier.lambda$scheduleApply$0:69 android.view.SyncRtSurfaceTransactionApplier.$r8$lambda$SgowXC58rj3PR958kHUfRgLZmvE:0 
04-03 19:41:40.950  2486  3545 I ViewRootImpl@761967[myapp]: mWNT: t=0xb4000079f0d59350 mBlastBufferQueue=0xb4000079c0fc4b10 fn= 4 caller= android.view.SyncRtSurfaceTransactionApplier.applyTransaction:96 android.view.SyncRtSurfaceTransactionApplier.lambda$scheduleApply$0:69 android.view.SyncRtSurfaceTransactionApplier.$r8$lambda$SgowXC58rj3PR958kHUfRgLZmvE:0 
04-03 19:41:40.952  2486  3545 I ViewRootImpl@761967[myapp]: mWNT: t=0xb4000079f0d57d50 mBlastBufferQueue=0xb4000079c0fc4b10 fn= 5 caller= android.view.SyncRtSurfaceTransactionApplier.applyTransaction:96 android.view.SyncRtSurfaceTransactionApplier.lambda$scheduleApply$0:69 android.view.SyncRtSurfaceTransactionApplier.$r8$lambda$SgowXC58rj3PR958kHUfRgLZmvE:0 
04-03 19:41:40.953 19469 19469 I SCS@AiSearch user 0: (PackageBroadcastReceiver) packageName: org.test.myapp
04-03 19:41:40.953 19469 19469 I SCS@AiSearch user 0: (PackageBroadcastReceiver) Packages changed: [org.test.myapp]
04-03 19:41:40.955 19469 19469 I SCS@AiSearch user 0: (PackageBroadcastReceiver) packageName: org.test.myapp
04-03 19:41:40.955 19469 19469 I SCS@AiSearch user 0: (PackageBroadcastReceiver) Packages changed: [org.test.myapp]
04-03 19:41:40.959  1806  1839 D ScreenCurtainController: onForegroundActivitiesChanged: org.test.myapp
04-03 19:41:40.960  2486  3545 I ViewRootImpl@761967[myapp]: mWNT: t=0xb4000079f0d57d50 mBlastBufferQueue=0xb4000079c0fc4b10 fn= 6 caller= android.view.SyncRtSurfaceTransactionApplier.applyTransaction:96 android.view.SyncRtSurfaceTransactionApplier.lambda$scheduleApply$0:69 android.view.SyncRtSurfaceTransactionApplier.$r8$lambda$SgowXC58rj3PR958kHUfRgLZmvE:0 
04-03 19:41:40.967  2486  3545 I ViewRootImpl@761967[myapp]: mWNT: t=0xb4000079f0d57d50 mBlastBufferQueue=0xb4000079c0fc4b10 fn= 7 caller= android.view.SyncRtSurfaceTransactionApplier.applyTransaction:96 android.view.SyncRtSurfaceTransactionApplier.lambda$scheduleApply$0:69 android.view.SyncRtSurfaceTransactionApplier.$r8$lambda$SgowXC58rj3PR958kHUfRgLZmvE:0 
04-03 19:41:40.970  1806  2149 D InsetsSourceProvider: updateControlForTarget: control=InsetsSourceControl: {3 mType=ime mSurfacePosition=Point(0, 75) mInsetsHint=Insets{left=0, top=0, right=0, bottom=1008}}, target=Window{fac89c6 u0 org.test.myapp/org.kivy.android.PythonActivity}, from=com.android.server.wm.ImeInsetsSourceProvider.updateControlForTarget:164 com.android.server.wm.InsetsStateController.onControlTargetChanged:358 com.android.server.wm.InsetsStateController.onImeControlTargetChanged:302 com.android.server.wm.DisplayContent.updateImeControlTarget:5632 com.android.server.wm.DisplayContent.updateImeInputAndControlTarget:5592 
04-03 19:41:40.979  1806  5164 V WindowManager: Relayout Window{5c0852b u0 Splash Screen org.test.myapp}: viewVisibility=8 req=1080x2340 d0
04-03 19:41:40.982  1298  1298 I Layer   : Layer [Splash Screen org.test.myapp$_2486#16494] hidden!! flag(1)
04-03 19:41:40.986  2486  2572 I ViewRootImpl@761967[myapp]: Relayout returned: old=(0,0,1080,2340) new=(0,0,1080,2340) req=(1080,2340)8 dur=7 res=0x402 s={false 0x0} ch=true seqId=0
