04-03 18:14:20.678 13417 13417 D InsetsController: onStateChanged: host=org.test.myapp/org.kivy.android.PythonActivity from=android.view.ViewRootImpl$ViewRootHandler.handleMessageImpl:7085 state=InsetsState: {mDisplayFrame=Rect(0, 0 - 1080, 2340), mDisplayCutout=DisplayCutout{insets=Rect(0, 75 - 0, 0) waterfall=Insets{left=0, top=0, right=0, bottom=0} boundingRect={Bounds=[Rect(0, 0 - 0, 0), Rect(468, 0 - 612, 75), Rect(0, 0 - 0, 0), Rect(0, 0 - 0, 0)]} cutoutPathParserInfo={CutoutPathParserInfo{displayWidth=1080 displayHeight=2340 physicalDisplayWidth=1080 physicalDisplayHeight=2340 density={2.8125} cutoutSpec={M 0,0 H -25.6 V 26.66666666666667 H 25.6 V 0 H 0 Z @dp} rotation={0} scale={1.0} physicalPixelDisplaySizeRatio={1.0}}}}, mRoundedCorners=RoundedCorners{[RoundedCorner{position=TopLeft, radius=0, center=Point(0, 0)}, RoundedCorner{position=TopRight, radius=0, center=Point(0, 0)}, RoundedCorner{position=BottomRight, radius=0, center=Point(0, 0)}, RoundedCorner{position=BottomLeft, radius=0, center=Point(0, 0)}]}  mRoundedCornerFrame=Rect(0, 0 - 1080, 2340), mPrivacyIndicatorBounds=PrivacyIndicatorBounds {static bounds=Rect(956, 0 - 1080, 75) rotation=0}, mDisplayShape=DisplayShape{ spec=-1084927657 displayWidth=1080 displayHeight=2340 physicalPixelDisplaySizeRatio=1.0 rotation=0 offsetX=0 offsetY=0 scale=1.0}, mSources= { InsetsSource: {3 mType=ime mFrame=[0,0][0,0] mVisible=false mFlags=[]}, InsetsSource: {27 mType=displayCutout mFrame=[0,0][1080,75] mVisible=true mFlags=[]}, InsetsSource: {2ef60001 mType=navigationBars mFrame=[0,2205][1080,2340] mVisible=true mFlags=[]}, InsetsSource: {2ef60004 mType=systemGestures mFrame=[0,0][0,0] mVisible=true mFlags=[]}, InsetsSource: {2ef60005 mType=mandatorySystemGestures mFrame=[0,2205][1080,2340] mVisible=true mFlags=[]}, InsetsSource: {2ef60006 mType=tappableElement mFrame=[0,2205][1080,2340] mVisible=true mFlags=[]}, InsetsSource: {2ef60024 mType=systemGestures mFrame=[0,0][0,0] mVisible=true mFlags=[]}, InsetsSource: {40b30000 mType=statusBars mFrame=[0,0][1080,75] mVisible=true mFlags=[]}, InsetsSource: {40b30005 mType=mandatorySystemGestures mFrame=[0,0][1080,109] mVisible=true mFlags=[]}, InsetsSource: {40b30006 mType=tappableElement mFrame=[0,0][1080,75] mVisible=true mFlags=[]} }
04-03 18:14:20.678  1806  2591 D WindowManager: Starting window removed Window{9308d56 u0 Splash Screen org.test.myapp}
04-03 18:14:20.678  1806  2591 I WindowManager: Cancelling animation restarting=false, leash=Surface(name=Surface(name=c2f8879 org.test.myapp/org.kivy.android.PythonActivity)/@0xd1ac6e4 - animation-leash of starting_reveal)/@0x3c4d202
04-03 18:14:20.678  1806  2591 I WindowManager: Reparenting to original parent: Surface(name=ActivityRecord{ed1ba5 u0 org.test.myapp/org.kivy.android.PythonActivity t119})/@0x47e3867, destroy=false, surface=Surface(name=c2f8879 org.test.myapp/org.kivy.android.PythonActivity)/@0xd1ac6e4
04-03 18:14:20.678  1806  2591 W InputManager-JNI: Input channel object '9308d56 Splash Screen org.test.myapp (client)' was disposed without first being removed with the input manager!
04-03 18:14:20.678  1806  2591 V WindowManager: Remove Window{9308d56 u0 Splash Screen org.test.myapp}: mSurfaceController=Surface(name=Splash Screen org.test.myapp$_2486)/@0x9d87f9f mAnimatingExit=false mRemoveOnExit=false mHasSurface=true surfaceShowing=false animating=false app-animation=false mDisplayFrozen=false callers=com.android.server.wm.WindowManagerService.removeWindow:2149 com.android.server.wm.Session.remove:245 android.view.IWindowSession$Stub.onTransact:725 com.android.server.wm.Session.onTransact:192 android.os.Binder.execTransactInternal:1380 android.os.Binder.execTransact:1311 
04-03 18:14:20.678  1806  2591 I WindowManager: Destroying surface Surface(name=Splash Screen org.test.myapp$_2486)/@0x9d87f9f called by com.android.server.wm.WindowStateAnimator.destroySurface:789 com.android.server.wm.WindowStateAnimator.destroySurfaceLocked:472 com.android.server.wm.WindowState.removeImmediately:2904 com.android.server.wm.WindowState.removeIfPossible:3140 com.android.server.wm.WindowManagerService.removeWindow:2149 com.android.server.wm.Session.remove:245 android.view.IWindowSession$Stub.onTransact:725 com.android.server.wm.Session.onTransact:192 
04-03 18:14:20.683  1806  1839 D ScreenCurtainController: onForegroundActivitiesChanged: org.test.myapp
04-03 18:14:20.685  1298  1298 I Layer   : id=16325 removeFromCurrentState 9308d56 Splash Screen org.test.myapp#16325 (131)
04-03 18:14:20.685  1298  1298 I Layer   : id=16326 removeFromCurrentState Splash Screen org.test.myapp$_2486#16326 (131)
04-03 18:14:20.685  1298  1298 I Layer   : id=16335 removeFromCurrentState Surface(name=c2f8879 org.test.myapp/org.kivy.android.PythonActivity)/@0xd1ac6e4 - animation-leash of starting_reveal#16335 (131)
04-03 18:14:20.685  1298  1298 I Layer   : id=16326 removeFromCurrentState Splash Screen org.test.myapp$_2486#16326 (131)
04-03 18:14:20.686  1298  1298 I SurfaceFlinger: id=16326 Removed Splash Screen org.test.myapp$_2486#16326 (130)
04-03 18:14:20.686  1298  1298 I SurfaceFlinger: id=16325 Removed 9308d56 Splash Screen org.test.myapp#16325 (130)
04-03 18:14:20.693  1298  1298 I BufferQueueDebug: [9308d56 Splash Screen org.test.myapp#16325](this:0xb4000071fe6beb20,id:-1,api:0,p:-1,c:1298) onDestructor()
04-03 18:14:20.693  1298  1298 I Layer   : id=16325 Destroyed 9308d56 Splash Screen org.test.myapp#16325
04-03 18:14:20.693  1298  1298 I BufferQueueDebug: [Splash Screen org.test.myapp$_2486#16326](this:0xb4000071fe7befc0,id:-1,api:0,p:-1,c:1298) onDestructor()
04-03 18:14:20.693  1298  1298 I Layer   : id=16326 Destroyed Splash Screen org.test.myapp$_2486#16326
04-03 18:14:20.699 13456 13522 I FILP/c  : removeFromFS : org.test.myapp, cursor size : 0
04-03 18:14:20.702 13456 13522 I FILP/c  : Delete DB result : org.test.myapp, 0
04-03 18:14:20.703 13456 13522 I FILP/c  : uninstallFilters mPackageName: org.test.myapp
04-03 18:14:20.709 13389 13389 I Routine@Core[4.5.00.54]: MetadataLoaderImpl: collectInBackground - packageName:org.test.myapp
04-03 18:14:20.709 13389 13389 I Routine@Core[4.5.00.54]: MetadataSyncBacklog: add: null + org.test.myapp
04-03 18:14:20.777 13389 13389 I Routine@Core[4.5.00.54]: MetadataLoaderJobService: onStartJob: collectPackageInBG - org.test.myapp
04-03 18:14:20.783 13389 13389 I Routine@Core[4.5.00.54]: MetadataLoaderJobService: packageName : org.test.myapp, forced : true
04-03 18:14:20.789 13389 13556 I Routine@Core[4.5.00.54]: MetadataLoadManager: collect: org.test.myapp
04-03 18:14:20.789 13389 13556 I Routine@Core[4.5.00.54]: MetadataLoadManager: collectWithCollectors - org.test.myapp
04-03 18:14:20.794 13389 13556 I Routine@Core[4.5.00.54]: MetadataLoadManager: doPostCollectionTasks - packageName:org.test.myapp
04-03 18:14:20.814  1806  2267 D MdnieScenarioControlService:  packageName : org.test.myapp    className : org.kivy.android.PythonActivity
04-03 18:14:20.824 13417 13502 V pythonutil: Unpacking /data/app/~~l7OkALdKTgJ_0mDXqjv06w==/org.test.myapp-fhQC9aA1NC7pu9yJno6PwQ==/lib/arm64/libpybundle app
04-03 18:14:20.824 13417 13502 V pythonutil: Extracting /data/app/~~l7OkALdKTgJ_0mDXqjv06w==/org.test.myapp-fhQC9aA1NC7pu9yJno6PwQ==/lib/arm64/libpybundle assets.
04-03 18:14:20.841 13389 13389 I Routine@Core[4.5.00.54]: MetadataLoaderJobService: metadataLoadingFinished: collectPackageInBG - org.test.myapp
04-03 18:14:20.956  3006 13513 I SearchEngineAppSuggestion: package changed: org.test.myapp
04-03 18:14:21.163  1806  1841 D SGM:GameManager: identifyForegroundApp. org.test.myapp, mCurrentUserId: 0, callerUserId: 0
04-03 18:14:21.163  1806  1841 D SGM:PkgDataHelper: getGamePkgData(). org.test.myapp
04-03 18:14:21.207  1806  2340 W SemWifiTransportLayerUtils: getApplicationCategory - IOException org.test.myapp
04-03 18:14:21.207  1806  2340 W System.err: java.io.FileNotFoundException: https://play.google.com/store/apps/details?id=org.test.myapp&hl=en
04-03 18:14:21.634  1298  1644 I SurfaceFlinger: id=16335 Removed Surface(name=c2f8879 org.test.myapp/org.kivy.android.PythonActivity)/@0xd1ac6e4 - animation-leash of starting_reveal#16335 (127)
04-03 18:14:21.643  1298  1298 I BufferQueueDebug: [Surface(name=c2f8879 org.test.myapp/org.kivy.android.PythonActivity)/@0xd1ac6e4 - animation-leash of starting_reveal#16335](this:0xb4000071fe8cd830,id:-1,api:0,p:-1,c:1298) onDestructor()
04-03 18:14:21.643  1298  1298 I Layer   : id=16335 Destroyed Surface(name=c2f8879 org.test.myapp/org.kivy.android.PythonActivity)/@0xd1ac6e4 - animation-leash of starting_reveal#16335
04-03 18:14:22.163  1298  1644 D SurfaceFlinger: [SF client] NEW(0xb40000724e5fe250) for (13417:org.test.myapp)
04-03 18:14:22.182  1806  3720 V WindowManager: Relayout Window{c2f8879 u0 org.test.myapp/org.kivy.android.PythonActivity}: viewVisibility=0 req=1080x2340 d0
04-03 18:14:22.185  1298  1360 E BufferQueueDebug: [Bounds for - org.test.myapp/org.kivy.android.PythonActivity@0#16337](this:0xb4000071fe869d80,id:-1,api:0,p:-1,c:-1) id info cannot be read from 'Bounds for - org.test.myapp/org.kivy.android.PythonActivity@0#16337'
04-03 18:14:22.185  1298  1360 I BufferQueueDebug: [Bounds for - org.test.myapp/org.kivy.android.PythonActivity@0#16337](this:0xb4000071fe869d80,id:-1,api:0,p:-1,c:-1) BufferQueue core=(1298:/system/bin/surfaceflinger)
04-03 18:14:22.185  1298  1360 I SurfaceFlinger: id=16337 createSurf, flag=20004, Bounds for - org.test.myapp/org.kivy.android.PythonActivity@0#16337
04-03 18:14:22.186  1298  1360 E BufferQueueDebug: [SurfaceView[org.test.myapp/org.kivy.android.PythonActivity]@0#16338](this:0xb4000071fe87dc70,id:-1,api:0,p:-1,c:-1) id info cannot be read from 'SurfaceView[org.test.myapp/org.kivy.android.PythonActivity]@0#16338'
04-03 18:14:22.186  1298  1360 I BufferQueueDebug: [SurfaceView[org.test.myapp/org.kivy.android.PythonActivity]@0#16338](this:0xb4000071fe87dc70,id:-1,api:0,p:-1,c:-1) BufferQueue core=(1298:/system/bin/surfaceflinger)
04-03 18:14:22.186  1298  1360 I SurfaceFlinger: id=16338 createSurf, flag=84004, SurfaceView[org.test.myapp/org.kivy.android.PythonActivity]@0#16338
04-03 18:14:22.187  1298  1360 E BufferQueueDebug: [SurfaceView[org.test.myapp/org.kivy.android.PythonActivity]@0(BLAST)#16339](this:0xb4000071fe6beb20,id:-1,api:0,p:-1,c:-1) id info cannot be read from 'SurfaceView[org.test.myapp/org.kivy.android.PythonActivity]@0(BLAST)#16339'
04-03 18:14:22.187  1298  1360 I BufferQueueDebug: [SurfaceView[org.test.myapp/org.kivy.android.PythonActivity]@0(BLAST)#16339](this:0xb4000071fe6beb20,id:-1,api:0,p:-1,c:-1) BufferQueue core=(1298:/system/bin/surfaceflinger)
04-03 18:14:22.187  1298  1360 I SurfaceFlinger: id=16339 createSurf, flag=44400, SurfaceView[org.test.myapp/org.kivy.android.PythonActivity]@0(BLAST)#16339
04-03 18:14:22.188  1298  1360 E BufferQueueDebug: [Background for SurfaceView[org.test.myapp/org.kivy.android.PythonActivity]@0#16340](this:0xb4000071fe7befc0,id:-1,api:0,p:-1,c:-1) id info cannot be read from 'Background for SurfaceView[org.test.myapp/org.kivy.android.PythonActivity]@0#16340'
04-03 18:14:22.188  1298  1360 I BufferQueueDebug: [Background for SurfaceView[org.test.myapp/org.kivy.android.PythonActivity]@0#16340](this:0xb4000071fe7befc0,id:-1,api:0,p:-1,c:-1) BufferQueue core=(1298:/system/bin/surfaceflinger)
04-03 18:14:22.188  1298  1360 I SurfaceFlinger: id=16340 createSurf, flag=20404, Background for SurfaceView[org.test.myapp/org.kivy.android.PythonActivity]@0#16340
04-03 18:14:22.201 13417 13649 V SDL     : Running main function SDL_main from library /data/app/~~l7OkALdKTgJ_0mDXqjv06w==/org.test.myapp-fhQC9aA1NC7pu9yJno6PwQ==/lib/arm64/libmain.so
04-03 18:14:22.203 13417 13649 I python  : /data/user/0/org.test.myapp/files/app
04-03 18:14:22.203 13417 13649 I python  : /data/user/0/org.test.myapp/files/app/_python_bundle/stdlib.zip:/data/user/0/org.test.myapp/files/app/_python_bundle/modules
04-03 18:14:22.221  1806  3720 V WindowManager: Relayout Window{c2f8879 u0 org.test.myapp/org.kivy.android.PythonActivity}: viewVisibility=0 req=1080x2340 d0
04-03 18:14:22.226 13417 13417 I ViewRootImpl@ace7a4d[PythonActivity]: updateBoundsLayer: t=android.view.SurfaceControl$Transaction@c27317f sc=Surface(name=Bounds for - org.test.myapp/org.kivy.android.PythonActivity@0)/@0x4fef54c frame=3
04-03 18:14:22.226  1298  1298 I BufferQueueProducer: [org.test.myapp/org.kivy.android.PythonActivity$_13417#16332](this:0xb4000071fe8948f0,id:-1,api:0,p:-1,c:1298) queueBuffer: fps=0.62 dur=1625.06 max=1625.06 min=1625.06
04-03 18:14:22.230  1298  1298 D SurfaceFlinger:      DEVICE | 0xb40000722e6036b0 | 0100 | RGBA_8888    |    0.0    0.0 1080.0 2340.0 |    0    0 1080 2340 | org.test.myapp/org.kivy.android.PythonActivity$_13417#16332
04-03 18:14:22.254 13417 13649 I python  : Android path ['.', '/data/user/0/org.test.myapp/files/app/_python_bundle/stdlib.zip', '/data/user/0/org.test.myapp/files/app/_python_bundle/modules', '/data/user/0/org.test.myapp/files/app/_python_bundle/site-packages']
04-03 18:14:22.256 13417 13649 I python  :   File "/media/captaindeathead/HardDrive/PythonProjects/Farm_CEO/.buildozer/android/platform/build-arm64-v8a_armeabi-v7a/build/python-installs/myapp/arm64-v8a/pygame/__init__.py", line 92, in <module>
04-03 18:14:22.256 13417 13649 I python  : ImportError: dlopen failed: "/data/data/org.test.myapp/files/app/_python_bundle/site-packages/pygame/base.so" is for EM_X86_64 (62) instead of EM_AARCH64 (183)
04-03 18:14:22.360 13417 13649 D RefBase :   #02 pc 0000000000313f6c  /data/app/~~l7OkALdKTgJ_0mDXqjv06w==/org.test.myapp-fhQC9aA1NC7pu9yJno6PwQ==/lib/arm64/libpython3.11.so (Py_Exit+32)
04-03 18:14:22.360 13417 13649 D RefBase :   #03 pc 0000000000319dd0  /data/app/~~l7OkALdKTgJ_0mDXqjv06w==/org.test.myapp-fhQC9aA1NC7pu9yJno6PwQ==/lib/arm64/libpython3.11.so
04-03 18:14:22.360 13417 13649 D RefBase :   #04 pc 0000000000319688  /data/app/~~l7OkALdKTgJ_0mDXqjv06w==/org.test.myapp-fhQC9aA1NC7pu9yJno6PwQ==/lib/arm64/libpython3.11.so (PyRun_SimpleStringFlags+236)
04-03 18:14:22.360 13417 13649 D RefBase :   #05 pc 00000000000027e0  /data/app/~~l7OkALdKTgJ_0mDXqjv06w==/org.test.myapp-fhQC9aA1NC7pu9yJno6PwQ==/lib/arm64/libmain.so (SDL_main+2824) (BuildId: 1245b6c9b31805be26294f053100856794a1ed48)
04-03 18:14:22.360 13417 13649 D RefBase :   #06 pc 00000000000b1524  /data/app/~~l7OkALdKTgJ_0mDXqjv06w==/org.test.myapp-fhQC9aA1NC7pu9yJno6PwQ==/lib/arm64/libSDL2.so (Java_org_libsdl_app_SDLActivity_nativeRunMain+772) (BuildId: e596a48b4346fe58396f3cdf2b6324ede13c854d)
04-03 18:14:22.360 13417 13649 D RefBase :   #12 pc 000000000000cddc  [anon:dalvik-classes3.dex extracted in memory from /data/app/~~l7OkALdKTgJ_0mDXqjv06w==/org.test.myapp-fhQC9aA1NC7pu9yJno6PwQ==/base.apk!classes3.dex] (org.libsdl.app.SDLMain.run)
04-03 18:14:22.399  1298  1360 D SurfaceFlinger: [SF client] REMOVE (0xb40000724e60e630) for (13417:org.test.myapp)
04-03 18:14:22.399  1298  1360 D SurfaceFlinger: [SF client] REMOVE (0xb40000724e5fe250) for (13417:org.test.myapp)
04-03 18:14:22.399  1298  1361 I SurfaceFlinger: id=16338 Removed SurfaceView[org.test.myapp/org.kivy.android.PythonActivity]@0#16338 (130)
04-03 18:14:22.399  1298  1361 I SurfaceFlinger: id=16339 Removed SurfaceView[org.test.myapp/org.kivy.android.PythonActivity]@0(BLAST)#16339 (130)
04-03 18:14:22.399  1298  1361 I SurfaceFlinger: id=16340 Removed Background for SurfaceView[org.test.myapp/org.kivy.android.PythonActivity]@0#16340 (130)
04-03 18:14:22.399  1806  1834 I ImeTracker: org.test.myapp:e380abd2: onRequestHide at ORIGIN_SERVER_HIDE_INPUT reason HIDE_REMOVE_CLIENT
04-03 18:14:22.399  1298  1360 I SurfaceFlinger: id=16337 Removed Bounds for - org.test.myapp/org.kivy.android.PythonActivity@0#16337 (130)
04-03 18:14:22.399  1806  2594 I WindowManager: WIN DEATH: Window{c2f8879 u0 org.test.myapp/org.kivy.android.PythonActivity}
04-03 18:14:22.399  1806  1834 I ImeTracker: org.test.myapp:e380abd2: onCancelled at PHASE_SERVER_SHOULD_HIDE
04-03 18:14:22.400  1806  2594 W InputManager-JNI: Input channel object 'c2f8879 org.test.myapp/org.kivy.android.PythonActivity (client)' was disposed without first being removed with the input manager!
04-03 18:14:22.400  1806  2594 V WindowManager: Remove Window{c2f8879 u0 org.test.myapp/org.kivy.android.PythonActivity}: mSurfaceController=Surface(name=org.test.myapp/org.kivy.android.PythonActivity$_13417)/@0xa679df mAnimatingExit=false mRemoveOnExit=false mHasSurface=true surfaceShowing=true animating=false app-animation=false mDisplayFrozen=false callers=com.android.server.wm.WindowState$DeathRecipient.binderDied:3596 android.os.IBinder$DeathRecipient.binderDied:325 android.os.BinderProxy.sendDeathNotice:781 <bottom of call stack> <bottom of call stack> <bottom of call stack> 
04-03 18:14:22.401  1806  2594 I WindowManager: Destroying surface Surface(name=org.test.myapp/org.kivy.android.PythonActivity$_13417)/@0xa679df called by com.android.server.wm.WindowStateAnimator.destroySurface:789 com.android.server.wm.WindowStateAnimator.destroySurfaceLocked:472 com.android.server.wm.WindowState.removeImmediately:2904 com.android.server.wm.WindowState.removeIfPossible:3140 com.android.server.wm.WindowState$DeathRecipient.binderDied:3596 android.os.IBinder$DeathRecipient.binderDied:325 android.os.BinderProxy.sendDeathNotice:781 <bottom of call stack> 
04-03 18:14:22.401  1806  3583 I ActivityManager: Process org.test.myapp (pid 13417) has died: fg  TOP (241,1971)
04-03 18:14:22.404  1806  4825 D InputDispatcher: Focus left window (0): c2f8879 org.test.myapp/org.kivy.android.PythonActivity
04-03 18:14:22.405  1806  2594 D WindowManager: updateSystemBarAttributes: displayId=0, win=Window{c2f8879 u0 org.test.myapp/org.kivy.android.PythonActivity}, navColorWin=null, focusedCanBeNavColorWin=false, behavior=1, appearance=0, statusBarAppearanceRegions=[], requestedVisibilities=-9, from=com.android.server.wm.DisplayPolicy.finishPostLayoutPolicyLw:2307 com.android.server.wm.DisplayContent.applySurfaceChangesTransaction:6035 com.android.server.wm.RootWindowContainer.applySurfaceChangesTransaction:1170 
04-03 18:14:22.405  2486  2486 D SamsungLightBarControlHelper: onStatusBarAppearanceChanged() -  sbModeChanged:false, statusBarMode:0, barState:MODE_TRANSPARENT, isKeyguardShowing:false, navbarColorManagedByIme:false, stackAppearanceChanged:true, (), packageName:org.test.myapp
04-03 18:14:22.407  1806  2594 V WindowManager: Changing focus from Window{c2f8879 u0 org.test.myapp/org.kivy.android.PythonActivity} to null displayId=0 Callers=com.android.server.wm.RootWindowContainer.updateFocusedWindowLocked:568 com.android.server.wm.WindowManagerService.updateFocusedWindowLocked:6751 com.android.server.wm.WindowState.removeIfPossible:3152 com.android.server.wm.WindowState$DeathRecipient.binderDied:3596 
04-03 18:14:22.409  1298  1298 I Layer   : id=16332 removeFromCurrentState org.test.myapp/org.kivy.android.PythonActivity$_13417#16332 (131)
04-03 18:14:22.409  1298  1298 I Layer   : id=16337 removeFromCurrentState Bounds for - org.test.myapp/org.kivy.android.PythonActivity@0#16337 (131)
04-03 18:14:22.409  1298  1298 I Layer   : id=16338 removeFromCurrentState SurfaceView[org.test.myapp/org.kivy.android.PythonActivity]@0#16338 (131)
04-03 18:14:22.409  1298  1298 I Layer   : id=16340 removeFromCurrentState Background for SurfaceView[org.test.myapp/org.kivy.android.PythonActivity]@0#16340 (131)
04-03 18:14:22.409  1298  1298 I Layer   : id=16339 removeFromCurrentState SurfaceView[org.test.myapp/org.kivy.android.PythonActivity]@0(BLAST)#16339 (131)
04-03 18:14:22.410  1298  1298 I Layer   : id=16331 removeFromCurrentState c2f8879 org.test.myapp/org.kivy.android.PythonActivity#16331 (131)
04-03 18:14:22.410  1806  3583 W ActivityTaskManager: Force removing ActivityRecord{ed1ba5 u0 org.test.myapp/org.kivy.android.PythonActivity t119}: app died, no saved state
04-03 18:14:22.410  1298  1298 I SurfaceFlinger: id=16331 Removed c2f8879 org.test.myapp/org.kivy.android.PythonActivity#16331 (131)
04-03 18:14:22.410  1298  1298 I SurfaceFlinger: id=16332 Removed org.test.myapp/org.kivy.android.PythonActivity$_13417#16332 (131)
04-03 18:14:22.412  1806  3583 V WindowManager: Collecting in transition 1053: Task{36e6c34 #119 type=standard A=10408:org.test.myapp}, caller=com.android.server.wm.Transition.collectExistenceChange:886 com.android.server.wm.TransitionController.collectExistenceChange:908 com.android.server.wm.TransitionController.requestCloseTransitionIfNeeded:854 com.android.server.wm.ActivityRecord.handleAppDied:5025 com.android.server.wm.WindowProcessController.handleAppDied:1474 
04-03 18:14:22.413  2486  2558 V WindowManagerShell: Transition requested: android.os.BinderProxy@167ff45 TransitionRequestInfo { type = CLOSE, triggerTask = TaskInfo{userId=0 taskId=119 displayId=0 isRunning=true baseIntent=Intent { act=org.kivy.android.PythonActivity flg=0x10000000 cmp=org.test.myapp/org.kivy.android.PythonActivity } baseActivity=ComponentInfo{org.test.myapp/org.kivy.android.PythonActivity} topActivity=ComponentInfo{org.test.myapp/org.kivy.android.PythonActivity} origActivity=null realActivity=ComponentInfo{org.test.myapp/org.kivy.android.PythonActivity} numActivities=1 lastActiveTime=433142436 supportsMultiWindow=true resizeMode=1 isResizeable=true minWidth=-1 minHeight=-1 maxWidth=-1 maxHeight=-1 defaultMinSize=220 token=WCT{android.window.IWindowContainerToken$Stub$Proxy@d6ce69a} topActivityType=1 pictureInPictureParams=null shouldDockBigOverlays=false launchIntoPipHostTaskId=-1 lastParentTaskIdBeforePip=-1 displayCutoutSafeInsets=Rect(0, 75 - 0, 0) topActivityInfo=ActivityInfo{abd4bcb org.kivy.android.PythonActivity} launchCookies=[] positionInParent=Point(0, 0) parentTaskId=-1 isFocused=true isVisible=true isVisibleRequested=true isSleeping=false topActivityInSizeCompat=false topActivityEligibleForLetterboxEducation= false topActivityLetterboxed= false isFromDoubleTap= false topActivityLetterboxVerticalPosition= -1 topActivityLetterboxHorizontalPosition= -1 topActivityLetterboxWidth=-1 topActivityLetterboxHeight=-1 locusId=null displayAreaFeatureId=1 cameraCompatControlState=hidden originallySupportedMultiWindow=true hasWallpaper=false topActivityInFixedAspectRatio=false rootAffinity=10408:org.test.myapp topActivityInDisplayCompat=false topActivityInBoundsCompat=false topActivityBounds=null singleTapFromLetterbox=false isTopTaskInStage=false topActivityUiMode=33 CoverLauncherWidgetTask=false CoverScreenTask=false isAllowedSeamlessRotation=false}, remoteTransition = null, displayChange = null }
04-03 18:14:22.413  1806  3583 V WindowManager: Collecting in transition 1053: ActivityRecord{ed1ba5 u0 org.test.myapp/org.kivy.android.PythonActivity t119 f}}, caller=com.android.server.wm.TransitionController.collect:866 com.android.server.wm.ActivityRecord.onRemovedFromDisplay:5115 com.android.server.wm.DisplayContent.removeAppToken:1874 com.android.server.wm.ActivityRecord.removeFromHistory:4757 com.android.server.wm.ActivityRecord.handleAppDied:5038 
04-03 18:14:22.413  1298  1644 I SurfaceFlinger: id=16330 Removed be1110f ActivityRecordInputSink org.test.myapp/org.kivy.android.PythonActivity#16330 (131)
04-03 18:14:22.418  1298  1298 I BufferQueueDebug: [org.test.myapp/org.kivy.android.PythonActivity$_13417#16332](this:0xb4000071fe8948f0,id:-1,api:0,p:-1,c:1298) onDestructor()
04-03 18:14:22.418  1298  1298 I Layer   : id=16332 Destroyed org.test.myapp/org.kivy.android.PythonActivity$_13417#16332
04-03 18:14:22.418  1298  1298 I BufferQueueDebug: [Bounds for - org.test.myapp/org.kivy.android.PythonActivity@0#16337](this:0xb4000071fe869d80,id:-1,api:0,p:-1,c:1298) onDestructor()
04-03 18:14:22.418  1298  1298 I Layer   : id=16337 Destroyed Bounds for - org.test.myapp/org.kivy.android.PythonActivity@0#16337
04-03 18:14:22.418  1298  1298 I BufferQueueDebug: [SurfaceView[org.test.myapp/org.kivy.android.PythonActivity]@0#16338](this:0xb4000071fe87dc70,id:-1,api:0,p:-1,c:1298) onDestructor()
04-03 18:14:22.418  1298  1298 I Layer   : id=16338 Destroyed SurfaceView[org.test.myapp/org.kivy.android.PythonActivity]@0#16338
04-03 18:14:22.418  1298  1298 I BufferQueueDebug: [Background for SurfaceView[org.test.myapp/org.kivy.android.PythonActivity]@0#16340](this:0xb4000071fe7befc0,id:-1,api:0,p:-1,c:1298) onDestructor()
04-03 18:14:22.418  1298  1298 I Layer   : id=16340 Destroyed Background for SurfaceView[org.test.myapp/org.kivy.android.PythonActivity]@0#16340
04-03 18:14:22.418  1298  1298 I BufferQueueDebug: [SurfaceView[org.test.myapp/org.kivy.android.PythonActivity]@0(BLAST)#16339](this:0xb4000071fe6beb20,id:-1,api:0,p:-1,c:1298) onDestructor()
04-03 18:14:22.418  1298  1298 I Layer   : id=16339 Destroyed SurfaceView[org.test.myapp/org.kivy.android.PythonActivity]@0(BLAST)#16339
04-03 18:14:22.418  1298  1298 I BufferQueueDebug: [c2f8879 org.test.myapp/org.kivy.android.PythonActivity#16331](this:0xb4000071fe8a2cc0,id:-1,api:0,p:-1,c:1298) onDestructor()
04-03 18:14:22.418  1298  1298 I Layer   : id=16331 Destroyed c2f8879 org.test.myapp/org.kivy.android.PythonActivity#16331
04-03 18:14:22.434  1298  1298 I Layer   : id=16324 removeFromCurrentState ActivityRecord{ed1ba5 u0 org.test.myapp/org.kivy.android.PythonActivity t119}#16324 (126)
04-03 18:14:22.434  1298  1298 I Layer   : id=16330 removeFromCurrentState be1110f ActivityRecordInputSink org.test.myapp/org.kivy.android.PythonActivity#16330 (126)
04-03 18:14:22.473  1806  1842 V WindowManager: Start calculating TransitionInfo based on participants: {ActivityRecord{ed1ba5 u0 org.test.myapp/org.kivy.android.PythonActivity t-1 f}}, WallpaperWindowToken{170810c token=android.os.Binder@dfc943f}, Task{36e6c34 #119 type=standard A=10408:org.test.myapp}, Task{b72d52e #6 type=home I=com.sec.android.app.launcher/.activities.LauncherActivity}, Task{eda8a2d #1 type=home}, ActivityRecord{f604873 u0 com.sec.android.app.launcher/.activities.LauncherActivity t6}}
04-03 18:14:22.476  1806  1838 V WindowManager: Sent Transition #1053 createdAt=04-03 18:14:22.410 via request=TransitionRequestInfo { type = CLOSE, triggerTask = TaskInfo{userId=0 taskId=119 displayId=0 isRunning=true baseIntent=Intent { act=org.kivy.android.PythonActivity flg=0x10000000 cmp=org.test.myapp/org.kivy.android.PythonActivity } baseActivity=ComponentInfo{org.test.myapp/org.kivy.android.PythonActivity} topActivity=ComponentInfo{org.test.myapp/org.kivy.android.PythonActivity} origActivity=null realActivity=ComponentInfo{org.test.myapp/org.kivy.android.PythonActivity} numActivities=1 lastActiveTime=433142436 supportsMultiWindow=true resizeMode=1 isResizeable=true minWidth=-1 minHeight=-1 maxWidth=-1 maxHeight=-1 defaultMinSize=220 token=WCT{RemoteToken{e6fcd5f Task{36e6c34 #119 type=standard A=10408:org.test.myapp}}} topActivityType=1 pictureInPictureParams=null shouldDockBigOverlays=false launchIntoPipHostTaskId=-1 lastParentTaskIdBeforePip=-1 displayCutoutSafeInsets=Rect(0, 75 - 0, 0) topActivityInfo=ActivityInfo{7d6ac44 org.kivy.android.PythonActivity} launchCookies=[] positionInParent=Point(0, 0) parentTaskId=-1 isFocused=true isVisible=true isVisibleRequested=true isSleeping=false topActivityInSizeCompat=false topActivityEligibleForLetterboxEducation= false topActivityLetterboxed= false isFromDoubleTap= false topActivityLetterboxVerticalPosition= -1 topActivityLetterboxHorizontalPosition= -1 topActivityLetterboxWidth=-1 topActivityLetterboxHeight=-1 locusId=null displayAreaFeatureId=1 cameraCompatControlState=hidden originallySupportedMultiWindow=true hasWallpaper=false topActivityInFixedAspectRatio=false rootAffinity=10408:org.test.myapp topActivityInDisplayCompat=false topActivityInBoundsCompat=false topActivityBounds=null singleTapFromLetterbox=false isTopTaskInStage=false topActivityUiMode=33 CoverLauncherWidgetTask=false CoverScreenTask=false isAllowedSeamlessRotation=false}, remoteTransition = null, displayChange = null }
04-03 18:14:22.484  1298  1298 I Layer   : id=16324 removeFromCurrentState ActivityRecord{ed1ba5 u0 org.test.myapp/org.kivy.android.PythonActivity t119}#16324 (128)
04-03 18:14:22.484  1298  1298 I Layer   : id=16330 removeFromCurrentState be1110f ActivityRecordInputSink org.test.myapp/org.kivy.android.PythonActivity#16330 (128)
04-03 18:14:22.995  1298  1880 I SurfaceFlinger: id=16324 Removed ActivityRecord{ed1ba5 u0 org.test.myapp/org.kivy.android.PythonActivity t119}#16324 (128)
04-03 18:14:23.001  1298  1298 I BufferQueueDebug: [ActivityRecord{ed1ba5 u0 org.test.myapp/org.kivy.android.PythonActivity t119}#16324](this:0xb4000071fe844d30,id:-1,api:0,p:-1,c:1298) onDestructor()
04-03 18:14:23.001  1298  1298 I Layer   : id=16324 Destroyed ActivityRecord{ed1ba5 u0 org.test.myapp/org.kivy.android.PythonActivity t119}#16324
04-03 18:14:23.001  1298  1298 I BufferQueueDebug: [be1110f ActivityRecordInputSink org.test.myapp/org.kivy.android.PythonActivity#16330](this:0xb4000071fe864260,id:-1,api:0,p:-1,c:1298) onDestructor()
04-03 18:14:23.001  1298  1298 I Layer   : id=16330 Destroyed be1110f ActivityRecordInputSink org.test.myapp/org.kivy.android.PythonActivity#16330
04-03 18:16:18.100 18633 18648 W gle.android.gms: ApkAssets: Deleting an ApkAssets object '<empty> and /data/app/~~l7OkALdKTgJ_0mDXqjv06w==/org.test.myapp-fhQC9aA1NC7pu9yJno6PwQ==/base.apk' with 1 weak references
04-03 18:17:12.990 18561 18583 W .gms.persistent: ApkAssets: Deleting an ApkAssets object '<empty> and /data/app/~~l7OkALdKTgJ_0mDXqjv06w==/org.test.myapp-fhQC9aA1NC7pu9yJno6PwQ==/base.apk' with 1 weak references
04-03 18:22:01.367  1806  1862 I AppsFilter: interaction: PackageSetting{6c14ca6 org.test.myapp/10408} -> PackageSetting{40c66e7 com.google.android.videos/10280} BLOCKED
04-03 18:35:13.423   711   711 I Finsky  : [2] akdo.c(68): VerifyApps: Install-time verification requested for package org.test.myapp, id = 44
04-03 18:35:13.439   711 15268 I Finsky  : [373] VerifyAppsInstallTask.akY(52): VerifyApps: Anti-malware verification task started for package=org.test.myapp
04-03 18:35:13.631 15269 15294 I GOS:GameServiceReceiver:  PkgInstallStarted for org.test.myapp UserID : 0
04-03 18:35:13.692 15269 15299 I GOS:GameIntentService: onPackageChanged(). extras: Bundle[{changeType=2, userId=0, type=15, packageName=org.test.myapp}]
04-03 18:35:13.692 15269 15299 I GOS:GameIntentService: onPackageChanged(). changeType(INSTALL_STARTED), pkgName(org.test.myapp), UserHandle(0), userId(0), Installed(true)
04-03 18:35:14.498   711 15307 I Finsky  : [377] akix.f(53): VerifyApps: Verification package=org.test.myapp, id=44, response=0, upload_requested=false
04-03 18:35:14.510  1806  1891 I PackageManager:           pkg{org.test.myapp}
04-03 18:35:14.575  1806  1848 I ActivityManager: Force stopping org.test.myapp appid=10408 user=-1: installPackageLI
04-03 18:35:14.576  1806  1890 I PackageManager: Update package org.test.myapp code path from /data/app/~~l7OkALdKTgJ_0mDXqjv06w==/org.test.myapp-fhQC9aA1NC7pu9yJno6PwQ== to /data/app/~~b6LAInHrFsfW3mvlWS47eA==/org.test.myapp-S-x5ZljGJXYJdnqDvNu8_g==; Retain data and using new
04-03 18:35:14.734  1806  1890 D PackageManager: isLocaleOptimizedPackage() -  Non optimized app: org.test.myapp. Proceed with normal install
04-03 18:35:14.747  1806  1890 I ActivityManager: Force stopping org.test.myapp appid=10408 user=0: pkg removed
04-03 18:35:14.763  2463  2463 I VvmPkgInstalledRcvr: packageName: org.test.myapp, systemDialer: com.samsung.android.dialer
04-03 18:35:14.765  3385  3478 I PackageInfoManager_FLP: action : ACTION_PACKAGE_REMOVED, packageName = org.test.myapp
04-03 18:35:14.765  1806  1847 I SGM:GameManager: PkgUpdateReceiver, onPackageRemoved : org.test.myapp userHandle : UserHandle{0} userID : 0
04-03 18:35:14.766  1806  1847 D MetaDataCollector: onReceive: done pkgName=org.test.myapp
04-03 18:35:14.768  1806  1963 D OverlayManager: reconcileSettingsForPackage pkgName=org.test.myapp userId=0
04-03 18:35:14.768  1806  1963 I OverlayManager: updateOverlaysForTarget() called with: targetPackage = [org.test.myapp], userId = [0], flags = [2]
04-03 18:35:14.771  1806  2033 D SGM:GosNotifyThread: notifyPackageChangedToGos(), before send intent to GOS. type:15, changeType: 1, pkgName:org.test.myapp, userHandleId:0
04-03 18:35:14.773  2486  2486 D Navbar.Store: handleEvent(0) OnPackageRemoved(packageName=org.test.myapp) [Module] NavBarStoreImpl
04-03 18:35:14.778  1806  1806 I Telecom : CarModeTracker: Package org.test.myapp is not tracked.: SSH.oR@Lt0
04-03 18:35:14.778  2486  2486 D FaceWidgetMusicViewModel: onPackageRemoved() pkg = org.test.myapp, r = true
04-03 18:35:14.779  2486  2486 D FaceWidgetMetadataParser: removePackage() key = org.test.myapp
04-03 18:35:14.781  1806  1838 D LocationManagerService: package org.test.myapp reset
04-03 18:35:14.781  1806  2464 I Pageboost: remove app @ runtime : org.test.myapp
04-03 18:35:14.806  2463  2463 I VvmPkgInstalledRcvr:  NOT contains : org.test.myapp
04-03 18:35:14.816  1806  1996 D SEP_UNION_SemDeviceInfoManagerService: Package org.test.myapp is removed on User 0 
04-03 18:35:14.816  1806  1847 D LauncherAppsService: Calling onPackageRemoved: org.test.myapp, EXTRA_REPLACING: true
04-03 18:35:14.818  1806  1963 D OverlayManager: reconcileSettingsForPackage pkgName=org.test.myapp userId=0
04-03 18:35:14.818  1806  1963 I OverlayManager: updateOverlaysForTarget() called with: targetPackage = [org.test.myapp], userId = [0], flags = [0]
04-03 18:35:14.830  1806  2040 W PackageConfigPersister: App-specific configuration not found for packageName: org.test.myapp and userId: 0
04-03 18:35:14.840  1806  2293 I AppWidgetServiceImpl: Received broadcast: android.intent.action.PACKAGE_ADDED, Updates all providers with org.test.myapp, userId: 0
04-03 18:35:14.841  1806  2293 I AppWidgetServiceImpl: queryIntentReceivers intent : Intent { act=android.appwidget.action.APPWIDGET_UPDATE pkg=org.test.myapp }  userid : 0  flags : 268436608 result : 0
04-03 18:35:14.841  1806  2354 I SdkSandboxManager: No SDKs used. Skipping SDK data reconcilation for CallingInfo{mUid=10408, mPackageName='org.test.myapp, mAppProcessToken='null'}
04-03 18:35:14.841  1806  1838 I CDM_CompanionDeviceManagerService: onPackageModified() u0/org.test.myapp
04-03 18:35:14.851  2463  2463 D CarrierSvcBindHelper: onPackageUpdateFinished: org.test.myapp
04-03 18:35:14.851  2463  2463 D CarrierSvcBindHelper: onPackageModified: org.test.myapp
04-03 18:35:14.852  2463  2735 D ImsResolver: maybeAddedImsService, packageName: org.test.myapp
04-03 18:35:14.853  2463  2463 I VvmPkgInstalledRcvr: packageName: org.test.myapp, systemDialer: com.samsung.android.dialer
04-03 18:35:14.860  1806  1806 D SGM:GameManager: identifyGamePackage. org.test.myapp, mCurrentUserId: 0, callerUserId: 0, callingMethodInfo: com.samsung.android.game.SemGameManager.isGamePackage(SemGameManager.java:104)
04-03 18:35:14.860  1806  1806 D SGM:PkgDataHelper: getGamePkgData(). org.test.myapp
04-03 18:35:14.860  1806  1806 D SGM:SemGameManager: isGamePackage(), pkgName=org.test.myapp, ret=false
04-03 18:35:14.863  1806  1806 W AlarmManager: Package org.test.myapp, uid 10408 lost permission to set exact alarms!
04-03 18:35:14.864  1806  2340 D SGM:GameManager: identifyGamePackage. org.test.myapp, mCurrentUserId: 0, callerUserId: 0, callingMethodInfo: com.samsung.android.game.SemGameManager.isGamePackage(SemGameManager.java:104)
04-03 18:35:14.864  1806  2340 D SGM:PkgDataHelper: getGamePkgData(). org.test.myapp
04-03 18:35:14.864  1806  2340 D SGM:SemGameManager: isGamePackage(), pkgName=org.test.myapp, ret=false
04-03 18:35:14.873  3385  3478 I PackageInfoManager_FLP: action : ACTION_PACKAGE_ADDED, packageName = org.test.myapp
04-03 18:35:14.877  2463  2463 I VvmPkgInstalledRcvr:  NOT contains : org.test.myapp
04-03 18:35:14.878  1806  1806 I Telecom:SamsungOpenCommunicationPlatformPolicyPackageBroadcastReceiver: action : android.intent.action.PACKAGE_ADDED / packageName : org.test.myapp
04-03 18:35:14.903  1806  2464 D SGM:GameManager: identifyGamePackage. org.test.myapp, mCurrentUserId: 0, callerUserId: 0, callingMethodInfo: com.samsung.android.game.SemGameManager.isGamePackage(SemGameManager.java:104)
04-03 18:35:14.903  1806  2464 D SGM:PkgDataHelper: getGamePkgData(). org.test.myapp
04-03 18:35:14.903  1806  2464 D SGM:SemGameManager: isGamePackage(), pkgName=org.test.myapp, ret=false
04-03 18:35:14.903  1806  2464 I Pageboost: appinfo : org.test.myapp 0 0 0 0
04-03 18:35:14.904  1806  2464 D SGM:GameManager: identifyGamePackage. org.test.myapp, mCurrentUserId: 0, callerUserId: 0, callingMethodInfo: com.samsung.android.game.SemGameManager.isGamePackage(SemGameManager.java:104)
04-03 18:35:14.904  1806  2464 D SGM:PkgDataHelper: getGamePkgData(). org.test.myapp
04-03 18:35:14.904  1806  2464 D SGM:SemGameManager: isGamePackage(), pkgName=org.test.myapp, ret=false
04-03 18:35:14.904  1806  2464 I Pageboost: Reset this app info : org.test.myapp 
04-03 18:35:14.909  2486  2576 D BluetoothEventManager: AppPackageChangedHandler: package name = org.test.myapp
04-03 18:35:14.909  2486  2628 D PluginActionManager: queryPkg org.test.myapp com.android.systemui.action.PLUGIN_NOTIFICATION_MENU_ROW
04-03 18:35:14.910  2486  2628 D PluginActionManager: queryPkg org.test.myapp com.android.systemui.action.PLUGIN_NOTIFICATION_MENU_ROW
04-03 18:35:14.910  2486  2628 D PluginActionManager: queryPkg org.test.myapp com.android.systemui.action.PLUGIN_GLOBAL_ACTIONS
04-03 18:35:14.910  2486  2628 D PluginActionManager: queryPkg org.test.myapp com.android.systemui.action.PLUGIN_NOTIFICATION_MENU_ROW
04-03 18:35:14.910  2486  2628 D PluginActionManager: queryPkg org.test.myapp com.android.systemui.action.PLUGIN_VOLUME
04-03 18:35:14.911  2486  2628 D PluginActionManager: queryPkg org.test.myapp com.android.systemui.action.PLUGIN_NOTIFICATION_MENU_ROW
04-03 18:35:14.911  2486  2628 D PluginActionManager: queryPkg org.test.myapp com.android.systemui.action.PLUGIN_QS_FACTORY
04-03 18:35:14.911  2486  2628 D PluginActionManager: queryPkg org.test.myapp com.android.systemui.action.PLUGIN_NOTIFICATION_MENU_ROW
04-03 18:35:14.912  2486  2628 D PluginActionManager: queryPkg org.test.myapp com.android.systemui.action.PLUGIN_NOTIFICATION_MENU_ROW
04-03 18:35:14.912  2486  2628 D PluginActionManager: queryPkg org.test.myapp com.android.systemui.action.PEOPLE_HUB_PERSON_EXTRACTOR
04-03 18:35:14.912  2486  2628 D PluginActionManager: queryPkg org.test.myapp com.android.systemui.action.PLUGIN_NOTIFICATION_MENU_ROW
04-03 18:35:14.912  2486  2628 D PluginActionManager: queryPkg org.test.myapp com.android.systemui.action.PLUGIN_OVERLAY
04-03 18:35:14.912  2486  2628 D PluginActionManager: queryPkg org.test.myapp com.android.systemui.action.PLUGIN_NOTIFICATION_MENU_ROW
04-03 18:35:14.913  2486  2628 D PluginActionManager: queryPkg org.test.myapp com.android.systemui.action.PLUGIN_NOTIFICATION_MENU_ROW
04-03 18:35:14.914  2486  2628 D PluginActionManager: queryPkg org.test.myapp com.android.systemui.action.PLUGIN_NOTIFICATION_MENU_ROW
04-03 18:35:14.918  2486  2486 D FaceWidgetMetadataParser: updatePackage() org.test.myapp true
04-03 18:35:14.918  2486  2628 D PluginActionManager: queryPkg org.test.myapp com.samsung.systemui.action.PLUGIN_FACE_WIDGET
04-03 18:35:14.918  2486  2628 D PluginActionManager: queryPkg org.test.myapp com.android.systemui.action.PLUGIN_NOTIFICATION_MENU_ROW
04-03 18:35:14.919  2486  2628 D PluginActionManager: queryPkg org.test.myapp com.android.systemui.action.PLUGIN_QS
04-03 18:35:14.919  2486  2628 D PluginActionManager: queryPkg org.test.myapp com.android.systemui.action.PLUGIN_NOTIFICATION_MENU_ROW
04-03 18:35:14.919  2486  2628 D PluginActionManager: queryPkg org.test.myapp com.android.systemui.action.PLUGIN_NOTIFICATION_MENU_ROW
04-03 18:35:14.919  2486  2628 D PluginActionManager: queryPkg org.test.myapp com.android.systemui.action.PLUGIN_NOTIFICATION_MENU_ROW
04-03 18:35:14.920  2486  2628 D PluginActionManager: queryPkg org.test.myapp com.android.systemui.action.PLUGIN_NOTIFICATION_MENU_ROW
04-03 18:35:14.920  2486  2628 D PluginActionManager: queryPkg org.test.myapp com.android.systemui.action.PLUGIN_NOTIFICATION_MENU_ROW
04-03 18:35:14.920  2486  2628 D PluginActionManager: queryPkg org.test.myapp com.android.systemui.action.PLUGIN_SENSOR_MANAGER
04-03 18:35:14.920  2486  2628 D PluginActionManager: queryPkg org.test.myapp com.android.systemui.action.PLUGIN_NOTIFICATION_MENU_ROW
04-03 18:35:14.920  2486  2628 D PluginActionManager: queryPkg org.test.myapp com.android.systemui.action.PLUGIN_TOAST
04-03 18:35:14.921  2486  2628 D PluginActionManager: queryPkg org.test.myapp com.android.systemui.action.PLUGIN_NOTIFICATION_MENU_ROW
04-03 18:35:14.921  2486  2628 D PluginActionManager: queryPkg org.test.myapp com.android.systemui.action.PLUGIN_NOTIFICATION_MENU_ROW
04-03 18:35:14.923  2486  2628 D PluginActionManager: queryPkg org.test.myapp com.android.systemui.action.PLUGIN_NOTIFICATION_MENU_ROW
04-03 18:35:14.924  2486  2628 D PluginActionManager: queryPkg org.test.myapp com.android.systemui.action.PLUGIN_NOTIFICATION_MENU_ROW
04-03 18:35:14.924  2486  2628 D PluginActionManager: queryPkg org.test.myapp com.android.systemui.action.PLUGIN_NOTIFICATION_ASSISTANT
04-03 18:35:14.925  2486  2628 D PluginActionManager: queryPkg org.test.myapp com.android.systemui.action.PLUGIN_CLOCK_PROVIDER
04-03 18:35:14.925  2486  2628 D PluginActionManager: queryPkg org.test.myapp com.android.systemui.action.PLUGIN_NOTIFICATION_MENU_ROW
04-03 18:35:14.926  2486  2486 D FaceWidgetMetadataParser: removePackage() key = org.test.myapp
04-03 18:35:14.933  1806  1831 W system_server: ApkAssets: Deleting an ApkAssets object '<empty> and /data/app/~~E74ozuWQIOFqDP9VzI6vFw==/org.test.myapp-tW-5N29cFPfaj7RnBwAY1Q==/base.apk' with 1 weak references
04-03 18:35:14.945  1806  2464 I Pageboost: db create : CREATE TABLE IF NOT EXISTS orgtestmyapp (FILENAME TEXT, OFFSET INTEGER, SIZE INTEGER, FORVRAMDISK INTEGER, BITMAP BLOB, unique (FILENAME, OFFSET) );
04-03 18:35:14.953 13389 13389 I Routine@Core[4.5.00.54]: MetadataLoaderImpl: collectInBackground - packageName:org.test.myapp
04-03 18:35:14.954 13389 13389 I Routine@Core[4.5.00.54]: MetadataSyncBacklog: add: null + org.test.myapp
04-03 18:35:14.956 18633 15390 W SQLiteLog: (28) double-quoted string literal: "org.test.myapp"
04-03 18:35:14.957  1806  2464 I Pageboost: add app to global @ runtime: org.test.myapp
04-03 18:35:14.958   711   711 I Finsky  : [2] kqc.f(7): AIM: AppInfoCacheUpdater -> invalidating apps: [org.test.myapp]
04-03 18:35:14.961   711   953 I Finsky  : [209] krx.a(47): AIM: AppInfoManager-Perf > OnDeviceAppInfo > cacheHitCount=0, cacheMissCount=1. Missed  in cache (limit 10) : [org.test.myapp]
04-03 18:35:14.966   711   711 I Finsky  : [2] sil.aiq(59): IQ: onPackageRemoved org.test.myapp, replacing=true, uninstallingFromPlay=false
04-03 18:35:14.971  1806  2354 I SdkSandboxManager: No SDKs used. Skipping SDK data reconcilation for CallingInfo{mUid=10408, mPackageName='org.test.myapp, mAppProcessToken='null'}
04-03 18:35:14.987   711   711 I Finsky  : [2] kqc.f(7): AIM: AppInfoCacheUpdater -> invalidating apps: [org.test.myapp]
04-03 18:35:15.015  2486  2628 D PluginActionManager: queryPkg org.test.myapp com.android.systemui.action.PLUGIN_NOTIFICATION_MENU_ROW
04-03 18:35:15.015  2486  2628 D PluginActionManager: queryPkg org.test.myapp com.android.systemui.action.PLUGIN_NOTIFICATION_MENU_ROW
04-03 18:35:15.016  2486  2628 D PluginActionManager: queryPkg org.test.myapp com.android.systemui.action.PLUGIN_GLOBAL_ACTIONS
04-03 18:35:15.016  2486  2628 D PluginActionManager: queryPkg org.test.myapp com.android.systemui.action.PLUGIN_NOTIFICATION_MENU_ROW
04-03 18:35:15.017  2486  2628 D PluginActionManager: queryPkg org.test.myapp com.android.systemui.action.PLUGIN_VOLUME
04-03 18:35:15.018 13389 13389 I Routine@Core[4.5.00.54]: MetadataLoaderJobService: onStartJob: collectPackageInBG - org.test.myapp
04-03 18:35:15.018   711   962 I Finsky  : [213] krx.a(47): AIM: AppInfoManager-Perf > OnDeviceAppInfo > cacheHitCount=0, cacheMissCount=1. Missed  in cache (limit 10) : [org.test.myapp]
04-03 18:35:15.019  2486  2628 D PluginActionManager: queryPkg org.test.myapp com.android.systemui.action.PLUGIN_NOTIFICATION_MENU_ROW
04-03 18:35:15.026   711   711 I Finsky  : [2] VerifyInstallTask.akX(71): VerifyApps: Verification complete: id=44, package_name=org.test.myapp
04-03 18:35:15.029  2486  2628 D PluginActionManager: queryPkg org.test.myapp com.android.systemui.action.PLUGIN_QS_FACTORY
04-03 18:35:15.029  2486  2628 D PluginActionManager: queryPkg org.test.myapp com.android.systemui.action.PLUGIN_NOTIFICATION_MENU_ROW
04-03 18:35:15.029 13389 13389 I Routine@Core[4.5.00.54]: MetadataLoaderJobService: packageName : org.test.myapp, forced : true
04-03 18:35:15.030 13389 13556 I Routine@Core[4.5.00.54]: MetadataLoadManager: collect: org.test.myapp
04-03 18:35:15.030 13389 13556 I Routine@Core[4.5.00.54]: MetadataLoadManager: collectWithCollectors - org.test.myapp
04-03 18:35:15.032 13389 13556 I Routine@Core[4.5.00.54]: MetadataLoadManager: doPostCollectionTasks - packageName:org.test.myapp
04-03 18:35:15.033  2486  2628 D PluginActionManager: queryPkg org.test.myapp com.android.systemui.action.PLUGIN_NOTIFICATION_MENU_ROW
04-03 18:35:15.033  2486  2628 D PluginActionManager: queryPkg org.test.myapp com.android.systemui.action.PEOPLE_HUB_PERSON_EXTRACTOR
04-03 18:35:15.033  2486  2628 D PluginActionManager: queryPkg org.test.myapp com.android.systemui.action.PLUGIN_NOTIFICATION_MENU_ROW
04-03 18:35:15.033  2486  2628 D PluginActionManager: queryPkg org.test.myapp com.android.systemui.action.PLUGIN_OVERLAY
04-03 18:35:15.033  2486  2628 D PluginActionManager: queryPkg org.test.myapp com.android.systemui.action.PLUGIN_NOTIFICATION_MENU_ROW
04-03 18:35:15.034  2486  2628 D PluginActionManager: queryPkg org.test.myapp com.android.systemui.action.PLUGIN_NOTIFICATION_MENU_ROW
04-03 18:35:15.034  2486  2628 D PluginActionManager: queryPkg org.test.myapp com.android.systemui.action.PLUGIN_NOTIFICATION_MENU_ROW
04-03 18:35:15.034  2486  2628 D PluginActionManager: queryPkg org.test.myapp com.samsung.systemui.action.PLUGIN_FACE_WIDGET
04-03 18:35:15.034  2486  2628 D PluginActionManager: queryPkg org.test.myapp com.android.systemui.action.PLUGIN_NOTIFICATION_MENU_ROW
04-03 18:35:15.034  2486  2628 D PluginActionManager: queryPkg org.test.myapp com.android.systemui.action.PLUGIN_QS
04-03 18:35:15.034  2486  2628 D PluginActionManager: queryPkg org.test.myapp com.android.systemui.action.PLUGIN_NOTIFICATION_MENU_ROW
04-03 18:35:15.034  2486  2628 D PluginActionManager: queryPkg org.test.myapp com.android.systemui.action.PLUGIN_NOTIFICATION_MENU_ROW
04-03 18:35:15.034  2486  2628 D PluginActionManager: queryPkg org.test.myapp com.android.systemui.action.PLUGIN_NOTIFICATION_MENU_ROW
04-03 18:35:15.034  2486  2628 D PluginActionManager: queryPkg org.test.myapp com.android.systemui.action.PLUGIN_NOTIFICATION_MENU_ROW
04-03 18:35:15.034  2486  2628 D PluginActionManager: queryPkg org.test.myapp com.android.systemui.action.PLUGIN_NOTIFICATION_MENU_ROW
04-03 18:35:15.035  2486  2628 D PluginActionManager: queryPkg org.test.myapp com.android.systemui.action.PLUGIN_SENSOR_MANAGER
04-03 18:35:15.035  2486  2628 D PluginActionManager: queryPkg org.test.myapp com.android.systemui.action.PLUGIN_NOTIFICATION_MENU_ROW
04-03 18:35:15.035  2486  2628 D PluginActionManager: queryPkg org.test.myapp com.android.systemui.action.PLUGIN_TOAST
04-03 18:35:15.035  2486  2628 D PluginActionManager: queryPkg org.test.myapp com.android.systemui.action.PLUGIN_NOTIFICATION_MENU_ROW
04-03 18:35:15.035  2486  2628 D PluginActionManager: queryPkg org.test.myapp com.android.systemui.action.PLUGIN_NOTIFICATION_MENU_ROW
04-03 18:35:15.035  2486  2628 D PluginActionManager: queryPkg org.test.myapp com.android.systemui.action.PLUGIN_NOTIFICATION_MENU_ROW
04-03 18:35:15.035  2486  2628 D PluginActionManager: queryPkg org.test.myapp com.android.systemui.action.PLUGIN_NOTIFICATION_MENU_ROW
04-03 18:35:15.035  2486  2628 D PluginActionManager: queryPkg org.test.myapp com.android.systemui.action.PLUGIN_NOTIFICATION_ASSISTANT
04-03 18:35:15.035  2486  2628 D PluginActionManager: queryPkg org.test.myapp com.android.systemui.action.PLUGIN_CLOCK_PROVIDER
04-03 18:35:15.036  2486  2628 D PluginActionManager: queryPkg org.test.myapp com.android.systemui.action.PLUGIN_NOTIFICATION_MENU_ROW
04-03 18:35:15.059 11991 11991 I SafetyLabelChangedBroadcastReceiver: received broadcast packageName: org.test.myapp, current user: UserHandle{0}, packageChangeEvent: UPDATE, intent user: UserHandle{0}
04-03 18:35:15.064  1806  1847 I SGM:GameManager: PkgUpdateReceiver, onPackageAdded : org.test.myapp userHandle : UserHandle{0} userId : 0
04-03 18:35:15.066  1806  2033 D SGM:GosNotifyThread: notifyPackageChangedToGos(), before send intent to GOS. type:15, changeType: 0, pkgName:org.test.myapp, userHandleId:0
04-03 18:35:15.071  1806  1847 D LauncherApps: onPackageChanged 0,org.test.myapp
04-03 18:35:15.071 27961 27974 D LauncherApps: onPackageChanged 0,org.test.myapp
04-03 18:35:15.071  3006  3006 I HoneySpace.PackageOperationTracker: onPackageChanged - org.test.myapp UserHandle{0}
04-03 18:35:15.072  2486  2533 D LauncherApps: onPackageChanged 0,org.test.myapp
04-03 18:35:15.073  3006 14115 I HoneySpace.PackageSourceImpl: addActivityToList [ADD] : org.test.myapp/org.kivy.android.PythonActivity#UserHandle{0}
04-03 18:35:15.073  3006 14115 I HoneySpace.IconCache: remove icon cache & DB : ComponentInfo{org.test.myapp/org.kivy.android.PythonActivity}
04-03 18:35:15.075  1806  1841 I ChimeraSystemEventListener: appLaunchIntent package name is: org.test.myapp
04-03 18:35:15.083  3006 14115 I AppIconSolution: getThemeIconWithBG called with public API, pkg = org.test.myapp, mode = 48
04-03 18:35:15.088 18561 15374 I ProximityAuth: [RecentAppsMediator] Package added: (user=UserHandle{0}) org.test.myapp
