04-03 19:41:40.986  2486  2572 I ViewRootImpl@761967[myapp]: dispatchDetachedFromWindow
04-03 19:41:40.986  1806  4820 D WindowManager: Starting window removed Window{5c0852b u0 Splash Screen org.test.myapp}
04-03 19:41:40.986  1806  4820 I WindowManager: Cancelling animation restarting=false, leash=Surface(name=Surface(name=fac89c6 org.test.myapp/org.kivy.android.PythonActivity)/@0xe1f65b0 - animation-leash of starting_reveal)/@0xa7a1c29
04-03 19:41:40.986  1806  4820 I WindowManager: Reparenting to original parent: Surface(name=ActivityRecord{5aeacdf u0 org.test.myapp/org.kivy.android.PythonActivity t121})/@0x4548927, destroy=false, surface=Surface(name=fac89c6 org.test.myapp/org.kivy.android.PythonActivity)/@0xe1f65b0
04-03 19:41:40.986  1806  4820 W InputManager-JNI: Input channel object '5c0852b Splash Screen org.test.myapp (client)' was disposed without first being removed with the input manager!
04-03 19:41:40.987  1806  4820 V WindowManager: Remove Window{5c0852b u0 Splash Screen org.test.myapp}: mSurfaceController=Surface(name=Splash Screen org.test.myapp$_2486)/@0xd6c230d mAnimatingExit=false mRemoveOnExit=false mHasSurface=true surfaceShowing=false animating=false app-animation=false mDisplayFrozen=false callers=com.android.server.wm.WindowManagerService.removeWindow:2149 com.android.server.wm.Session.remove:245 android.view.IWindowSession$Stub.onTransact:725 com.android.server.wm.Session.onTransact:192 android.os.Binder.execTransactInternal:1380 android.os.Binder.execTransact:1311 
04-03 19:41:40.987  1806  4820 I WindowManager: Destroying surface Surface(name=Splash Screen org.test.myapp$_2486)/@0xd6c230d called by com.android.server.wm.WindowStateAnimator.destroySurface:789 com.android.server.wm.WindowStateAnimator.destroySurfaceLocked:472 com.android.server.wm.WindowState.removeImmediately:2904 com.android.server.wm.WindowState.removeIfPossible:3140 com.android.server.wm.WindowManagerService.removeWindow:2149 com.android.server.wm.Session.remove:245 android.view.IWindowSession$Stub.onTransact:725 com.android.server.wm.Session.onTransact:192 
04-03 19:41:40.989  1298  1298 D SurfaceFlinger:      DEVICE | 0xb40000722e6163d0 | 0102 | RGBA_8888    |    0.0    0.0 1080.0 2339.0 |    0    1 1080 2340 | org.test.myapp/org.kivy.android.PythonActivity$_20681#16500
04-03 19:41:40.991  1298  1298 I Layer   : id=16493 removeFromCurrentState 5c0852b Splash Screen org.test.myapp#16493 (127)
04-03 19:41:40.991  1298  1298 I Layer   : id=16494 removeFromCurrentState Splash Screen org.test.myapp$_2486#16494 (127)
04-03 19:41:40.991  1298  1298 I Layer   : id=16494 removeFromCurrentState Splash Screen org.test.myapp$_2486#16494 (127)
04-03 19:41:40.991  1298  1298 I Layer   : id=16503 removeFromCurrentState Surface(name=fac89c6 org.test.myapp/org.kivy.android.PythonActivity)/@0xe1f65b0 - animation-leash of starting_reveal#16503 (127)
04-03 19:41:40.992  2486   357 D BLASTBufferQueue: [ViewRootImpl@761967[myapp]#607](f:0,a:1) destructor()
04-03 19:41:40.992  1298  1298 I SurfaceFlinger: id=16493 Removed 5c0852b Splash Screen org.test.myapp#16493 (127)
04-03 19:41:40.995  2486   357 D BufferQueueConsumer: [ViewRootImpl@761967[myapp]#607(BLAST Consumer)607](id:9b60000026e,api:0,p:-1,c:2486) disconnect
04-03 19:41:40.998  1298  1360 I SurfaceFlinger: id=16494 Removed Splash Screen org.test.myapp$_2486#16494 (127)
04-03 19:41:40.999  1298  1298 I BufferQueueDebug: [5c0852b Splash Screen org.test.myapp#16493](this:0xb4000071fe6beb20,id:-1,api:0,p:-1,c:1298) onDestructor()
04-03 19:41:40.999  1298  1298 I Layer   : id=16493 Destroyed 5c0852b Splash Screen org.test.myapp#16493
04-03 19:41:41.000  1298  1298 I BufferQueueDebug: [Splash Screen org.test.myapp$_2486#16494](this:0xb4000071fe87aee0,id:-1,api:0,p:-1,c:1298) onDestructor()
04-03 19:41:41.000  1298  1298 I Layer   : id=16494 Destroyed Splash Screen org.test.myapp$_2486#16494
04-03 19:41:41.090  1806  2267 D MdnieScenarioControlService:  packageName : org.test.myapp    className : org.kivy.android.PythonActivity
04-03 19:41:41.173  3006 20260 I SearchEngineAppSuggestion: package changed: org.test.myapp
04-03 19:41:41.224 20681 20744 V pythonutil: Unpacking /data/app/~~ZB9VdK7zQkG79lx49KyQBQ==/org.test.myapp-KGYwAEk53VFhfewI8JPqZA==/lib/arm64/libpybundle app
04-03 19:41:41.224 20681 20744 V pythonutil: Extracting /data/app/~~ZB9VdK7zQkG79lx49KyQBQ==/org.test.myapp-KGYwAEk53VFhfewI8JPqZA==/lib/arm64/libpybundle assets.
04-03 19:41:41.397  1806  2340 W SemWifiTransportLayerUtils: getApplicationCategory - IOException org.test.myapp
04-03 19:41:41.397  1806  2340 W System.err: java.io.FileNotFoundException: https://play.google.com/store/apps/details?id=org.test.myapp&hl=en
04-03 19:41:41.471  1806  1841 D SGM:GameManager: identifyForegroundApp. org.test.myapp, mCurrentUserId: 0, callerUserId: 0
04-03 19:41:41.471  1806  1841 D SGM:PkgDataHelper: getGamePkgData(). org.test.myapp
04-03 19:41:42.517  1298  1360 D SurfaceFlinger: [SF client] NEW(0xb40000724e6109a0) for (20681:org.test.myapp)
04-03 19:41:42.533  1806  4820 V WindowManager: Relayout Window{fac89c6 u0 org.test.myapp/org.kivy.android.PythonActivity}: viewVisibility=0 req=1080x2340 d0
04-03 19:41:42.535  1298  2108 E BufferQueueDebug: [Bounds for - org.test.myapp/org.kivy.android.PythonActivity@0#16505](this:0xb4000071fe833bd0,id:-1,api:0,p:-1,c:-1) id info cannot be read from 'Bounds for - org.test.myapp/org.kivy.android.PythonActivity@0#16505'
04-03 19:41:42.535  1298  2108 I BufferQueueDebug: [Bounds for - org.test.myapp/org.kivy.android.PythonActivity@0#16505](this:0xb4000071fe833bd0,id:-1,api:0,p:-1,c:-1) BufferQueue core=(1298:/system/bin/surfaceflinger)
04-03 19:41:42.536  1298  2108 I SurfaceFlinger: id=16505 createSurf, flag=20004, Bounds for - org.test.myapp/org.kivy.android.PythonActivity@0#16505
04-03 19:41:42.537  1298  2108 E BufferQueueDebug: [SurfaceView[org.test.myapp/org.kivy.android.PythonActivity]@0#16506](this:0xb4000071fe7befc0,id:-1,api:0,p:-1,c:-1) id info cannot be read from 'SurfaceView[org.test.myapp/org.kivy.android.PythonActivity]@0#16506'
04-03 19:41:42.537  1298  2108 I BufferQueueDebug: [SurfaceView[org.test.myapp/org.kivy.android.PythonActivity]@0#16506](this:0xb4000071fe7befc0,id:-1,api:0,p:-1,c:-1) BufferQueue core=(1298:/system/bin/surfaceflinger)
04-03 19:41:42.537  1298  2108 I SurfaceFlinger: id=16506 createSurf, flag=84004, SurfaceView[org.test.myapp/org.kivy.android.PythonActivity]@0#16506
04-03 19:41:42.538  1298  2108 E BufferQueueDebug: [SurfaceView[org.test.myapp/org.kivy.android.PythonActivity]@0(BLAST)#16507](this:0xb4000071fe8d60e0,id:-1,api:0,p:-1,c:-1) id info cannot be read from 'SurfaceView[org.test.myapp/org.kivy.android.PythonActivity]@0(BLAST)#16507'
04-03 19:41:42.538  1298  2108 I BufferQueueDebug: [SurfaceView[org.test.myapp/org.kivy.android.PythonActivity]@0(BLAST)#16507](this:0xb4000071fe8d60e0,id:-1,api:0,p:-1,c:-1) BufferQueue core=(1298:/system/bin/surfaceflinger)
04-03 19:41:42.538  1298  2108 I SurfaceFlinger: id=16507 createSurf, flag=44400, SurfaceView[org.test.myapp/org.kivy.android.PythonActivity]@0(BLAST)#16507
04-03 19:41:42.539  1298  1360 E BufferQueueDebug: [Background for SurfaceView[org.test.myapp/org.kivy.android.PythonActivity]@0#16508](this:0xb4000071fe87aee0,id:-1,api:0,p:-1,c:-1) id info cannot be read from 'Background for SurfaceView[org.test.myapp/org.kivy.android.PythonActivity]@0#16508'
04-03 19:41:42.539  1298  1360 I BufferQueueDebug: [Background for SurfaceView[org.test.myapp/org.kivy.android.PythonActivity]@0#16508](this:0xb4000071fe87aee0,id:-1,api:0,p:-1,c:-1) BufferQueue core=(1298:/system/bin/surfaceflinger)
04-03 19:41:42.539  1298  1360 I SurfaceFlinger: id=16508 createSurf, flag=20404, Background for SurfaceView[org.test.myapp/org.kivy.android.PythonActivity]@0#16508
04-03 19:41:42.547 20681 20817 V SDL     : Running main function SDL_main from library /data/app/~~ZB9VdK7zQkG79lx49KyQBQ==/org.test.myapp-KGYwAEk53VFhfewI8JPqZA==/lib/arm64/libmain.so
04-03 19:41:42.548 20681 20817 I python  : /data/user/0/org.test.myapp/files/app
04-03 19:41:42.548 20681 20817 I python  : /data/user/0/org.test.myapp/files/app/_python_bundle/stdlib.zip:/data/user/0/org.test.myapp/files/app/_python_bundle/modules
04-03 19:41:42.562  1806  4820 V WindowManager: Relayout Window{fac89c6 u0 org.test.myapp/org.kivy.android.PythonActivity}: viewVisibility=0 req=1080x2340 d0
04-03 19:41:42.563 20681 20681 I ViewRootImpl@1d795e4[PythonActivity]: updateBoundsLayer: t=android.view.SurfaceControl$Transaction@debd177 sc=Surface(name=Bounds for - org.test.myapp/org.kivy.android.PythonActivity@0)/@0x44a1e4 frame=3
04-03 19:41:42.566  1298  1298 I BufferQueueProducer: [org.test.myapp/org.kivy.android.PythonActivity$_20681#16500](this:0xb4000071fe7e1280,id:-1,api:0,p:-1,c:1298) queueBuffer: fps=0.61 dur=1649.92 max=1649.92 min=1649.92
04-03 19:41:42.570  1298  1298 D SurfaceFlinger:      DEVICE | 0xb40000722e5f5110 | 0100 | RGBA_8888    |    0.0    0.0 1080.0 2340.0 |    0    0 1080 2340 | org.test.myapp/org.kivy.android.PythonActivity$_20681#16500
04-03 19:41:42.573 20681 20817 I python  : Android path ['.', '/data/user/0/org.test.myapp/files/app/_python_bundle/stdlib.zip', '/data/user/0/org.test.myapp/files/app/_python_bundle/modules', '/data/user/0/org.test.myapp/files/app/_python_bundle/site-packages']
04-03 19:41:42.596 20681 20817 I python  :   File "/media/captaindeathead/HardDrive/PythonProjects/Farm_CEO/.buildozer/android/platform/build-arm64-v8a_armeabi-v7a/build/python-installs/myapp/arm64-v8a/pygame/__init__.py", line 127, in <module>
04-03 19:41:42.596 20681 20817 I python  : ImportError: dlopen failed: "/data/data/org.test.myapp/files/app/_python_bundle/site-packages/pygame/base.so" is for EM_X86_64 (62) instead of EM_AARCH64 (183)
04-03 19:41:42.734 20681 20817 D RefBase :   #02 pc 0000000000313f6c  /data/app/~~ZB9VdK7zQkG79lx49KyQBQ==/org.test.myapp-KGYwAEk53VFhfewI8JPqZA==/lib/arm64/libpython3.11.so (Py_Exit+32)
04-03 19:41:42.734 20681 20817 D RefBase :   #03 pc 0000000000319dd0  /data/app/~~ZB9VdK7zQkG79lx49KyQBQ==/org.test.myapp-KGYwAEk53VFhfewI8JPqZA==/lib/arm64/libpython3.11.so
04-03 19:41:42.734 20681 20817 D RefBase :   #04 pc 0000000000319688  /data/app/~~ZB9VdK7zQkG79lx49KyQBQ==/org.test.myapp-KGYwAEk53VFhfewI8JPqZA==/lib/arm64/libpython3.11.so (PyRun_SimpleStringFlags+236)
04-03 19:41:42.734 20681 20817 D RefBase :   #05 pc 00000000000027e0  /data/app/~~ZB9VdK7zQkG79lx49KyQBQ==/org.test.myapp-KGYwAEk53VFhfewI8JPqZA==/lib/arm64/libmain.so (SDL_main+2824) (BuildId: 1245b6c9b31805be26294f053100856794a1ed48)
04-03 19:41:42.734 20681 20817 D RefBase :   #06 pc 00000000000b1524  /data/app/~~ZB9VdK7zQkG79lx49KyQBQ==/org.test.myapp-KGYwAEk53VFhfewI8JPqZA==/lib/arm64/libSDL2.so (Java_org_libsdl_app_SDLActivity_nativeRunMain+772) (BuildId: e596a48b4346fe58396f3cdf2b6324ede13c854d)
04-03 19:41:42.734 20681 20817 D RefBase :   #12 pc 000000000000cddc  [anon:dalvik-classes3.dex extracted in memory from /data/app/~~ZB9VdK7zQkG79lx49KyQBQ==/org.test.myapp-KGYwAEk53VFhfewI8JPqZA==/base.apk!classes3.dex] (org.libsdl.app.SDLMain.run)
04-03 19:41:42.777  1298  1644 I SurfaceFlinger: id=16506 Removed SurfaceView[org.test.myapp/org.kivy.android.PythonActivity]@0#16506 (129)
04-03 19:41:42.777  1298  1644 I SurfaceFlinger: id=16507 Removed SurfaceView[org.test.myapp/org.kivy.android.PythonActivity]@0(BLAST)#16507 (129)
04-03 19:41:42.777  1298  1644 I SurfaceFlinger: id=16508 Removed Background for SurfaceView[org.test.myapp/org.kivy.android.PythonActivity]@0#16508 (129)
04-03 19:41:42.777  1806  2585 I ImeTracker: org.test.myapp:7a98c602: onRequestHide at ORIGIN_SERVER_HIDE_INPUT reason HIDE_REMOVE_CLIENT
04-03 19:41:42.777  1298  2108 D SurfaceFlinger: [SF client] REMOVE (0xb40000724e5f8a90) for (20681:org.test.myapp)
04-03 19:41:42.778  1298  2108 D SurfaceFlinger: [SF client] REMOVE (0xb40000724e6109a0) for (20681:org.test.myapp)
04-03 19:41:42.778  1298  2108 I SurfaceFlinger: id=16505 Removed Bounds for - org.test.myapp/org.kivy.android.PythonActivity@0#16505 (129)
04-03 19:41:42.778  1806  2585 I ImeTracker: org.test.myapp:7a98c602: onCancelled at PHASE_SERVER_SHOULD_HIDE
04-03 19:41:42.778  1806  3871 I WindowManager: WIN DEATH: Window{fac89c6 u0 org.test.myapp/org.kivy.android.PythonActivity}
04-03 19:41:42.778  1806  4820 I ActivityManager: Process org.test.myapp (pid 20681) has died: fg  TOP (328,1974)
04-03 19:41:42.778  1806  3871 W InputManager-JNI: Input channel object 'fac89c6 org.test.myapp/org.kivy.android.PythonActivity (client)' was disposed without first being removed with the input manager!
04-03 19:41:42.779  1806  3871 V WindowManager: Remove Window{fac89c6 u0 org.test.myapp/org.kivy.android.PythonActivity}: mSurfaceController=Surface(name=org.test.myapp/org.kivy.android.PythonActivity$_20681)/@0xd8f4f3b mAnimatingExit=false mRemoveOnExit=false mHasSurface=true surfaceShowing=true animating=false app-animation=false mDisplayFrozen=false callers=com.android.server.wm.WindowState$DeathRecipient.binderDied:3596 android.os.IBinder$DeathRecipient.binderDied:325 android.os.BinderProxy.sendDeathNotice:781 <bottom of call stack> <bottom of call stack> <bottom of call stack> 
04-03 19:41:42.779  1806  3871 I WindowManager: Destroying surface Surface(name=org.test.myapp/org.kivy.android.PythonActivity$_20681)/@0xd8f4f3b called by com.android.server.wm.WindowStateAnimator.destroySurface:789 com.android.server.wm.WindowStateAnimator.destroySurfaceLocked:472 com.android.server.wm.WindowState.removeImmediately:2904 com.android.server.wm.WindowState.removeIfPossible:3140 com.android.server.wm.WindowState$DeathRecipient.binderDied:3596 android.os.IBinder$DeathRecipient.binderDied:325 android.os.BinderProxy.sendDeathNotice:781 <bottom of call stack> 
04-03 19:41:42.783  1806  3871 D WindowManager: updateSystemBarAttributes: displayId=0, win=Window{fac89c6 u0 org.test.myapp/org.kivy.android.PythonActivity}, navColorWin=null, focusedCanBeNavColorWin=false, behavior=1, appearance=0, statusBarAppearanceRegions=[], requestedVisibilities=-9, from=com.android.server.wm.DisplayPolicy.finishPostLayoutPolicyLw:2307 com.android.server.wm.DisplayContent.applySurfaceChangesTransaction:6035 com.android.server.wm.RootWindowContainer.applySurfaceChangesTransaction:1170 
04-03 19:41:42.784  2486  2486 D SamsungLightBarControlHelper: onStatusBarAppearanceChanged() -  sbModeChanged:false, statusBarMode:0, barState:MODE_TRANSPARENT, isKeyguardShowing:false, navbarColorManagedByIme:false, stackAppearanceChanged:true, (), packageName:org.test.myapp
04-03 19:41:42.784  1806  5164 D InputDispatcher: Focus left window (0): fac89c6 org.test.myapp/org.kivy.android.PythonActivity
04-03 19:41:42.785  1806  3871 V WindowManager: Changing focus from Window{fac89c6 u0 org.test.myapp/org.kivy.android.PythonActivity} to null displayId=0 Callers=com.android.server.wm.RootWindowContainer.updateFocusedWindowLocked:568 com.android.server.wm.WindowManagerService.updateFocusedWindowLocked:6751 com.android.server.wm.WindowState.removeIfPossible:3152 com.android.server.wm.WindowState$DeathRecipient.binderDied:3596 
04-03 19:41:42.790  1806  4820 W ActivityTaskManager: Force removing ActivityRecord{5aeacdf u0 org.test.myapp/org.kivy.android.PythonActivity t121}: app died, no saved state
04-03 19:41:42.791  1298  1298 I Layer   : id=16500 removeFromCurrentState org.test.myapp/org.kivy.android.PythonActivity$_20681#16500 (130)
04-03 19:41:42.791  1298  1298 I Layer   : id=16505 removeFromCurrentState Bounds for - org.test.myapp/org.kivy.android.PythonActivity@0#16505 (130)
04-03 19:41:42.791  1298  1298 I Layer   : id=16506 removeFromCurrentState SurfaceView[org.test.myapp/org.kivy.android.PythonActivity]@0#16506 (130)
04-03 19:41:42.791  1298  1298 I Layer   : id=16508 removeFromCurrentState Background for SurfaceView[org.test.myapp/org.kivy.android.PythonActivity]@0#16508 (130)
04-03 19:41:42.791  1298  1298 I Layer   : id=16507 removeFromCurrentState SurfaceView[org.test.myapp/org.kivy.android.PythonActivity]@0(BLAST)#16507 (130)
04-03 19:41:42.791  1298  1298 I Layer   : id=16499 removeFromCurrentState fac89c6 org.test.myapp/org.kivy.android.PythonActivity#16499 (130)
04-03 19:41:42.792  1298  1298 I SurfaceFlinger: id=16499 Removed fac89c6 org.test.myapp/org.kivy.android.PythonActivity#16499 (130)
04-03 19:41:42.792  1806  4820 V WindowManager: Collecting in transition 1063: Task{b0f90d #121 type=standard A=10408:org.test.myapp}, caller=com.android.server.wm.Transition.collectExistenceChange:886 com.android.server.wm.TransitionController.collectExistenceChange:908 com.android.server.wm.TransitionController.requestCloseTransitionIfNeeded:854 com.android.server.wm.ActivityRecord.handleAppDied:5025 com.android.server.wm.WindowProcessController.handleAppDied:1474 
04-03 19:41:42.792  1298  1298 I SurfaceFlinger: id=16500 Removed org.test.myapp/org.kivy.android.PythonActivity$_20681#16500 (130)
04-03 19:41:42.792  2486  2558 V WindowManagerShell: Transition requested: android.os.BinderProxy@b26e83f TransitionRequestInfo { type = CLOSE, triggerTask = TaskInfo{userId=0 taskId=121 displayId=0 isRunning=true baseIntent=Intent { act=org.kivy.android.PythonActivity flg=0x10000000 cmp=org.test.myapp/org.kivy.android.PythonActivity } baseActivity=ComponentInfo{org.test.myapp/org.kivy.android.PythonActivity} topActivity=ComponentInfo{org.test.myapp/org.kivy.android.PythonActivity} origActivity=null realActivity=ComponentInfo{org.test.myapp/org.kivy.android.PythonActivity} numActivities=1 lastActiveTime=438382707 supportsMultiWindow=true resizeMode=1 isResizeable=true minWidth=-1 minHeight=-1 maxWidth=-1 maxHeight=-1 defaultMinSize=220 token=WCT{android.window.IWindowContainerToken$Stub$Proxy@a0e450c} topActivityType=1 pictureInPictureParams=null shouldDockBigOverlays=false launchIntoPipHostTaskId=-1 lastParentTaskIdBeforePip=-1 displayCutoutSafeInsets=Rect(0, 75 - 0, 0) topActivityInfo=ActivityInfo{4653e55 org.kivy.android.PythonActivity} launchCookies=[] positionInParent=Point(0, 0) parentTaskId=-1 isFocused=true isVisible=true isVisibleRequested=true isSleeping=false topActivityInSizeCompat=false topActivityEligibleForLetterboxEducation= false topActivityLetterboxed= false isFromDoubleTap= false topActivityLetterboxVerticalPosition= -1 topActivityLetterboxHorizontalPosition= -1 topActivityLetterboxWidth=-1 topActivityLetterboxHeight=-1 locusId=null displayAreaFeatureId=1 cameraCompatControlState=hidden originallySupportedMultiWindow=true hasWallpaper=false topActivityInFixedAspectRatio=false rootAffinity=10408:org.test.myapp topActivityInDisplayCompat=false topActivityInBoundsCompat=false topActivityBounds=null singleTapFromLetterbox=false isTopTaskInStage=false topActivityUiMode=33 CoverLauncherWidgetTask=false CoverScreenTask=false isAllowedSeamlessRotation=false}, remoteTransition = null, displayChange = null }
04-03 19:41:42.792  1806  4820 V WindowManager: Collecting in transition 1063: ActivityRecord{5aeacdf u0 org.test.myapp/org.kivy.android.PythonActivity t121 f}}, caller=com.android.server.wm.TransitionController.collect:866 com.android.server.wm.ActivityRecord.onRemovedFromDisplay:5115 com.android.server.wm.DisplayContent.removeAppToken:1874 com.android.server.wm.ActivityRecord.removeFromHistory:4757 com.android.server.wm.ActivityRecord.handleAppDied:5038 
04-03 19:41:42.794  1298  1361 I SurfaceFlinger: id=16498 Removed a89100 ActivityRecordInputSink org.test.myapp/org.kivy.android.PythonActivity#16498 (130)
04-03 19:41:42.799  1298  1298 I BufferQueueDebug: [org.test.myapp/org.kivy.android.PythonActivity$_20681#16500](this:0xb4000071fe7e1280,id:-1,api:0,p:-1,c:1298) onDestructor()
04-03 19:41:42.799  1298  1298 I Layer   : id=16500 Destroyed org.test.myapp/org.kivy.android.PythonActivity$_20681#16500
04-03 19:41:42.799  1298  1298 I BufferQueueDebug: [Bounds for - org.test.myapp/org.kivy.android.PythonActivity@0#16505](this:0xb4000071fe833bd0,id:-1,api:0,p:-1,c:1298) onDestructor()
04-03 19:41:42.799  1298  1298 I Layer   : id=16505 Destroyed Bounds for - org.test.myapp/org.kivy.android.PythonActivity@0#16505
04-03 19:41:42.799  1298  1298 I BufferQueueDebug: [SurfaceView[org.test.myapp/org.kivy.android.PythonActivity]@0#16506](this:0xb4000071fe7befc0,id:-1,api:0,p:-1,c:1298) onDestructor()
04-03 19:41:42.799  1298  1298 I Layer   : id=16506 Destroyed SurfaceView[org.test.myapp/org.kivy.android.PythonActivity]@0#16506
04-03 19:41:42.799  1298  1298 I BufferQueueDebug: [Background for SurfaceView[org.test.myapp/org.kivy.android.PythonActivity]@0#16508](this:0xb4000071fe87aee0,id:-1,api:0,p:-1,c:1298) onDestructor()
04-03 19:41:42.799  1298  1298 I Layer   : id=16508 Destroyed Background for SurfaceView[org.test.myapp/org.kivy.android.PythonActivity]@0#16508
04-03 19:41:42.799  1298  1298 I BufferQueueDebug: [SurfaceView[org.test.myapp/org.kivy.android.PythonActivity]@0(BLAST)#16507](this:0xb4000071fe8d60e0,id:-1,api:0,p:-1,c:1298) onDestructor()
04-03 19:41:42.799  1298  1298 I Layer   : id=16507 Destroyed SurfaceView[org.test.myapp/org.kivy.android.PythonActivity]@0(BLAST)#16507
04-03 19:41:42.800  1298  1298 I BufferQueueDebug: [fac89c6 org.test.myapp/org.kivy.android.PythonActivity#16499](this:0xb4000071fe8a87e0,id:-1,api:0,p:-1,c:1298) onDestructor()
04-03 19:41:42.800  1298  1298 I Layer   : id=16499 Destroyed fac89c6 org.test.myapp/org.kivy.android.PythonActivity#16499
04-03 19:41:42.807  1298  1298 I Layer   : id=16492 removeFromCurrentState ActivityRecord{5aeacdf u0 org.test.myapp/org.kivy.android.PythonActivity t121}#16492 (124)
04-03 19:41:42.807  1298  1298 I Layer   : id=16498 removeFromCurrentState a89100 ActivityRecordInputSink org.test.myapp/org.kivy.android.PythonActivity#16498 (124)
04-03 19:41:42.863  1806  1842 V WindowManager: Start calculating TransitionInfo based on participants: {Task{b0f90d #121 type=standard A=10408:org.test.myapp}, WallpaperWindowToken{170810c token=android.os.Binder@dfc943f}, ActivityRecord{5aeacdf u0 org.test.myapp/org.kivy.android.PythonActivity t-1 f}}, Task{b72d52e #6 type=home I=com.sec.android.app.launcher/.activities.LauncherActivity}, Task{eda8a2d #1 type=home}, ActivityRecord{f604873 u0 com.sec.android.app.launcher/.activities.LauncherActivity t6}}
04-03 19:41:42.865  1806  1838 V WindowManager: Sent Transition #1063 createdAt=04-03 19:41:42.790 via request=TransitionRequestInfo { type = CLOSE, triggerTask = TaskInfo{userId=0 taskId=121 displayId=0 isRunning=true baseIntent=Intent { act=org.kivy.android.PythonActivity flg=0x10000000 cmp=org.test.myapp/org.kivy.android.PythonActivity } baseActivity=ComponentInfo{org.test.myapp/org.kivy.android.PythonActivity} topActivity=ComponentInfo{org.test.myapp/org.kivy.android.PythonActivity} origActivity=null realActivity=ComponentInfo{org.test.myapp/org.kivy.android.PythonActivity} numActivities=1 lastActiveTime=438382707 supportsMultiWindow=true resizeMode=1 isResizeable=true minWidth=-1 minHeight=-1 maxWidth=-1 maxHeight=-1 defaultMinSize=220 token=WCT{RemoteToken{ae93d40 Task{b0f90d #121 type=standard A=10408:org.test.myapp}}} topActivityType=1 pictureInPictureParams=null shouldDockBigOverlays=false launchIntoPipHostTaskId=-1 lastParentTaskIdBeforePip=-1 displayCutoutSafeInsets=Rect(0, 75 - 0, 0) topActivityInfo=ActivityInfo{edeb5be org.kivy.android.PythonActivity} launchCookies=[] positionInParent=Point(0, 0) parentTaskId=-1 isFocused=true isVisible=true isVisibleRequested=true isSleeping=false topActivityInSizeCompat=false topActivityEligibleForLetterboxEducation= false topActivityLetterboxed= false isFromDoubleTap= false topActivityLetterboxVerticalPosition= -1 topActivityLetterboxHorizontalPosition= -1 topActivityLetterboxWidth=-1 topActivityLetterboxHeight=-1 locusId=null displayAreaFeatureId=1 cameraCompatControlState=hidden originallySupportedMultiWindow=true hasWallpaper=false topActivityInFixedAspectRatio=false rootAffinity=10408:org.test.myapp topActivityInDisplayCompat=false topActivityInBoundsCompat=false topActivityBounds=null singleTapFromLetterbox=false isTopTaskInStage=false topActivityUiMode=33 CoverLauncherWidgetTask=false CoverScreenTask=false isAllowedSeamlessRotation=false}, remoteTransition = null, displayChange = null }
04-03 19:41:42.874  1298  1298 I Layer   : id=16492 removeFromCurrentState ActivityRecord{5aeacdf u0 org.test.myapp/org.kivy.android.PythonActivity t121}#16492 (127)
04-03 19:41:42.874  1298  1298 I Layer   : id=16498 removeFromCurrentState a89100 ActivityRecordInputSink org.test.myapp/org.kivy.android.PythonActivity#16498 (127)
04-03 19:41:43.159  1298  2108 I SurfaceFlinger: id=16503 Removed Surface(name=fac89c6 org.test.myapp/org.kivy.android.PythonActivity)/@0xe1f65b0 - animation-leash of starting_reveal#16503 (127)
04-03 19:41:43.165  1298  1298 I BufferQueueDebug: [Surface(name=fac89c6 org.test.myapp/org.kivy.android.PythonActivity)/@0xe1f65b0 - animation-leash of starting_reveal#16503](this:0xb4000071fe869d80,id:-1,api:0,p:-1,c:1298) onDestructor()
04-03 19:41:43.165  1298  1298 I Layer   : id=16503 Destroyed Surface(name=fac89c6 org.test.myapp/org.kivy.android.PythonActivity)/@0xe1f65b0 - animation-leash of starting_reveal#16503
04-03 19:41:43.376  1298  1644 I SurfaceFlinger: id=16492 Removed ActivityRecord{5aeacdf u0 org.test.myapp/org.kivy.android.PythonActivity t121}#16492 (125)
04-03 19:41:43.382  1298  1298 I BufferQueueDebug: [ActivityRecord{5aeacdf u0 org.test.myapp/org.kivy.android.PythonActivity t121}#16492](this:0xb4000071fe8caaa0,id:-1,api:0,p:-1,c:1298) onDestructor()
04-03 19:41:43.382  1298  1298 I Layer   : id=16492 Destroyed ActivityRecord{5aeacdf u0 org.test.myapp/org.kivy.android.PythonActivity t121}#16492
04-03 19:41:43.382  1298  1298 I BufferQueueDebug: [a89100 ActivityRecordInputSink org.test.myapp/org.kivy.android.PythonActivity#16498](this:0xb4000071fe84a850,id:-1,api:0,p:-1,c:1298) onDestructor()
04-03 19:41:43.382  1298  1298 I Layer   : id=16498 Destroyed a89100 ActivityRecordInputSink org.test.myapp/org.kivy.android.PythonActivity#16498
04-03 19:45:16.239 18561 18583 W .gms.persistent: ApkAssets: Deleting an ApkAssets object '<empty> and /data/app/~~ZB9VdK7zQkG79lx49KyQBQ==/org.test.myapp-KGYwAEk53VFhfewI8JPqZA==/base.apk' with 1 weak references
04-03 19:45:17.795 18633 18648 W gle.android.gms: ApkAssets: Deleting an ApkAssets object '<empty> and /data/app/~~ZB9VdK7zQkG79lx49KyQBQ==/org.test.myapp-KGYwAEk53VFhfewI8JPqZA==/base.apk' with 1 weak references
04-03 19:52:51.136 19469 19479 W ung.android.scs: ApkAssets: Deleting an ApkAssets object '<empty> and /data/app/~~ZB9VdK7zQkG79lx49KyQBQ==/org.test.myapp-KGYwAEk53VFhfewI8JPqZA==/base.apk' with 1 weak references
04-03 19:58:39.698  1806  4304 D PkgPredictorService-IpmAufPreloadController: getPredictByCount: sorted launchMap: [org.test.myapp=31, com.google.android.youtube=13, com.discord=12, com.android.chrome=11, com.android.settings=6, com.google.android.apps.messaging=3, com.opera.gx=3, com.whatsapp=2, com.google.android.googlequicksearchbox=2, com.google.android.apps.authenticator2=2, com.reddit.frontpage=2, com.sec.android.app.myfiles=1, com.valvesoftware.android.steam.community=1, com.samsung.android.dialer=1, com.samsung.android.app.reminder=1, au.gov.wa.pta.transperth=1, com.google.android.gm=1, ru.iiec.pydroid3=1, com.mobirate.rovercraft.gplay=1]
04-03 20:09:24.879   711   711 I Finsky  : [2] akdo.c(68): VerifyApps: Install-time verification requested for package org.test.myapp, id = 46
04-03 20:09:24.883 20460 20505 I GOS:GameServiceReceiver:  PkgInstallStarted for org.test.myapp UserID : 0
04-03 20:09:24.895   711 23669 I Finsky  : [418] VerifyAppsInstallTask.akY(52): VerifyApps: Anti-malware verification task started for package=org.test.myapp
04-03 20:09:24.932 20460 23668 I GOS:GameIntentService: onPackageChanged(). extras: Bundle[{changeType=2, userId=0, type=15, packageName=org.test.myapp}]
04-03 20:09:24.933 20460 23668 I GOS:GameIntentService: onPackageChanged(). changeType(INSTALL_STARTED), pkgName(org.test.myapp), UserHandle(0), userId(0), Installed(true)
04-03 20:09:26.121   711 23737 I Finsky  : [422] akix.f(53): VerifyApps: Verification package=org.test.myapp, id=46, response=0, upload_requested=false
04-03 20:09:26.137  1806  1891 I PackageManager:           pkg{org.test.myapp}
04-03 20:09:26.200  1806  1848 I ActivityManager: Force stopping org.test.myapp appid=10408 user=-1: installPackageLI
04-03 20:09:26.205  1806  1890 I PackageManager: Update package org.test.myapp code path from /data/app/~~ZB9VdK7zQkG79lx49KyQBQ==/org.test.myapp-KGYwAEk53VFhfewI8JPqZA== to /data/app/~~5bAzoPqnKx0oUA9pUzijOw==/org.test.myapp-59IJheHuDUw_ec9epXAyvA==; Retain data and using new
04-03 20:09:26.442  1806  1890 D PackageManager: isLocaleOptimizedPackage() -  Non optimized app: org.test.myapp. Proceed with normal install
04-03 20:09:26.449  1806  1890 I ActivityManager: Force stopping org.test.myapp appid=10408 user=0: pkg removed
04-03 20:09:26.468  1806  1963 D OverlayManager: reconcileSettingsForPackage pkgName=org.test.myapp userId=0
04-03 20:09:26.468  1806  1963 I OverlayManager: updateOverlaysForTarget() called with: targetPackage = [org.test.myapp], userId = [0], flags = [2]
04-03 20:09:26.470  1806  1847 I SGM:GameManager: PkgUpdateReceiver, onPackageRemoved : org.test.myapp userHandle : UserHandle{0} userID : 0
04-03 20:09:26.470  1806  2033 D SGM:GosNotifyThread: notifyPackageChangedToGos(), before send intent to GOS. type:15, changeType: 1, pkgName:org.test.myapp, userHandleId:0
04-03 20:09:26.483  2463  2463 I VvmPkgInstalledRcvr: packageName: org.test.myapp, systemDialer: com.samsung.android.dialer
04-03 20:09:26.498  1806  1847 D MetaDataCollector: onReceive: done pkgName=org.test.myapp
04-03 20:09:26.506  1806  1847 D LauncherAppsService: Calling onPackageRemoved: org.test.myapp, EXTRA_REPLACING: true
04-03 20:09:26.507  2463  2463 I VvmPkgInstalledRcvr:  NOT contains : org.test.myapp
04-03 20:09:26.510  1806  1963 D OverlayManager: reconcileSettingsForPackage pkgName=org.test.myapp userId=0
04-03 20:09:26.510  1806  1963 I OverlayManager: updateOverlaysForTarget() called with: targetPackage = [org.test.myapp], userId = [0], flags = [0]
04-03 20:09:26.515  1806  2040 W PackageConfigPersister: App-specific configuration not found for packageName: org.test.myapp and userId: 0
04-03 20:09:26.545  1806  1806 I Telecom : CarModeTracker: Package org.test.myapp is not tracked.: SSH.oR@L0A
04-03 20:09:26.546  1806  2464 I Pageboost: remove app @ runtime : org.test.myapp
04-03 20:09:26.546  2463  2463 D CarrierSvcBindHelper: onPackageUpdateFinished: org.test.myapp
04-03 20:09:26.546  2463  2463 D CarrierSvcBindHelper: onPackageModified: org.test.myapp
04-03 20:09:26.547  2463  2735 D ImsResolver: maybeAddedImsService, packageName: org.test.myapp
04-03 20:09:26.547  1806  1838 D LocationManagerService: package org.test.myapp reset
04-03 20:09:26.547  1806  2293 I AppWidgetServiceImpl: Received broadcast: android.intent.action.PACKAGE_ADDED, Updates all providers with org.test.myapp, userId: 0
04-03 20:09:26.548  1806  2293 I AppWidgetServiceImpl: queryIntentReceivers intent : Intent { act=android.appwidget.action.APPWIDGET_UPDATE pkg=org.test.myapp }  userid : 0  flags : 268436608 result : 0
04-03 20:09:26.549  1806  2354 I SdkSandboxManager: No SDKs used. Skipping SDK data reconcilation for CallingInfo{mUid=10408, mPackageName='org.test.myapp, mAppProcessToken='null'}
04-03 20:09:26.549  1806  1838 I CDM_CompanionDeviceManagerService: onPackageModified() u0/org.test.myapp
04-03 20:09:26.549  2463  2463 I VvmPkgInstalledRcvr: packageName: org.test.myapp, systemDialer: com.samsung.android.dialer
04-03 20:09:26.562  3385  3478 I PackageInfoManager_FLP: action : ACTION_PACKAGE_REMOVED, packageName = org.test.myapp
04-03 20:09:26.562  3385  3478 I PackageInfoManager_FLP: action : ACTION_PACKAGE_ADDED, packageName = org.test.myapp
04-03 20:09:26.562  2463  2463 I VvmPkgInstalledRcvr:  NOT contains : org.test.myapp
04-03 20:09:26.566  1806  2354 I SdkSandboxManager: No SDKs used. Skipping SDK data reconcilation for CallingInfo{mUid=10408, mPackageName='org.test.myapp, mAppProcessToken='null'}
04-03 20:09:26.572  2486  2486 D Navbar.Store: handleEvent(0) OnPackageRemoved(packageName=org.test.myapp) [Module] NavBarStoreImpl
04-03 20:09:26.572  1806  1806 D SGM:GameManager: identifyGamePackage. org.test.myapp, mCurrentUserId: 0, callerUserId: 0, callingMethodInfo: com.samsung.android.game.SemGameManager.isGamePackage(SemGameManager.java:104)
04-03 20:09:26.572  1806  1806 D SGM:PkgDataHelper: getGamePkgData(). org.test.myapp
04-03 20:09:26.572  2486  2576 D BluetoothEventManager: AppPackageChangedHandler: package name = org.test.myapp
04-03 20:09:26.572  1806  1806 D SGM:SemGameManager: isGamePackage(), pkgName=org.test.myapp, ret=false
04-03 20:09:26.575  1806  2340 D SGM:GameManager: identifyGamePackage. org.test.myapp, mCurrentUserId: 0, callerUserId: 0, callingMethodInfo: com.samsung.android.game.SemGameManager.isGamePackage(SemGameManager.java:104)
04-03 20:09:26.575  1806  2340 D SGM:PkgDataHelper: getGamePkgData(). org.test.myapp
04-03 20:09:26.575  1806  2340 D SGM:SemGameManager: isGamePackage(), pkgName=org.test.myapp, ret=false
04-03 20:09:26.575  1806  1806 I Telecom:SamsungOpenCommunicationPlatformPolicyPackageBroadcastReceiver: action : android.intent.action.PACKAGE_ADDED / packageName : org.test.myapp
04-03 20:09:26.579  2486  2628 D PluginActionManager: queryPkg org.test.myapp com.android.systemui.action.PLUGIN_NOTIFICATION_MENU_ROW
04-03 20:09:26.579  2486  2628 D PluginActionManager: queryPkg org.test.myapp com.android.systemui.action.PLUGIN_NOTIFICATION_MENU_ROW
04-03 20:09:26.579  2486  2628 D PluginActionManager: queryPkg org.test.myapp com.android.systemui.action.PLUGIN_GLOBAL_ACTIONS
04-03 20:09:26.580  2486  2628 D PluginActionManager: queryPkg org.test.myapp com.android.systemui.action.PLUGIN_NOTIFICATION_MENU_ROW
04-03 20:09:26.580  2486  2628 D PluginActionManager: queryPkg org.test.myapp com.android.systemui.action.PLUGIN_NOTIFICATION_MENU_ROW
04-03 20:09:26.580  2486  2628 D PluginActionManager: queryPkg org.test.myapp com.android.systemui.action.PLUGIN_NOTIFICATION_MENU_ROW
04-03 20:09:26.580  2486  2628 D PluginActionManager: queryPkg org.test.myapp com.android.systemui.action.PLUGIN_VOLUME
04-03 20:09:26.581  2486  2628 D PluginActionManager: queryPkg org.test.myapp com.android.systemui.action.PLUGIN_NOTIFICATION_MENU_ROW
04-03 20:09:26.581  2486  2486 D FaceWidgetMusicViewModel: onPackageRemoved() pkg = org.test.myapp, r = true
04-03 20:09:26.581  2486  2486 D FaceWidgetMetadataParser: removePackage() key = org.test.myapp
04-03 20:09:26.581  2486  2628 D PluginActionManager: queryPkg org.test.myapp com.android.systemui.action.PLUGIN_QS_FACTORY
04-03 20:09:26.581  2486  2628 D PluginActionManager: queryPkg org.test.myapp com.android.systemui.action.PLUGIN_NOTIFICATION_MENU_ROW
04-03 20:09:26.582  2486  2628 D PluginActionManager: queryPkg org.test.myapp com.android.systemui.action.PLUGIN_NOTIFICATION_MENU_ROW
04-03 20:09:26.584  2486  2628 D PluginActionManager: queryPkg org.test.myapp com.android.systemui.action.PEOPLE_HUB_PERSON_EXTRACTOR
04-03 20:09:26.585  2486  2628 D PluginActionManager: queryPkg org.test.myapp com.android.systemui.action.PLUGIN_NOTIFICATION_MENU_ROW
04-03 20:09:26.585  2486  2628 D PluginActionManager: queryPkg org.test.myapp com.android.systemui.action.PLUGIN_OVERLAY
04-03 20:09:26.585  2486  2628 D PluginActionManager: queryPkg org.test.myapp com.android.systemui.action.PLUGIN_NOTIFICATION_MENU_ROW
04-03 20:09:26.591  1806  1996 D SEP_UNION_SemDeviceInfoManagerService: Package org.test.myapp is removed on User 0 
04-03 20:09:26.593  2486  2628 D PluginActionManager: queryPkg org.test.myapp com.android.systemui.action.PLUGIN_NOTIFICATION_MENU_ROW
04-03 20:09:26.595  2486  2628 D PluginActionManager: queryPkg org.test.myapp com.android.systemui.action.PLUGIN_NOTIFICATION_MENU_ROW
04-03 20:09:26.595  2486  2628 D PluginActionManager: queryPkg org.test.myapp com.samsung.systemui.action.PLUGIN_FACE_WIDGET
04-03 20:09:26.595  2486  2628 D PluginActionManager: queryPkg org.test.myapp com.android.systemui.action.PLUGIN_NOTIFICATION_MENU_ROW
04-03 20:09:26.595  2486  2628 D PluginActionManager: queryPkg org.test.myapp com.android.systemui.action.PLUGIN_QS
04-03 20:09:26.596  2486  2628 D PluginActionManager: queryPkg org.test.myapp com.android.systemui.action.PLUGIN_NOTIFICATION_MENU_ROW
04-03 20:09:26.596  2486  2628 D PluginActionManager: queryPkg org.test.myapp com.android.systemui.action.PLUGIN_NOTIFICATION_MENU_ROW
04-03 20:09:26.602  1806  2464 D SGM:GameManager: identifyGamePackage. org.test.myapp, mCurrentUserId: 0, callerUserId: 0, callingMethodInfo: com.samsung.android.game.SemGameManager.isGamePackage(SemGameManager.java:104)
04-03 20:09:26.602  1806  2464 D SGM:PkgDataHelper: getGamePkgData(). org.test.myapp
04-03 20:09:26.602  1806  2464 D SGM:SemGameManager: isGamePackage(), pkgName=org.test.myapp, ret=false
04-03 20:09:26.602  1806  2464 I Pageboost: appinfo : org.test.myapp 0 0 0 0
04-03 20:09:26.602  2486  2486 D FaceWidgetMetadataParser: updatePackage() org.test.myapp true
04-03 20:09:26.603  2486  2486 D FaceWidgetMetadataParser: removePackage() key = org.test.myapp
04-03 20:09:26.603  1806  2464 D SGM:GameManager: identifyGamePackage. org.test.myapp, mCurrentUserId: 0, callerUserId: 0, callingMethodInfo: com.samsung.android.game.SemGameManager.isGamePackage(SemGameManager.java:104)
04-03 20:09:26.603  1806  2464 D SGM:PkgDataHelper: getGamePkgData(). org.test.myapp
04-03 20:09:26.603  1806  2464 D SGM:SemGameManager: isGamePackage(), pkgName=org.test.myapp, ret=false
04-03 20:09:26.603  1806  2464 I Pageboost: Reset this app info : org.test.myapp 
04-03 20:09:26.604  1806  2464 I Pageboost: db create : CREATE TABLE IF NOT EXISTS orgtestmyapp (FILENAME TEXT, OFFSET INTEGER, SIZE INTEGER, FORVRAMDISK INTEGER, BITMAP BLOB, unique (FILENAME, OFFSET) );
04-03 20:09:26.604  2486  2628 D PluginActionManager: queryPkg org.test.myapp com.android.systemui.action.PLUGIN_NOTIFICATION_MENU_ROW
04-03 20:09:26.605  2486  2628 D PluginActionManager: queryPkg org.test.myapp com.android.systemui.action.PLUGIN_NOTIFICATION_MENU_ROW
04-03 20:09:26.606  2486  2628 D PluginActionManager: queryPkg org.test.myapp com.android.systemui.action.PLUGIN_NOTIFICATION_MENU_ROW
04-03 20:09:26.610  2486  2628 D PluginActionManager: queryPkg org.test.myapp com.android.systemui.action.PLUGIN_SENSOR_MANAGER
04-03 20:09:26.611  2486  2628 D PluginActionManager: queryPkg org.test.myapp com.android.systemui.action.PLUGIN_NOTIFICATION_MENU_ROW
04-03 20:09:26.611  2486  2628 D PluginActionManager: queryPkg org.test.myapp com.android.systemui.action.PLUGIN_TOAST
04-03 20:09:26.612  2486  2628 D PluginActionManager: queryPkg org.test.myapp com.android.systemui.action.PLUGIN_NOTIFICATION_MENU_ROW
04-03 20:09:26.612  2486  2628 D PluginActionManager: queryPkg org.test.myapp com.android.systemui.action.PLUGIN_NOTIFICATION_MENU_ROW
04-03 20:09:26.613  2486  2628 D PluginActionManager: queryPkg org.test.myapp com.android.systemui.action.PLUGIN_NOTIFICATION_MENU_ROW
04-03 20:09:26.621  2486  2628 D PluginActionManager: queryPkg org.test.myapp com.android.systemui.action.PLUGIN_NOTIFICATION_MENU_ROW
04-03 20:09:26.621  2486  2628 D PluginActionManager: queryPkg org.test.myapp com.android.systemui.action.PLUGIN_NOTIFICATION_MENU_ROW
04-03 20:09:26.626  2486  2628 D PluginActionManager: queryPkg org.test.myapp com.android.systemui.action.PLUGIN_NOTIFICATION_ASSISTANT
04-03 20:09:26.626  2486  2628 D PluginActionManager: queryPkg org.test.myapp com.android.systemui.action.PLUGIN_CLOCK_PROVIDER
04-03 20:09:26.626  2486  2628 D PluginActionManager: queryPkg org.test.myapp com.android.systemui.action.PLUGIN_NOTIFICATION_MENU_ROW
04-03 20:09:26.626  2486  2628 D PluginActionManager: queryPkg org.test.myapp com.android.systemui.action.PLUGIN_NOTIFICATION_MENU_ROW
04-03 20:09:26.627  2486  2628 D PluginActionManager: queryPkg org.test.myapp com.android.systemui.action.PLUGIN_GLOBAL_ACTIONS
04-03 20:09:26.630  2486  2628 D PluginActionManager: queryPkg org.test.myapp com.android.systemui.action.PLUGIN_NOTIFICATION_MENU_ROW
04-03 20:09:26.630  2486  2628 D PluginActionManager: queryPkg org.test.myapp com.android.systemui.action.PLUGIN_NOTIFICATION_MENU_ROW
04-03 20:09:26.631  2486  2628 D PluginActionManager: queryPkg org.test.myapp com.android.systemui.action.PLUGIN_NOTIFICATION_MENU_ROW
04-03 20:09:26.631  2486  2628 D PluginActionManager: queryPkg org.test.myapp com.android.systemui.action.PLUGIN_VOLUME
04-03 20:09:26.631  2486  2628 D PluginActionManager: queryPkg org.test.myapp com.android.systemui.action.PLUGIN_NOTIFICATION_MENU_ROW
04-03 20:09:26.631 22894 22894 I SafetyLabelChangedBroadcastReceiver: received broadcast packageName: org.test.myapp, current user: UserHandle{0}, packageChangeEvent: UPDATE, intent user: UserHandle{0}
04-03 20:09:26.636  2486  2628 D PluginActionManager: queryPkg org.test.myapp com.android.systemui.action.PLUGIN_QS_FACTORY
04-03 20:09:26.645  2486  2628 D PluginActionManager: queryPkg org.test.myapp com.android.systemui.action.PLUGIN_NOTIFICATION_MENU_ROW
04-03 20:09:26.645   711   711 I Finsky  : [2] kqc.f(7): AIM: AppInfoCacheUpdater -> invalidating apps: [org.test.myapp]
04-03 20:09:26.645  1806  2464 I Pageboost: add app to global @ runtime: org.test.myapp
04-03 20:09:26.649  2486  2628 D PluginActionManager: queryPkg org.test.myapp com.android.systemui.action.PLUGIN_NOTIFICATION_MENU_ROW
04-03 20:09:26.649  1806  1806 W AlarmManager: Package org.test.myapp, uid 10408 lost permission to set exact alarms!
04-03 20:09:26.650  2486  2628 D PluginActionManager: queryPkg org.test.myapp com.android.systemui.action.PEOPLE_HUB_PERSON_EXTRACTOR
04-03 20:09:26.651  2486  2628 D PluginActionManager: queryPkg org.test.myapp com.android.systemui.action.PLUGIN_NOTIFICATION_MENU_ROW
04-03 20:09:26.656   711   711 I Finsky  : [2] sil.aiq(59): IQ: onPackageRemoved org.test.myapp, replacing=true, uninstallingFromPlay=false
04-03 20:09:26.656  2486  2628 D PluginActionManager: queryPkg org.test.myapp com.android.systemui.action.PLUGIN_OVERLAY
04-03 20:09:26.657   711   953 I Finsky  : [209] krx.a(47): AIM: AppInfoManager-Perf > OnDeviceAppInfo > cacheHitCount=0, cacheMissCount=1. Missed  in cache (limit 10) : [org.test.myapp]
04-03 20:09:26.660  2486  2628 D PluginActionManager: queryPkg org.test.myapp com.android.systemui.action.PLUGIN_NOTIFICATION_MENU_ROW
04-03 20:09:26.660  2486  2628 D PluginActionManager: queryPkg org.test.myapp com.android.systemui.action.PLUGIN_NOTIFICATION_MENU_ROW
04-03 20:09:26.661  2486  2628 D PluginActionManager: queryPkg org.test.myapp com.android.systemui.action.PLUGIN_NOTIFICATION_MENU_ROW
04-03 20:09:26.661  2486  2628 D PluginActionManager: queryPkg org.test.myapp com.samsung.systemui.action.PLUGIN_FACE_WIDGET
04-03 20:09:26.661  2486  2628 D PluginActionManager: queryPkg org.test.myapp com.android.systemui.action.PLUGIN_NOTIFICATION_MENU_ROW
04-03 20:09:26.665  2486  2628 D PluginActionManager: queryPkg org.test.myapp com.android.systemui.action.PLUGIN_QS
04-03 20:09:26.665  2486  2628 D PluginActionManager: queryPkg org.test.myapp com.android.systemui.action.PLUGIN_NOTIFICATION_MENU_ROW
04-03 20:09:26.666  2486  2628 D PluginActionManager: queryPkg org.test.myapp com.android.systemui.action.PLUGIN_NOTIFICATION_MENU_ROW
04-03 20:09:26.666  2486  2628 D PluginActionManager: queryPkg org.test.myapp com.android.systemui.action.PLUGIN_NOTIFICATION_MENU_ROW
04-03 20:09:26.666  2486  2628 D PluginActionManager: queryPkg org.test.myapp com.android.systemui.action.PLUGIN_NOTIFICATION_MENU_ROW
04-03 20:09:26.666  2486  2628 D PluginActionManager: queryPkg org.test.myapp com.android.systemui.action.PLUGIN_NOTIFICATION_MENU_ROW
04-03 20:09:26.667  2486  2628 D PluginActionManager: queryPkg org.test.myapp com.android.systemui.action.PLUGIN_SENSOR_MANAGER
04-03 20:09:26.671  2486  2628 D PluginActionManager: queryPkg org.test.myapp com.android.systemui.action.PLUGIN_NOTIFICATION_MENU_ROW
04-03 20:09:26.672  2486  2628 D PluginActionManager: queryPkg org.test.myapp com.android.systemui.action.PLUGIN_TOAST
04-03 20:09:26.672  2486  2628 D PluginActionManager: queryPkg org.test.myapp com.android.systemui.action.PLUGIN_NOTIFICATION_MENU_ROW
04-03 20:09:26.672  2486  2628 D PluginActionManager: queryPkg org.test.myapp com.android.systemui.action.PLUGIN_NOTIFICATION_MENU_ROW
04-03 20:09:26.673  2486  2628 D PluginActionManager: queryPkg org.test.myapp com.android.systemui.action.PLUGIN_NOTIFICATION_MENU_ROW
04-03 20:09:26.673  2486  2628 D PluginActionManager: queryPkg org.test.myapp com.android.systemui.action.PLUGIN_NOTIFICATION_MENU_ROW
04-03 20:09:26.673  2486  2628 D PluginActionManager: queryPkg org.test.myapp com.android.systemui.action.PLUGIN_NOTIFICATION_MENU_ROW
04-03 20:09:26.674  2486  2628 D PluginActionManager: queryPkg org.test.myapp com.android.systemui.action.PLUGIN_NOTIFICATION_ASSISTANT
04-03 20:09:26.674  2486  2628 D PluginActionManager: queryPkg org.test.myapp com.android.systemui.action.PLUGIN_CLOCK_PROVIDER
04-03 20:09:26.676   711   711 I Finsky  : [2] kqc.f(7): AIM: AppInfoCacheUpdater -> invalidating apps: [org.test.myapp]
04-03 20:09:26.689   711   953 I Finsky  : [209] krx.a(47): AIM: AppInfoManager-Perf > OnDeviceAppInfo > cacheHitCount=0, cacheMissCount=1. Missed  in cache (limit 10) : [org.test.myapp]
04-03 20:09:26.741  1806  1841 I ChimeraSystemEventListener: appLaunchIntent package name is: org.test.myapp
04-03 20:09:26.771   711   711 I Finsky  : [2] VerifyInstallTask.akX(71): VerifyApps: Verification complete: id=46, package_name=org.test.myapp
04-03 20:09:26.772  1806  4722 V WindowManager: Collecting in transition 1066: ActivityRecord{cf6a18a u0 org.test.myapp/org.kivy.android.PythonActivity, caller=com.android.server.wm.TransitionController.collect:866 com.android.server.wm.ActivityStarter.startActivityUnchecked:2249 com.android.server.wm.ActivityStarter.executeRequest:1839 com.android.server.wm.ActivityStarter.execute:1000 com.android.server.wm.ActivityTaskManagerService.startActivityAsUser:1953 
04-03 20:09:26.772  1806  4722 D ActivityTaskManager: TaskLaunchParamsModifier:task=null activity=ActivityRecord{cf6a18a u0 org.test.myapp/org.kivy.android.PythonActivity t-1} display-id=0 task-display-area-windowing-mode=1 suggested-display-area=DefaultTaskDisplayArea@223763584
04-03 20:09:26.772  1806  4722 D [secipm]: mSecIpmManager Preload org.test.myapp dex files
04-03 20:09:26.773  1806  4722 D ActivityTaskManager: TaskLaunchParamsModifier:task=null activity=ActivityRecord{cf6a18a u0 org.test.myapp/org.kivy.android.PythonActivity t-1} display-id=0 task-display-area-windowing-mode=1 suggested-display-area=DefaultTaskDisplayArea@223763584 non-freeform-task-display-area display-area=DefaultTaskDisplayArea@223763584 activity-requested-portrait freeform-size-mismatch=Rect(81, 555 - 999, 1725)
04-03 20:09:26.787  1806  4722 D ActivityTaskManager: TaskLaunchParamsModifier:task=Task{193fb48 #122 type=standard A=10408:org.test.myapp} activity=ActivityRecord{cf6a18a u0 org.test.myapp/org.kivy.android.PythonActivity t-1} display-from-task=0 display-id=0 task-display-area-windowing-mode=1 suggested-display-area=DefaultTaskDisplayArea@223763584 inherit-from-task=fullscreen non-freeform-task-display-area display-area=DefaultTaskDisplayArea@223763584 activity-requested-portrait freeform-size-mismatch=Rect(81, 555 - 999, 1725)
04-03 20:09:26.787  1806  4722 V WindowManager: Collecting in transition 1066: Task{193fb48 #122 type=standard A=10408:org.test.myapp}, caller=com.android.server.wm.Transition.collectExistenceChange:886 com.android.server.wm.TransitionController.collectExistenceChange:908 com.android.server.wm.ActivityStarter.setNewTask:4516 com.android.server.wm.ActivityStarter.startActivityInner:2783 com.android.server.wm.ActivityStarter.startActivityUnchecked:2252 
04-03 20:09:26.789  1298  1644 E BufferQueueDebug: [ActivityRecord{cf6a18a u0 org.test.myapp/org.kivy.android.PythonActivity t122}#16553](this:0xb4000071fe8a2cc0,id:-1,api:0,p:-1,c:-1) id info cannot be read from 'ActivityRecord{cf6a18a u0 org.test.myapp/org.kivy.android.PythonActivity t122}#16553'
04-03 20:09:26.789  1298  1644 I BufferQueueDebug: [ActivityRecord{cf6a18a u0 org.test.myapp/org.kivy.android.PythonActivity t122}#16553](this:0xb4000071fe8a2cc0,id:-1,api:0,p:-1,c:-1) BufferQueue core=(1298:/system/bin/surfaceflinger)
04-03 20:09:26.789  1298  1644 I SurfaceFlinger: id=16553 createSurf, flag=84004, ActivityRecord{cf6a18a u0 org.test.myapp/org.kivy.android.PythonActivity t122}#16553
04-03 20:09:26.798  1806  4722 D ActivityTaskManager: Add starting ActivityRecord{cf6a18a u0 org.test.myapp/org.kivy.android.PythonActivity t122}: typeParam=11 startingData=com.android.server.wm.SplashScreenStartingData@48ef066
04-03 20:09:26.799  1806  4722 V WindowManager: Added starting ActivityRecord{cf6a18a u0 org.test.myapp/org.kivy.android.PythonActivity t122}: startingWindow=null startingView=com.android.server.wm.StartingSurfaceController$StartingSurface@ba60c54
04-03 20:09:26.804  1806  4722 V WindowManager: Collecting in transition 1066: ActivityRecord{cf6a18a u0 org.test.myapp/org.kivy.android.PythonActivity t122}, caller=com.android.server.wm.Transition.collectExistenceChange:886 com.android.server.wm.TransitionController.collectExistenceChange:908 com.android.server.wm.ActivityStarter.handleStartResult:2423 com.android.server.wm.ActivityStarter.startActivityUnchecked:2257 com.android.server.wm.ActivityStarter.executeRequest:1839 
04-03 20:09:26.805  1806  4722 I ActivityTaskManager: START u0 {act=org.kivy.android.PythonActivity flg=0x10000000 cmp=org.test.myapp/org.kivy.android.PythonActivity} with LAUNCH_SINGLE_TASK from uid 2000 (BAL_ALLOW_PERMISSION) result code=0
