04-03 17:42:49.552  1806  1833 D WindowManager: finishDrawingWindow: Window{2a12a1f u0 Splash Screen org.test.myapp} mDrawState=DRAW_PENDING seqId=0
04-03 17:42:49.552  1806  1833 V WindowManager: Finishing drawing window Window{2a12a1f u0 Splash Screen org.test.myapp}: mDrawState=DRAW_PENDING
04-03 17:42:49.552  1806  1833 V WindowManager: Draw state now committed in Window{2a12a1f u0 Splash Screen org.test.myapp}
04-03 17:42:49.556  1806  1842 V WindowManager: performShowLocked: mDrawState=HAS_DRAWN in Window{2a12a1f u0 Splash Screen org.test.myapp}
04-03 17:42:49.556  1806  1842 V WindowManager: Start calculating TransitionInfo based on participants: {WallpaperWindowToken{170810c token=android.os.Binder@dfc943f}, ActivityRecord{297015b u0 org.test.myapp/org.kivy.android.PythonActivity t118}, Task{74281a4 #118 type=standard A=10408:org.test.myapp}, ActivityRecord{f604873 u0 com.sec.android.app.launcher/.activities.LauncherActivity t6}}
04-03 17:42:49.556  1806  1842 V WindowManager:   Final targets: [Task{74281a4 #118 type=standard A=10408:org.test.myapp}, Task{eda8a2d #1 type=home}, WallpaperWindowToken{170810c token=android.os.Binder@dfc943f}]
04-03 17:42:49.559  1806  1842 V WindowManager: Calling onTransitionReady: {id=1048 t=OPEN f=0x0 trk=0 r=[0@Point(0, 0)] c=[{WCT{RemoteToken{1a16a6 Task{74281a4 #118 type=standard A=10408:org.test.myapp}}} m=OPEN f=NONE leash=Surface(name=Task=118)/@0x4fa670b sb=Rect(0, 0 - 1080, 2340) eb=Rect(0, 0 - 1080, 2340) d=0 dim=true inset=Rect(0, 75 - 0, 135)},{WCT{RemoteToken{8eed5f5 Task{eda8a2d #1 type=home}}} m=TO_BACK f=SHOW_WALLPAPER|EDGE_EXTENSION_RESTRICTION leash=Surface(name=Task=1)/@0x888edf sb=Rect(0, 0 - 1080, 2340) eb=Rect(0, 0 - 1080, 2340) d=0 inset=Rect(0, 75 - 0, 135)},{null m=TO_BACK f=IS_WALLPAPER leash=Surface(name=WallpaperWindowToken{170810c token=android.os.Binder@dfc943f})/@0x52e7f39 sb=Rect(0, 0 - 1080, 2340) eb=Rect(0, 0 - 1080, 2340) d=0 inset=Rect(0, 0 - 0, 0)}]}
04-03 17:42:49.562  1806  1838 V WindowManager: Sent Transition #1048 createdAt=04-03 17:42:49.465 via request=TransitionRequestInfo { type = OPEN, triggerTask = TaskInfo{userId=0 taskId=118 displayId=0 isRunning=true baseIntent=Intent { act=org.kivy.android.PythonActivity flg=0x10000000 cmp=org.test.myapp/org.kivy.android.PythonActivity } baseActivity=ComponentInfo{org.test.myapp/org.kivy.android.PythonActivity} topActivity=ComponentInfo{org.test.myapp/org.kivy.android.PythonActivity} origActivity=null realActivity=ComponentInfo{org.test.myapp/org.kivy.android.PythonActivity} numActivities=1 lastActiveTime=431251698 supportsMultiWindow=true resizeMode=1 isResizeable=true minWidth=-1 minHeight=-1 maxWidth=-1 maxHeight=-1 defaultMinSize=220 token=WCT{RemoteToken{1a16a6 Task{74281a4 #118 type=standard A=10408:org.test.myapp}}} topActivityType=1 pictureInPictureParams=null shouldDockBigOverlays=false launchIntoPipHostTaskId=-1 lastParentTaskIdBeforePip=-1 displayCutoutSafeInsets=Rect(0, 75 - 0, 0) topActivityInfo=ActivityInfo{b2a1689 org.kivy.android.PythonActivity} launchCookies=[] positionInParent=Point(0, 0) parentTaskId=-1 isFocused=false isVisible=false isVisibleRequested=false isSleeping=false topActivityInSizeCompat=false topActivityEligibleForLetterboxEducation= false topActivityLetterboxed= false isFromDoubleTap= false topActivityLetterboxVerticalPosition= -1 topActivityLetterboxHorizontalPosition= -1 topActivityLetterboxWidth=-1 topActivityLetterboxHeight=-1 locusId=null displayAreaFeatureId=1 cameraCompatControlState=hidden originallySupportedMultiWindow=true hasWallpaper=false topActivityInFixedAspectRatio=false rootAffinity=10408:org.test.myapp topActivityInDisplayCompat=false topActivityInBoundsCompat=false topActivityBounds=null singleTapFromLetterbox=false isTopTaskInStage=false topActivityUiMode=33 CoverLauncherWidgetTask=false CoverScreenTask=false isAllowedSeamlessRotation=false}, remoteTransition = null, displayChange = null }
04-03 17:42:49.562  1806  1838 V WindowManager:     info={id=1048 t=OPEN f=0x0 trk=0 r=[0@Point(0, 0)] c=[{WCT{RemoteToken{1a16a6 Task{74281a4 #118 type=standard A=10408:org.test.myapp}}} m=OPEN f=NONE leash=Surface(name=Task=118)/@0x4fa670b sb=Rect(0, 0 - 1080, 2340) eb=Rect(0, 0 - 1080, 2340) d=0 dim=true inset=Rect(0, 75 - 0, 135)},{WCT{RemoteToken{8eed5f5 Task{eda8a2d #1 type=home}}} m=TO_BACK f=SHOW_WALLPAPER|EDGE_EXTENSION_RESTRICTION leash=Surface(name=Task=1)/@0x888edf sb=Rect(0, 0 - 1080, 2340) eb=Rect(0, 0 - 1080, 2340) d=0 inset=Rect(0, 75 - 0, 135)},{null m=TO_BACK f=IS_WALLPAPER leash=Surface(name=WallpaperWindowToken{170810c token=android.os.Binder@dfc943f})/@0x52e7f39 sb=Rect(0, 0 - 1080, 2340) eb=Rect(0, 0 - 1080, 2340) d=0 inset=Rect(0, 0 - 0, 0)}]}
04-03 17:42:49.563  1806  1842 D InsetsSourceProvider: updateControlForTarget: control=InsetsSourceControl: {40b30000 mType=statusBars initiallyVisible mSurfacePosition=Point(0, 0) mInsetsHint=Insets{left=0, top=75, right=0, bottom=0}}, target=Window{2a12a1f u0 Splash Screen org.test.myapp}, from=com.android.server.wm.InsetsStateController.onControlTargetChanged:358 com.android.server.wm.InsetsStateController.onBarControlTargetChanged:324 com.android.server.wm.InsetsPolicy.updateBarControlTarget:172 com.android.server.wm.InsetsPolicy.updateSystemBars:788 com.android.server.wm.DisplayPolicy.updateSystemBarsLw:3358 
04-03 17:42:49.566  1806  1842 D InsetsSourceProvider: updateControlForTarget: control=InsetsSourceControl: {2ef60001 mType=navigationBars initiallyVisible mSurfacePosition=Point(0, 2205) mInsetsHint=Insets{left=0, top=0, right=0, bottom=135}}, target=Window{2a12a1f u0 Splash Screen org.test.myapp}, from=com.android.server.wm.InsetsStateController.onControlTargetChanged:358 com.android.server.wm.InsetsStateController.onBarControlTargetChanged:327 com.android.server.wm.InsetsPolicy.updateBarControlTarget:172 com.android.server.wm.InsetsPolicy.updateSystemBars:788 com.android.server.wm.DisplayPolicy.updateSystemBarsLw:3358 
04-03 17:42:49.566  1806  1842 D WindowManager: updateSystemBarAttributes: displayId=0, win=Window{2a12a1f u0 Splash Screen org.test.myapp}, navColorWin=Window{2a12a1f u0 Splash Screen org.test.myapp}, focusedCanBeNavColorWin=false, behavior=1, appearance=0, statusBarAppearanceRegions=[AppearanceRegion{ bounds=[0,0][1080,2340]}], requestedVisibilities=-9, from=com.android.server.wm.DisplayPolicy.finishPostLayoutPolicyLw:2307 com.android.server.wm.DisplayContent.applySurfaceChangesTransaction:6035 com.android.server.wm.RootWindowContainer.applySurfaceChangesTransaction:1170 
04-03 17:42:49.644  1806  1849 I ActivityManager: Start proc 9786:org.test.myapp/u0a408 for next-top-activity {org.test.myapp/org.kivy.android.PythonActivity}
04-03 17:42:49.644  1806  1849 D DynamicHiddenApp_BGProtectManager: [SecIpm] it's a ML_TYPE_EMPTYPROCESS protected process org.test.myapp
04-03 17:42:49.707  1806  2594 D WindowManager: rotationForOrientation, orientationSource=ActivityRecord{297015b u0 org.test.myapp/org.kivy.android.PythonActivity t118}
04-03 17:42:49.708  1806  2594 D SGM:PkgDataHelper: notifyAppCreate(), pkgName: org.test.myapp, userId: 0, sendRet: true
04-03 17:42:49.709  1806  2594 D SGM:FgCheckThread:   sendRunningComponentFocus(), pkgName: org.test.myapp, userId: 0
04-03 17:42:49.709  1806  2594 D SGM:FgCheckThread:   sendRunningComponentFocus(), pkgName: org.test.myapp, userId: 0
04-03 17:42:49.710  1806  2594 D ActivityTaskManager: scheduleTopResumedActivityChanged, onTop=true, r=ActivityRecord{297015b u0 org.test.myapp/org.kivy.android.PythonActivity t118}, caller=com.android.server.wm.ActivityTaskSupervisor.scheduleTopResumedActivityStateIfNeeded:2816 com.android.server.wm.ActivityTaskSupervisor.updateTopResumedActivityIfNeeded:2808 com.android.server.wm.TaskFragment.setResumedActivity:573 com.android.server.wm.TaskFragment.onActivityStateChanged:897 com.android.server.wm.ActivityRecord.setState:6726 com.android.server.wm.Task.minimalResumeActivityLocked:6019 
04-03 17:42:49.710  1806  2032 D SGM:FgCheckThread: onLooperPrepared(), msg: MSG_APP_CREATE, pkgName: org.test.myapp, userId: 0
04-03 17:42:49.710  1806  2032 D SGM:FgCheckThread: onLooperPrepared(), msg: MSG_TASK_FOCUSED, pkgName: org.test.myapp, userId: 0
04-03 17:42:49.710  1806  2032 D SGM:FgCheckThread:   handleTaskFocused(), pkgName: org.test.myapp, userID:0
04-03 17:42:49.710  1806  2594 D WindowManagerServiceExt: notifyOccludeChangeNotice: cn=ComponentInfo{org.test.myapp/org.kivy.android.PythonActivity} occludesParent=true inMultiWindow=false styleFloating=false caller=com.android.server.wm.ActivityRecord.completeResumeLocked:7334 com.android.server.wm.Task.minimalResumeActivityLocked:6020 com.android.server.wm.ActivityTaskSupervisor.realStartActivityLocked:1152 com.android.server.wm.RootWindowContainer$AttachApplicationHelper.test:4262 com.android.server.wm.RootWindowContainer$AttachApplicationHelper.test:4212 
04-03 17:42:49.713  1806  2032 D SGM:FgCheckThread:   handleResume(). pkgName: org.test.myapp, userId: 0, isTunableApp: null
04-03 17:42:49.714  1806  2032 D SGM:FgCheckThread: notifyFocusInOut(). of pkg: org.test.myapp, type: 4, isTunableApp: false, userId: 0
04-03 17:42:49.722  1806  1841 D SGM:FgCheckThread: noteResumeComponent(), received pkgName: org.test.myapp, userId: 0
04-03 17:42:49.722  1806  1841 I GameSDK@LifeCycle: noteResumeComponent(): package name  : org.test.myapp
04-03 17:42:49.722  1806  2032 D SGM:FgCheckThread: onLooperPrepared(), msg: MSG_APP_RESUME, pkgName: org.test.myapp, userid: 0
04-03 17:42:49.738  1806  1841 D SGM:GameManager: identifyGamePackage. org.test.myapp, mCurrentUserId: 0, callerUserId: 0, callingMethodInfo: com.samsung.android.game.SemGameManager.isGamePackage(SemGameManager.java:104)
04-03 17:42:49.738  1806  1841 D SGM:PkgDataHelper: getGamePkgData(). org.test.myapp
04-03 17:42:49.738  1806  1841 D SGM:SemGameManager: isGamePackage(), pkgName=org.test.myapp, ret=false
04-03 17:42:49.782  1806  1847 I SGM:GameManager: PkgUpdateReceiver, onPackageAdded : org.test.myapp userHandle : UserHandle{0} userId : 0
04-03 17:42:49.782  1806  2033 D SGM:GosNotifyThread: notifyPackageChangedToGos(), before send intent to GOS. type:15, changeType: 0, pkgName:org.test.myapp, userHandleId:0
04-03 17:42:49.864  1806  2267 D MdnieScenarioControlService:  packageName : org.test.myapp    className : org.kivy.android.PythonActivity
04-03 17:42:49.998  1806  2590 D WindowManager: makeSurface duration=8 name=org.test.myapp/org.kivy.android.PythonActivity$_9786
04-03 17:42:50.000  1806  2590 V WindowManager: Changing focus from null to Window{a5e19cf u0 org.test.myapp/org.kivy.android.PythonActivity} displayId=0 Callers=com.android.server.wm.RootWindowContainer.updateFocusedWindowLocked:568 com.android.server.wm.WindowManagerService.updateFocusedWindowLocked:6751 com.android.server.wm.WindowManagerService.relayoutWindow:2723 com.android.server.wm.Session.relayout:270 
04-03 17:42:50.002  1806  2590 D InsetsSourceProvider: updateControlForTarget: control=InsetsSourceControl: {40b30000 mType=statusBars initiallyVisible mSurfacePosition=Point(0, 0) mInsetsHint=Insets{left=0, top=75, right=0, bottom=0}}, target=Window{a5e19cf u0 org.test.myapp/org.kivy.android.PythonActivity}, from=com.android.server.wm.InsetsStateController.onControlTargetChanged:358 com.android.server.wm.InsetsStateController.onBarControlTargetChanged:324 com.android.server.wm.InsetsPolicy.updateBarControlTarget:172 com.android.server.wm.InsetsPolicy.updateSystemBars:788 com.android.server.wm.DisplayPolicy.updateSystemBarsLw:3358 
04-03 17:42:50.004  1806  2590 D InsetsSourceProvider: updateControlForTarget: control=InsetsSourceControl: {2ef60001 mType=navigationBars initiallyVisible mSurfacePosition=Point(0, 2205) mInsetsHint=Insets{left=0, top=0, right=0, bottom=135}}, target=Window{a5e19cf u0 org.test.myapp/org.kivy.android.PythonActivity}, from=com.android.server.wm.InsetsStateController.onControlTargetChanged:358 com.android.server.wm.InsetsStateController.onBarControlTargetChanged:327 com.android.server.wm.InsetsPolicy.updateBarControlTarget:172 com.android.server.wm.InsetsPolicy.updateSystemBars:788 com.android.server.wm.DisplayPolicy.updateSystemBarsLw:3358 
04-03 17:42:50.006  1806  2591 D CoreBackPreview: Window{a5e19cf u0 org.test.myapp/org.kivy.android.PythonActivity}: Setting back callback OnBackInvokedCallbackInfo{mCallback=android.window.IOnBackInvokedCallback$Stub$Proxy@d211f6d, mPriority=0, mIsAnimationCallback=false}
04-03 17:42:50.079  1806  2340 D SGM:GameManager: identifyGamePackage. org.test.myapp, mCurrentUserId: 0, callerUserId: 0, callingMethodInfo: com.samsung.android.game.SemGameManager.isGamePackage(SemGameManager.java:104)
04-03 17:42:50.079  1806  2340 D SGM:PkgDataHelper: getGamePkgData(). org.test.myapp
04-03 17:42:50.079  1806  2340 D SGM:SemGameManager: isGamePackage(), pkgName=org.test.myapp, ret=false
04-03 17:42:50.150  1806  4161 D WindowManager: finishDrawingWindow: Window{a5e19cf u0 org.test.myapp/org.kivy.android.PythonActivity} mDrawState=DRAW_PENDING seqId=0
04-03 17:42:50.152  1806  1842 V WindowManager: Finish starting ActivityRecord{297015b u0 org.test.myapp/org.kivy.android.PythonActivity t118}: first real window is shown, no animation
04-03 17:42:50.153  1806  1842 V WindowManager: Schedule remove starting ActivityRecord{297015b u0 org.test.myapp/org.kivy.android.PythonActivity t118} startingWindow=Window{2a12a1f u0 Splash Screen org.test.myapp} animate=true Callers=com.android.server.wm.ActivityRecord.removeStartingWindow:3416 com.android.server.wm.ActivityRecord.onFirstWindowDrawn:7760 com.android.server.wm.WindowState.performShowLocked:5199 com.android.server.wm.WindowStateAnimator.commitFinishDrawingLocked:280 com.android.server.wm.DisplayContent.lambda$new$8:1287 
04-03 17:42:50.154  1806  1842 D TaskOrganizerController: applyStartingWindowAnimation, window=Window{a5e19cf u0 org.test.myapp/org.kivy.android.PythonActivity}, caller=com.android.server.wm.TaskOrganizerController.removeStartingWindow:743 com.android.server.wm.StartingSurfaceController$StartingSurface.remove:292 com.android.server.wm.ActivityRecord.removeStartingWindowAnimation:3496 
04-03 17:42:50.154  1806  1842 I WindowManager: Reparenting to leash, surface=Surface(name=a5e19cf org.test.myapp/org.kivy.android.PythonActivity)/@0x7dc1436, leashParent=Surface(name=ActivityRecord{297015b u0 org.test.myapp/org.kivy.android.PythonActivity t118})/@0xf105885
04-03 17:42:50.157  1806  1842 D WindowManager: makeSurface duration=3 leash=Surface(name=Surface(name=a5e19cf org.test.myapp/org.kivy.android.PythonActivity)/@0x7dc1436 - animation-leash of starting_reveal)/@0xac097d3
04-03 17:42:50.157  1806  1842 V WindowManager: performShowLocked: mDrawState=HAS_DRAWN in Window{a5e19cf u0 org.test.myapp/org.kivy.android.PythonActivity}
04-03 17:42:50.164  1806  1838 I Pageboost: Launch time gathered : pid 9786 org.test.myapp 702
04-03 17:42:50.213  1806  4722 D InsetsSourceProvider: updateControlForTarget: control=InsetsSourceControl: {3 mType=ime mSurfacePosition=Point(0, 75) mInsetsHint=Insets{left=0, top=0, right=0, bottom=1008}}, target=Window{a5e19cf u0 org.test.myapp/org.kivy.android.PythonActivity}, from=com.android.server.wm.ImeInsetsSourceProvider.updateControlForTarget:164 com.android.server.wm.InsetsStateController.onControlTargetChanged:358 com.android.server.wm.InsetsStateController.onImeControlTargetChanged:302 com.android.server.wm.DisplayContent.updateImeControlTarget:5632 com.android.server.wm.DisplayContent.updateImeInputAndControlTarget:5592 
04-03 17:42:50.236  1806  1847 D MetaDataCollector: onReceive: done pkgName=org.test.myapp
04-03 17:42:50.236  1806  1847 I SGM:GameManager: PkgUpdateReceiver, onPackageReplaced : org.test.myapp userID : UserHandle{0}
04-03 17:42:50.237  1806  1847 D MetaDataCollector: onReceive: done pkgName=org.test.myapp
04-03 17:42:50.237  1806  2033 D SGM:GosNotifyThread: notifyPackageChangedToGos(), before send intent to GOS. type:15, changeType: 8, pkgName:org.test.myapp, userHandleId:0
04-03 17:42:50.250  1806  5337 D WindowManager: Starting window removed Window{2a12a1f u0 Splash Screen org.test.myapp}
04-03 17:42:50.250  1806  5337 I WindowManager: Cancelling animation restarting=false, leash=Surface(name=Surface(name=a5e19cf org.test.myapp/org.kivy.android.PythonActivity)/@0x7dc1436 - animation-leash of starting_reveal)/@0xac097d3
04-03 17:42:50.250  1806  5337 I WindowManager: Reparenting to original parent: Surface(name=ActivityRecord{297015b u0 org.test.myapp/org.kivy.android.PythonActivity t118})/@0xf105885, destroy=false, surface=Surface(name=a5e19cf org.test.myapp/org.kivy.android.PythonActivity)/@0x7dc1436
04-03 17:42:50.250  1806  5337 V WindowManager: Remove Window{2a12a1f u0 Splash Screen org.test.myapp}: mSurfaceController=Surface(name=Splash Screen org.test.myapp$_2486)/@0x4f9b21e mAnimatingExit=false mRemoveOnExit=false mHasSurface=true surfaceShowing=false animating=false app-animation=false mDisplayFrozen=false callers=com.android.server.wm.WindowManagerService.removeWindow:2149 com.android.server.wm.Session.remove:245 android.view.IWindowSession$Stub.onTransact:725 com.android.server.wm.Session.onTransact:192 android.os.Binder.execTransactInternal:1380 android.os.Binder.execTransact:1311 
04-03 17:42:50.250  1806  5337 I WindowManager: Destroying surface Surface(name=Splash Screen org.test.myapp$_2486)/@0x4f9b21e called by com.android.server.wm.WindowStateAnimator.destroySurface:789 com.android.server.wm.WindowStateAnimator.destroySurfaceLocked:472 com.android.server.wm.WindowState.removeImmediately:2904 com.android.server.wm.WindowState.removeIfPossible:3140 com.android.server.wm.WindowManagerService.removeWindow:2149 com.android.server.wm.Session.remove:245 android.view.IWindowSession$Stub.onTransact:725 com.android.server.wm.Session.onTransact:192 
04-03 17:42:50.279  1806  1839 D ScreenCurtainController: onForegroundActivitiesChanged: org.test.myapp
04-03 17:42:50.408  1806  2267 D MdnieScenarioControlService:  packageName : org.test.myapp    className : org.kivy.android.PythonActivity
04-03 17:42:50.715  1806  1841 D SGM:GameManager: identifyForegroundApp. org.test.myapp, mCurrentUserId: 0, callerUserId: 0
04-03 17:42:50.715  1806  1841 D SGM:PkgDataHelper: getGamePkgData(). org.test.myapp
04-03 17:42:50.874  1806  5850 I WindowManager: WIN DEATH: Window{a5e19cf u0 org.test.myapp/org.kivy.android.PythonActivity}
04-03 17:42:50.874  1806  5850 V WindowManager: Remove Window{a5e19cf u0 org.test.myapp/org.kivy.android.PythonActivity}: mSurfaceController=Surface(name=org.test.myapp/org.kivy.android.PythonActivity$_9786)/@0xc52df14 mAnimatingExit=false mRemoveOnExit=false mHasSurface=true surfaceShowing=true animating=false app-animation=false mDisplayFrozen=false callers=com.android.server.wm.WindowState$DeathRecipient.binderDied:3596 android.os.IBinder$DeathRecipient.binderDied:325 android.os.BinderProxy.sendDeathNotice:781 <bottom of call stack> <bottom of call stack> <bottom of call stack> 
04-03 17:42:50.875  1806  5850 I WindowManager: Destroying surface Surface(name=org.test.myapp/org.kivy.android.PythonActivity$_9786)/@0xc52df14 called by com.android.server.wm.WindowStateAnimator.destroySurface:789 com.android.server.wm.WindowStateAnimator.destroySurfaceLocked:472 com.android.server.wm.WindowState.removeImmediately:2904 com.android.server.wm.WindowState.removeIfPossible:3140 com.android.server.wm.WindowState$DeathRecipient.binderDied:3596 android.os.IBinder$DeathRecipient.binderDied:325 android.os.BinderProxy.sendDeathNotice:781 <bottom of call stack> 
04-03 17:42:50.875  1806  1962 I ActivityManager: Process org.test.myapp (pid 9786) has died: fg  TOP (204,1872)
04-03 17:42:50.879  1806  5850 D WindowManager: updateSystemBarAttributes: displayId=0, win=Window{a5e19cf u0 org.test.myapp/org.kivy.android.PythonActivity}, navColorWin=null, focusedCanBeNavColorWin=false, behavior=1, appearance=0, statusBarAppearanceRegions=[], requestedVisibilities=-9, from=com.android.server.wm.DisplayPolicy.finishPostLayoutPolicyLw:2307 com.android.server.wm.DisplayContent.applySurfaceChangesTransaction:6035 com.android.server.wm.RootWindowContainer.applySurfaceChangesTransaction:1170 
04-03 17:42:50.881  1806  5850 V WindowManager: Changing focus from Window{a5e19cf u0 org.test.myapp/org.kivy.android.PythonActivity} to null displayId=0 Callers=com.android.server.wm.RootWindowContainer.updateFocusedWindowLocked:568 com.android.server.wm.WindowManagerService.updateFocusedWindowLocked:6751 com.android.server.wm.WindowState.removeIfPossible:3152 com.android.server.wm.WindowState$DeathRecipient.binderDied:3596 
04-03 17:42:50.890  1806  1962 W ActivityTaskManager: Force removing ActivityRecord{297015b u0 org.test.myapp/org.kivy.android.PythonActivity t118}: app died, no saved state
04-03 17:42:50.891  1806  1962 V WindowManager: Collecting in transition 1049: Task{74281a4 #118 type=standard A=10408:org.test.myapp}, caller=com.android.server.wm.Transition.collectExistenceChange:886 com.android.server.wm.TransitionController.collectExistenceChange:908 com.android.server.wm.TransitionController.requestCloseTransitionIfNeeded:854 com.android.server.wm.ActivityRecord.handleAppDied:5025 com.android.server.wm.WindowProcessController.handleAppDied:1474 
04-03 17:42:50.891  1806  1962 V WindowManager: Collecting in transition 1049: ActivityRecord{297015b u0 org.test.myapp/org.kivy.android.PythonActivity t118 f}}, caller=com.android.server.wm.TransitionController.collect:866 com.android.server.wm.ActivityRecord.onRemovedFromDisplay:5115 com.android.server.wm.DisplayContent.removeAppToken:1874 com.android.server.wm.ActivityRecord.removeFromHistory:4757 com.android.server.wm.ActivityRecord.handleAppDied:5038 
04-03 17:42:50.892  2486  2558 V WindowManagerShell: Transition requested: android.os.BinderProxy@d3347ca TransitionRequestInfo { type = CLOSE, triggerTask = TaskInfo{userId=0 taskId=118 displayId=0 isRunning=true baseIntent=Intent { act=org.kivy.android.PythonActivity flg=0x10000000 cmp=org.test.myapp/org.kivy.android.PythonActivity } baseActivity=ComponentInfo{org.test.myapp/org.kivy.android.PythonActivity} topActivity=ComponentInfo{org.test.myapp/org.kivy.android.PythonActivity} origActivity=null realActivity=ComponentInfo{org.test.myapp/org.kivy.android.PythonActivity} numActivities=1 lastActiveTime=431251918 supportsMultiWindow=true resizeMode=1 isResizeable=true minWidth=-1 minHeight=-1 maxWidth=-1 maxHeight=-1 defaultMinSize=220 token=WCT{android.window.IWindowContainerToken$Stub$Proxy@ef14d3b} topActivityType=1 pictureInPictureParams=null shouldDockBigOverlays=false launchIntoPipHostTaskId=-1 lastParentTaskIdBeforePip=-1 displayCutoutSafeInsets=Rect(0, 75 - 0, 0) topActivityInfo=ActivityInfo{8e80c58 org.kivy.android.PythonActivity} launchCookies=[] positionInParent=Point(0, 0) parentTaskId=-1 isFocused=true isVisible=true isVisibleRequested=true isSleeping=false topActivityInSizeCompat=false topActivityEligibleForLetterboxEducation= false topActivityLetterboxed= false isFromDoubleTap= false topActivityLetterboxVerticalPosition= -1 topActivityLetterboxHorizontalPosition= -1 topActivityLetterboxWidth=-1 topActivityLetterboxHeight=-1 locusId=null displayAreaFeatureId=1 cameraCompatControlState=hidden originallySupportedMultiWindow=true hasWallpaper=false topActivityInFixedAspectRatio=false rootAffinity=10408:org.test.myapp topActivityInDisplayCompat=false topActivityInBoundsCompat=false topActivityBounds=null singleTapFromLetterbox=false isTopTaskInStage=false topActivityUiMode=33 CoverLauncherWidgetTask=false CoverScreenTask=false isAllowedSeamlessRotation=false}, remoteTransition = null, displayChange = null }
04-03 17:42:50.962  1806  1842 V WindowManager: Start calculating TransitionInfo based on participants: {WallpaperWindowToken{170810c token=android.os.Binder@dfc943f}, ActivityRecord{297015b u0 org.test.myapp/org.kivy.android.PythonActivity t-1 f}}, Task{74281a4 #118 type=standard A=10408:org.test.myapp}, Task{b72d52e #6 type=home I=com.sec.android.app.launcher/.activities.LauncherActivity}, Task{eda8a2d #1 type=home}, ActivityRecord{f604873 u0 com.sec.android.app.launcher/.activities.LauncherActivity t6}}
04-03 17:42:50.965  1806  1838 V WindowManager: Sent Transition #1049 createdAt=04-03 17:42:50.890 via request=TransitionRequestInfo { type = CLOSE, triggerTask = TaskInfo{userId=0 taskId=118 displayId=0 isRunning=true baseIntent=Intent { act=org.kivy.android.PythonActivity flg=0x10000000 cmp=org.test.myapp/org.kivy.android.PythonActivity } baseActivity=ComponentInfo{org.test.myapp/org.kivy.android.PythonActivity} topActivity=ComponentInfo{org.test.myapp/org.kivy.android.PythonActivity} origActivity=null realActivity=ComponentInfo{org.test.myapp/org.kivy.android.PythonActivity} numActivities=1 lastActiveTime=431251918 supportsMultiWindow=true resizeMode=1 isResizeable=true minWidth=-1 minHeight=-1 maxWidth=-1 maxHeight=-1 defaultMinSize=220 token=WCT{RemoteToken{1a16a6 Task{74281a4 #118 type=standard A=10408:org.test.myapp}}} topActivityType=1 pictureInPictureParams=null shouldDockBigOverlays=false launchIntoPipHostTaskId=-1 lastParentTaskIdBeforePip=-1 displayCutoutSafeInsets=Rect(0, 75 - 0, 0) topActivityInfo=ActivityInfo{b2a1689 org.kivy.android.PythonActivity} launchCookies=[] positionInParent=Point(0, 0) parentTaskId=-1 isFocused=true isVisible=true isVisibleRequested=true isSleeping=false topActivityInSizeCompat=false topActivityEligibleForLetterboxEducation= false topActivityLetterboxed= false isFromDoubleTap= false topActivityLetterboxVerticalPosition= -1 topActivityLetterboxHorizontalPosition= -1 topActivityLetterboxWidth=-1 topActivityLetterboxHeight=-1 locusId=null displayAreaFeatureId=1 cameraCompatControlState=hidden originallySupportedMultiWindow=true hasWallpaper=false topActivityInFixedAspectRatio=false rootAffinity=10408:org.test.myapp topActivityInDisplayCompat=false topActivityInBoundsCompat=false topActivityBounds=null singleTapFromLetterbox=false isTopTaskInStage=false topActivityUiMode=33 CoverLauncherWidgetTask=false CoverScreenTask=false isAllowedSeamlessRotation=false}, remoteTransition = null, displayChange = null }
04-03 18:14:18.407   711   711 I Finsky  : [2] akdo.c(68): VerifyApps: Install-time verification requested for package org.test.myapp, id = 43
04-03 18:14:18.423   711 13227 I Finsky  : [350] VerifyAppsInstallTask.akY(52): VerifyApps: Anti-malware verification task started for package=org.test.myapp
04-03 18:14:18.643 13243 13275 I GOS:GameServiceReceiver:  PkgInstallStarted for org.test.myapp UserID : 0
04-03 18:14:18.700 13243 13280 I GOS:GameIntentService: onPackageChanged(). extras: Bundle[{changeType=2, userId=0, type=15, packageName=org.test.myapp}]
04-03 18:14:18.700 13243 13280 I GOS:GameIntentService: onPackageChanged(). changeType(INSTALL_STARTED), pkgName(org.test.myapp), UserHandle(0), userId(0), Installed(true)
04-03 18:14:19.474   711 13287 I Finsky  : [354] akix.f(53): VerifyApps: Verification package=org.test.myapp, id=43, response=0, upload_requested=false
04-03 18:14:19.487  1806  1891 I PackageManager:           pkg{org.test.myapp}
04-03 18:14:19.554  1806  1848 I ActivityManager: Force stopping org.test.myapp appid=10408 user=-1: installPackageLI
04-03 18:14:19.556  1806  1890 I PackageManager: Update package org.test.myapp code path from /data/app/~~E74ozuWQIOFqDP9VzI6vFw==/org.test.myapp-tW-5N29cFPfaj7RnBwAY1Q== to /data/app/~~l7OkALdKTgJ_0mDXqjv06w==/org.test.myapp-fhQC9aA1NC7pu9yJno6PwQ==; Retain data and using new
04-03 18:14:19.682  1806  1890 D PackageManager: isLocaleOptimizedPackage() -  Non optimized app: org.test.myapp. Proceed with normal install
04-03 18:14:19.699  1806  1890 I ActivityManager: Force stopping org.test.myapp appid=10408 user=0: pkg removed
04-03 18:14:19.714  1806  1963 D OverlayManager: reconcileSettingsForPackage pkgName=org.test.myapp userId=0
04-03 18:14:19.714  1806  1963 I OverlayManager: updateOverlaysForTarget() called with: targetPackage = [org.test.myapp], userId = [0], flags = [2]
04-03 18:14:19.717  1806  1847 I SGM:GameManager: PkgUpdateReceiver, onPackageRemoved : org.test.myapp userHandle : UserHandle{0} userID : 0
04-03 18:14:19.717  1806  2033 D SGM:GosNotifyThread: notifyPackageChangedToGos(), before send intent to GOS. type:15, changeType: 1, pkgName:org.test.myapp, userHandleId:0
04-03 18:14:19.729  3385  3478 I PackageInfoManager_FLP: action : ACTION_PACKAGE_REMOVED, packageName = org.test.myapp
04-03 18:14:19.732  1806  1847 D MetaDataCollector: onReceive: done pkgName=org.test.myapp
04-03 18:14:19.740  1806  1963 D OverlayManager: reconcileSettingsForPackage pkgName=org.test.myapp userId=0
04-03 18:14:19.740  1806  1963 I OverlayManager: updateOverlaysForTarget() called with: targetPackage = [org.test.myapp], userId = [0], flags = [0]
04-03 18:14:19.740  1806  1847 D LauncherAppsService: Calling onPackageRemoved: org.test.myapp, EXTRA_REPLACING: true
04-03 18:14:19.740  2463  2463 I VvmPkgInstalledRcvr: packageName: org.test.myapp, systemDialer: com.samsung.android.dialer
04-03 18:14:19.743  1806  2040 W PackageConfigPersister: App-specific configuration not found for packageName: org.test.myapp and userId: 0
04-03 18:14:19.746  1806  2293 I AppWidgetServiceImpl: Received broadcast: android.intent.action.PACKAGE_ADDED, Updates all providers with org.test.myapp, userId: 0
04-03 18:14:19.746  1806  1838 I CDM_CompanionDeviceManagerService: onPackageModified() u0/org.test.myapp
04-03 18:14:19.749  1806  2354 I SdkSandboxManager: No SDKs used. Skipping SDK data reconcilation for CallingInfo{mUid=10408, mPackageName='org.test.myapp, mAppProcessToken='null'}
04-03 18:14:19.750  1806  2293 I AppWidgetServiceImpl: queryIntentReceivers intent : Intent { act=android.appwidget.action.APPWIDGET_UPDATE pkg=org.test.myapp }  userid : 0  flags : 268436608 result : 0
04-03 18:14:19.759  1806  1996 D SEP_UNION_SemDeviceInfoManagerService: Package org.test.myapp is removed on User 0 
04-03 18:14:19.766  1806  2354 I SdkSandboxManager: No SDKs used. Skipping SDK data reconcilation for CallingInfo{mUid=10408, mPackageName='org.test.myapp, mAppProcessToken='null'}
04-03 18:14:19.769  3385  3478 I PackageInfoManager_FLP: action : ACTION_PACKAGE_ADDED, packageName = org.test.myapp
04-03 18:14:19.775  2486  2486 D Navbar.Store: handleEvent(0) OnPackageRemoved(packageName=org.test.myapp) [Module] NavBarStoreImpl
04-03 18:14:19.776  2486  2576 D BluetoothEventManager: AppPackageChangedHandler: package name = org.test.myapp
04-03 18:14:19.781   711   711 I Finsky  : [2] kqc.f(7): AIM: AppInfoCacheUpdater -> invalidating apps: [org.test.myapp]
04-03 18:14:19.786  2486  2628 D PluginActionManager: queryPkg org.test.myapp com.android.systemui.action.PLUGIN_NOTIFICATION_MENU_ROW
04-03 18:14:19.786  2463  2463 I VvmPkgInstalledRcvr:  NOT contains : org.test.myapp
04-03 18:14:19.786  2486  2628 D PluginActionManager: queryPkg org.test.myapp com.android.systemui.action.PLUGIN_NOTIFICATION_MENU_ROW
04-03 18:14:19.787  2463  2463 D CarrierSvcBindHelper: onPackageUpdateFinished: org.test.myapp
04-03 18:14:19.787   711   962 I Finsky  : [213] krx.a(47): AIM: AppInfoManager-Perf > OnDeviceAppInfo > cacheHitCount=0, cacheMissCount=1. Missed  in cache (limit 10) : [org.test.myapp]
04-03 18:14:19.787  2463  2463 D CarrierSvcBindHelper: onPackageModified: org.test.myapp
04-03 18:14:19.788  2463  2735 D ImsResolver: maybeAddedImsService, packageName: org.test.myapp
04-03 18:14:19.790  2486  2628 D PluginActionManager: queryPkg org.test.myapp com.android.systemui.action.PLUGIN_GLOBAL_ACTIONS
04-03 18:14:19.790  2486  2628 D PluginActionManager: queryPkg org.test.myapp com.android.systemui.action.PLUGIN_NOTIFICATION_MENU_ROW
04-03 18:14:19.790  2486  2628 D PluginActionManager: queryPkg org.test.myapp com.android.systemui.action.PLUGIN_VOLUME
04-03 18:14:19.791  2486  2628 D PluginActionManager: queryPkg org.test.myapp com.android.systemui.action.PLUGIN_NOTIFICATION_MENU_ROW
04-03 18:14:19.791  2486  2628 D PluginActionManager: queryPkg org.test.myapp com.android.systemui.action.PLUGIN_QS_FACTORY
04-03 18:14:19.791  2463  2463 I VvmPkgInstalledRcvr: packageName: org.test.myapp, systemDialer: com.samsung.android.dialer
04-03 18:14:19.793  2486  2486 D FaceWidgetMusicViewModel: onPackageRemoved() pkg = org.test.myapp, r = true
04-03 18:14:19.793  2486  2486 D FaceWidgetMetadataParser: removePackage() key = org.test.myapp
04-03 18:14:19.793  2486  2486 D FaceWidgetMetadataParser: updatePackage() org.test.myapp true
04-03 18:14:19.794  2486  2486 D FaceWidgetMetadataParser: removePackage() key = org.test.myapp
04-03 18:14:19.794  2486  2628 D PluginActionManager: queryPkg org.test.myapp com.android.systemui.action.PLUGIN_NOTIFICATION_MENU_ROW
04-03 18:14:19.794  2486  2628 D PluginActionManager: queryPkg org.test.myapp com.android.systemui.action.PLUGIN_NOTIFICATION_MENU_ROW
04-03 18:14:19.794  2486  2628 D PluginActionManager: queryPkg org.test.myapp com.android.systemui.action.PEOPLE_HUB_PERSON_EXTRACTOR
04-03 18:14:19.795  2486  2628 D PluginActionManager: queryPkg org.test.myapp com.android.systemui.action.PLUGIN_NOTIFICATION_MENU_ROW
04-03 18:14:19.795  2486  2628 D PluginActionManager: queryPkg org.test.myapp com.android.systemui.action.PLUGIN_OVERLAY
04-03 18:14:19.795  2486  2628 D PluginActionManager: queryPkg org.test.myapp com.android.systemui.action.PLUGIN_NOTIFICATION_MENU_ROW
04-03 18:14:19.796  2486  2628 D PluginActionManager: queryPkg org.test.myapp com.android.systemui.action.PLUGIN_NOTIFICATION_MENU_ROW
04-03 18:14:19.796  2486  2628 D PluginActionManager: queryPkg org.test.myapp com.android.systemui.action.PLUGIN_NOTIFICATION_MENU_ROW
04-03 18:14:19.796  2486  2628 D PluginActionManager: queryPkg org.test.myapp com.samsung.systemui.action.PLUGIN_FACE_WIDGET
04-03 18:14:19.796  2486  2628 D PluginActionManager: queryPkg org.test.myapp com.android.systemui.action.PLUGIN_NOTIFICATION_MENU_ROW
04-03 18:14:19.796  2486  2628 D PluginActionManager: queryPkg org.test.myapp com.android.systemui.action.PLUGIN_QS
04-03 18:14:19.796  2486  2628 D PluginActionManager: queryPkg org.test.myapp com.android.systemui.action.PLUGIN_NOTIFICATION_MENU_ROW
04-03 18:14:19.796  2486  2628 D PluginActionManager: queryPkg org.test.myapp com.android.systemui.action.PLUGIN_NOTIFICATION_MENU_ROW
04-03 18:14:19.796  2486  2628 D PluginActionManager: queryPkg org.test.myapp com.android.systemui.action.PLUGIN_NOTIFICATION_MENU_ROW
04-03 18:14:19.796  2486  2628 D PluginActionManager: queryPkg org.test.myapp com.android.systemui.action.PLUGIN_NOTIFICATION_MENU_ROW
04-03 18:14:19.797  2486  2628 D PluginActionManager: queryPkg org.test.myapp com.android.systemui.action.PLUGIN_NOTIFICATION_MENU_ROW
04-03 18:14:19.797  2486  2628 D PluginActionManager: queryPkg org.test.myapp com.android.systemui.action.PLUGIN_SENSOR_MANAGER
04-03 18:14:19.797  2486  2628 D PluginActionManager: queryPkg org.test.myapp com.android.systemui.action.PLUGIN_NOTIFICATION_MENU_ROW
04-03 18:14:19.797  2486  2628 D PluginActionManager: queryPkg org.test.myapp com.android.systemui.action.PLUGIN_TOAST
04-03 18:14:19.797  2486  2628 D PluginActionManager: queryPkg org.test.myapp com.android.systemui.action.PLUGIN_NOTIFICATION_MENU_ROW
04-03 18:14:19.797  2486  2628 D PluginActionManager: queryPkg org.test.myapp com.android.systemui.action.PLUGIN_NOTIFICATION_MENU_ROW
04-03 18:14:19.798  2486  2628 D PluginActionManager: queryPkg org.test.myapp com.android.systemui.action.PLUGIN_NOTIFICATION_MENU_ROW
04-03 18:14:19.798  2486  2628 D PluginActionManager: queryPkg org.test.myapp com.android.systemui.action.PLUGIN_NOTIFICATION_MENU_ROW
04-03 18:14:19.798  2486  2628 D PluginActionManager: queryPkg org.test.myapp com.android.systemui.action.PLUGIN_NOTIFICATION_ASSISTANT
04-03 18:14:19.798  2486  2628 D PluginActionManager: queryPkg org.test.myapp com.android.systemui.action.PLUGIN_CLOCK_PROVIDER
04-03 18:14:19.798  2486  2628 D PluginActionManager: queryPkg org.test.myapp com.android.systemui.action.PLUGIN_NOTIFICATION_MENU_ROW
04-03 18:14:19.798  2486  2628 D PluginActionManager: queryPkg org.test.myapp com.android.systemui.action.PLUGIN_NOTIFICATION_MENU_ROW
04-03 18:14:19.798  2486  2628 D PluginActionManager: queryPkg org.test.myapp com.android.systemui.action.PLUGIN_NOTIFICATION_MENU_ROW
04-03 18:14:19.798  2486  2628 D PluginActionManager: queryPkg org.test.myapp com.android.systemui.action.PLUGIN_GLOBAL_ACTIONS
04-03 18:14:19.799  2486  2628 D PluginActionManager: queryPkg org.test.myapp com.android.systemui.action.PLUGIN_NOTIFICATION_MENU_ROW
04-03 18:14:19.799  2486  2628 D PluginActionManager: queryPkg org.test.myapp com.android.systemui.action.PLUGIN_VOLUME
04-03 18:14:19.799  1806  1838 D LocationManagerService: package org.test.myapp reset
04-03 18:14:19.799  2486  2628 D PluginActionManager: queryPkg org.test.myapp com.android.systemui.action.PLUGIN_NOTIFICATION_MENU_ROW
04-03 18:14:19.799  2486  2628 D PluginActionManager: queryPkg org.test.myapp com.android.systemui.action.PLUGIN_QS_FACTORY
04-03 18:14:19.799  2486  2628 D PluginActionManager: queryPkg org.test.myapp com.android.systemui.action.PLUGIN_NOTIFICATION_MENU_ROW
04-03 18:14:19.799  2486  2628 D PluginActionManager: queryPkg org.test.myapp com.android.systemui.action.PLUGIN_NOTIFICATION_MENU_ROW
04-03 18:14:19.800  2486  2628 D PluginActionManager: queryPkg org.test.myapp com.android.systemui.action.PEOPLE_HUB_PERSON_EXTRACTOR
04-03 18:14:19.800  2486  2628 D PluginActionManager: queryPkg org.test.myapp com.android.systemui.action.PLUGIN_NOTIFICATION_MENU_ROW
04-03 18:14:19.800  2486  2628 D PluginActionManager: queryPkg org.test.myapp com.android.systemui.action.PLUGIN_OVERLAY
04-03 18:14:19.800  2486  2628 D PluginActionManager: queryPkg org.test.myapp com.android.systemui.action.PLUGIN_NOTIFICATION_MENU_ROW
04-03 18:14:19.800  2486  2628 D PluginActionManager: queryPkg org.test.myapp com.android.systemui.action.PLUGIN_NOTIFICATION_MENU_ROW
04-03 18:14:19.800  2486  2628 D PluginActionManager: queryPkg org.test.myapp com.android.systemui.action.PLUGIN_NOTIFICATION_MENU_ROW
04-03 18:14:19.800  2486  2628 D PluginActionManager: queryPkg org.test.myapp com.samsung.systemui.action.PLUGIN_FACE_WIDGET
04-03 18:14:19.800  2486  2628 D PluginActionManager: queryPkg org.test.myapp com.android.systemui.action.PLUGIN_NOTIFICATION_MENU_ROW
04-03 18:14:19.801  2486  2628 D PluginActionManager: queryPkg org.test.myapp com.android.systemui.action.PLUGIN_QS
04-03 18:14:19.801  2486  2628 D PluginActionManager: queryPkg org.test.myapp com.android.systemui.action.PLUGIN_NOTIFICATION_MENU_ROW
04-03 18:14:19.801  2486  2628 D PluginActionManager: queryPkg org.test.myapp com.android.systemui.action.PLUGIN_NOTIFICATION_MENU_ROW
04-03 18:14:19.801  2486  2628 D PluginActionManager: queryPkg org.test.myapp com.android.systemui.action.PLUGIN_NOTIFICATION_MENU_ROW
04-03 18:14:19.804 11991 11991 I SafetyLabelChangedBroadcastReceiver: received broadcast packageName: org.test.myapp, current user: UserHandle{0}, packageChangeEvent: UPDATE, intent user: UserHandle{0}
04-03 18:14:19.806  1806  1806 I Telecom : CarModeTracker: Package org.test.myapp is not tracked.: SSH.oR@Lrw
04-03 18:14:19.807  2486  2628 D PluginActionManager: queryPkg org.test.myapp com.android.systemui.action.PLUGIN_NOTIFICATION_MENU_ROW
04-03 18:14:19.807  2486  2628 D PluginActionManager: queryPkg org.test.myapp com.android.systemui.action.PLUGIN_NOTIFICATION_MENU_ROW
04-03 18:14:19.807  1806  2464 I Pageboost: remove app @ runtime : org.test.myapp
04-03 18:14:19.807  2486  2628 D PluginActionManager: queryPkg org.test.myapp com.android.systemui.action.PLUGIN_SENSOR_MANAGER
04-03 18:14:19.808  2486  2628 D PluginActionManager: queryPkg org.test.myapp com.android.systemui.action.PLUGIN_NOTIFICATION_MENU_ROW
04-03 18:14:19.808  2486  2628 D PluginActionManager: queryPkg org.test.myapp com.android.systemui.action.PLUGIN_TOAST
04-03 18:14:19.808  2486  2628 D PluginActionManager: queryPkg org.test.myapp com.android.systemui.action.PLUGIN_NOTIFICATION_MENU_ROW
04-03 18:14:19.808  2486  2628 D PluginActionManager: queryPkg org.test.myapp com.android.systemui.action.PLUGIN_NOTIFICATION_MENU_ROW
04-03 18:14:19.808  2486  2628 D PluginActionManager: queryPkg org.test.myapp com.android.systemui.action.PLUGIN_NOTIFICATION_MENU_ROW
04-03 18:14:19.808  2486  2628 D PluginActionManager: queryPkg org.test.myapp com.android.systemui.action.PLUGIN_NOTIFICATION_MENU_ROW
04-03 18:14:19.808  2486  2628 D PluginActionManager: queryPkg org.test.myapp com.android.systemui.action.PLUGIN_NOTIFICATION_ASSISTANT
04-03 18:14:19.808  2486  2628 D PluginActionManager: queryPkg org.test.myapp com.android.systemui.action.PLUGIN_CLOCK_PROVIDER
04-03 18:14:19.808  2486  2628 D PluginActionManager: queryPkg org.test.myapp com.android.systemui.action.PLUGIN_NOTIFICATION_MENU_ROW
04-03 18:14:19.823   711   711 I Finsky  : [2] sil.aiq(59): IQ: onPackageRemoved org.test.myapp, replacing=true, uninstallingFromPlay=false
04-03 18:14:19.830  2463  2463 I VvmPkgInstalledRcvr:  NOT contains : org.test.myapp
04-03 18:14:19.846  1806  1806 D SGM:GameManager: identifyGamePackage. org.test.myapp, mCurrentUserId: 0, callerUserId: 0, callingMethodInfo: com.samsung.android.game.SemGameManager.isGamePackage(SemGameManager.java:104)
04-03 18:14:19.846  1806  1806 D SGM:PkgDataHelper: getGamePkgData(). org.test.myapp
04-03 18:14:19.846  1806  1806 D SGM:SemGameManager: isGamePackage(), pkgName=org.test.myapp, ret=false
04-03 18:14:19.848  1806  2340 D SGM:GameManager: identifyGamePackage. org.test.myapp, mCurrentUserId: 0, callerUserId: 0, callingMethodInfo: com.samsung.android.game.SemGameManager.isGamePackage(SemGameManager.java:104)
04-03 18:14:19.848  1806  2340 D SGM:PkgDataHelper: getGamePkgData(). org.test.myapp
04-03 18:14:19.848  1806  2340 D SGM:SemGameManager: isGamePackage(), pkgName=org.test.myapp, ret=false
04-03 18:14:19.869  1806  1806 I Telecom:SamsungOpenCommunicationPlatformPolicyPackageBroadcastReceiver: action : android.intent.action.PACKAGE_ADDED / packageName : org.test.myapp
04-03 18:14:19.878  1806  1841 I ChimeraSystemEventListener: appLaunchIntent package name is: org.test.myapp
04-03 18:14:19.879  1806  2464 D SGM:GameManager: identifyGamePackage. org.test.myapp, mCurrentUserId: 0, callerUserId: 0, callingMethodInfo: com.samsung.android.game.SemGameManager.isGamePackage(SemGameManager.java:104)
04-03 18:14:19.879  1806  2464 D SGM:PkgDataHelper: getGamePkgData(). org.test.myapp
04-03 18:14:19.879  1806  2464 D SGM:SemGameManager: isGamePackage(), pkgName=org.test.myapp, ret=false
04-03 18:14:19.879  1806  2464 I Pageboost: appinfo : org.test.myapp 0 0 0 0
04-03 18:14:19.880  1806  2464 D SGM:GameManager: identifyGamePackage. org.test.myapp, mCurrentUserId: 0, callerUserId: 0, callingMethodInfo: com.samsung.android.game.SemGameManager.isGamePackage(SemGameManager.java:104)
04-03 18:14:19.880  1806  2464 D SGM:PkgDataHelper: getGamePkgData(). org.test.myapp
04-03 18:14:19.880  1806  2464 D SGM:SemGameManager: isGamePackage(), pkgName=org.test.myapp, ret=false
04-03 18:14:19.880  1806  2464 I Pageboost: Reset this app info : org.test.myapp 
04-03 18:14:19.891   711   711 I Finsky  : [2] kqc.f(7): AIM: AppInfoCacheUpdater -> invalidating apps: [org.test.myapp]
04-03 18:14:19.892  1806  4824 V WindowManager: Collecting in transition 1052: ActivityRecord{ed1ba5 u0 org.test.myapp/org.kivy.android.PythonActivity, caller=com.android.server.wm.TransitionController.collect:866 com.android.server.wm.ActivityStarter.startActivityUnchecked:2249 com.android.server.wm.ActivityStarter.executeRequest:1839 com.android.server.wm.ActivityStarter.execute:1000 com.android.server.wm.ActivityTaskManagerService.startActivityAsUser:1953 
04-03 18:14:19.892  1806  4824 D ActivityTaskManager: TaskLaunchParamsModifier:task=null activity=ActivityRecord{ed1ba5 u0 org.test.myapp/org.kivy.android.PythonActivity t-1} display-id=0 task-display-area-windowing-mode=1 suggested-display-area=DefaultTaskDisplayArea@223763584
04-03 18:14:19.892  1806  4824 D [secipm]: mSecIpmManager Preload org.test.myapp dex files
04-03 18:14:19.895  1806  4824 D ActivityTaskManager: TaskLaunchParamsModifier:task=null activity=ActivityRecord{ed1ba5 u0 org.test.myapp/org.kivy.android.PythonActivity t-1} display-id=0 task-display-area-windowing-mode=1 suggested-display-area=DefaultTaskDisplayArea@223763584 non-freeform-task-display-area display-area=DefaultTaskDisplayArea@223763584 activity-requested-portrait freeform-size-mismatch=Rect(81, 555 - 999, 1725)
04-03 18:14:19.900 18561 13319 I ProximityAuth: [RecentAppsMediator] Package added: (user=UserHandle{0}) org.test.myapp
04-03 18:14:19.907  1806  4824 D ActivityTaskManager: TaskLaunchParamsModifier:task=Task{36e6c34 #119 type=standard A=10408:org.test.myapp} activity=ActivityRecord{ed1ba5 u0 org.test.myapp/org.kivy.android.PythonActivity t-1} display-from-task=0 display-id=0 task-display-area-windowing-mode=1 suggested-display-area=DefaultTaskDisplayArea@223763584 inherit-from-task=fullscreen non-freeform-task-display-area display-area=DefaultTaskDisplayArea@223763584 activity-requested-portrait freeform-size-mismatch=Rect(81, 555 - 999, 1725)
04-03 18:14:19.908  1806  4824 V WindowManager: Collecting in transition 1052: Task{36e6c34 #119 type=standard A=10408:org.test.myapp}, caller=com.android.server.wm.Transition.collectExistenceChange:886 com.android.server.wm.TransitionController.collectExistenceChange:908 com.android.server.wm.ActivityStarter.setNewTask:4516 com.android.server.wm.ActivityStarter.startActivityInner:2783 com.android.server.wm.ActivityStarter.startActivityUnchecked:2252 
04-03 18:14:19.909  1298  2108 E BufferQueueDebug: [ActivityRecord{ed1ba5 u0 org.test.myapp/org.kivy.android.PythonActivity t119}#16324](this:0xb4000071fe844d30,id:-1,api:0,p:-1,c:-1) id info cannot be read from 'ActivityRecord{ed1ba5 u0 org.test.myapp/org.kivy.android.PythonActivity t119}#16324'
04-03 18:14:19.910  1298  2108 I BufferQueueDebug: [ActivityRecord{ed1ba5 u0 org.test.myapp/org.kivy.android.PythonActivity t119}#16324](this:0xb4000071fe844d30,id:-1,api:0,p:-1,c:-1) BufferQueue core=(1298:/system/bin/surfaceflinger)
04-03 18:14:19.910  1298  2108 I SurfaceFlinger: id=16324 createSurf, flag=84004, ActivityRecord{ed1ba5 u0 org.test.myapp/org.kivy.android.PythonActivity t119}#16324
04-03 18:14:19.911   711   953 I Finsky  : [209] krx.a(47): AIM: AppInfoManager-Perf > OnDeviceAppInfo > cacheHitCount=0, cacheMissCount=1. Missed  in cache (limit 10) : [org.test.myapp]
04-03 18:14:19.921  1806  4824 D ActivityTaskManager: Add starting ActivityRecord{ed1ba5 u0 org.test.myapp/org.kivy.android.PythonActivity t119}: typeParam=11 startingData=com.android.server.wm.SplashScreenStartingData@755085
04-03 18:14:19.921  1806  4824 V WindowManager: Added starting ActivityRecord{ed1ba5 u0 org.test.myapp/org.kivy.android.PythonActivity t119}: startingWindow=null startingView=com.android.server.wm.StartingSurfaceController$StartingSurface@c59feda
04-03 18:14:19.929  1806  2464 I Pageboost: db create : CREATE TABLE IF NOT EXISTS orgtestmyapp (FILENAME TEXT, OFFSET INTEGER, SIZE INTEGER, FORVRAMDISK INTEGER, BITMAP BLOB, unique (FILENAME, OFFSET) );
04-03 18:14:19.930  1806  4824 V WindowManager: Collecting in transition 1052: ActivityRecord{ed1ba5 u0 org.test.myapp/org.kivy.android.PythonActivity t119}, caller=com.android.server.wm.Transition.collectExistenceChange:886 com.android.server.wm.TransitionController.collectExistenceChange:908 com.android.server.wm.ActivityStarter.handleStartResult:2423 com.android.server.wm.ActivityStarter.startActivityUnchecked:2257 com.android.server.wm.ActivityStarter.executeRequest:1839 
04-03 18:14:19.931  1806  4824 I ActivityTaskManager: START u0 {act=org.kivy.android.PythonActivity flg=0x10000000 cmp=org.test.myapp/org.kivy.android.PythonActivity} with LAUNCH_SINGLE_TASK from uid 2000 (BAL_ALLOW_PERMISSION) result code=0
04-03 18:14:19.934  2486  2558 V WindowManagerShell: Transition requested: android.os.BinderProxy@b4133c2 TransitionRequestInfo { type = OPEN, triggerTask = TaskInfo{userId=0 taskId=119 displayId=0 isRunning=true baseIntent=Intent { act=org.kivy.android.PythonActivity flg=0x10000000 cmp=org.test.myapp/org.kivy.android.PythonActivity } baseActivity=ComponentInfo{org.test.myapp/org.kivy.android.PythonActivity} topActivity=ComponentInfo{org.test.myapp/org.kivy.android.PythonActivity} origActivity=null realActivity=ComponentInfo{org.test.myapp/org.kivy.android.PythonActivity} numActivities=1 lastActiveTime=433142139 supportsMultiWindow=true resizeMode=1 isResizeable=true minWidth=-1 minHeight=-1 maxWidth=-1 maxHeight=-1 defaultMinSize=220 token=WCT{android.window.IWindowContainerToken$Stub$Proxy@29455d3} topActivityType=1 pictureInPictureParams=null shouldDockBigOverlays=false launchIntoPipHostTaskId=-1 lastParentTaskIdBeforePip=-1 displayCutoutSafeInsets=Rect(0, 75 - 0, 0) topActivityInfo=ActivityInfo{f810510 org.kivy.android.PythonActivity} launchCookies=[] positionInParent=Point(0, 0) parentTaskId=-1 isFocused=false isVisible=false isVisibleRequested=false isSleeping=false topActivityInSizeCompat=false topActivityEligibleForLetterboxEducation= false topActivityLetterboxed= false isFromDoubleTap= false topActivityLetterboxVerticalPosition= -1 topActivityLetterboxHorizontalPosition= -1 topActivityLetterboxWidth=-1 topActivityLetterboxHeight=-1 locusId=null displayAreaFeatureId=1 cameraCompatControlState=hidden originallySupportedMultiWindow=true hasWallpaper=false topActivityInFixedAspectRatio=false rootAffinity=10408:org.test.myapp topActivityInDisplayCompat=false topActivityInBoundsCompat=false topActivityBounds=null singleTapFromLetterbox=false isTopTaskInStage=false topActivityUiMode=33 CoverLauncherWidgetTask=false CoverScreenTask=false isAllowedSeamlessRotation=false}, remoteTransition = null, displayChange = null }
